

================================================================
== Vivado HLS Report for 'BlackScholes_rand_uint32'
================================================================
* Date:           Tue Dec  9 15:56:07 2014

* Version:        2014.2 (Build 932637 on Wed Jun 11 12:38:34 PM 2014)
* Project:        hls.prj
* Solution:       solution1
* Product family: zynq zynq_fpv6 
* Target device:  xc7z020clg484-1


================================================================
== Performance Estimates
================================================================
+ Timing (ns): 
    * Summary: 
    +---------+-------+----------+------------+
    |  Clock  | Target| Estimated| Uncertainty|
    +---------+-------+----------+------------+
    |default  |  10.00|      6.85|        1.25|
    +---------+-------+----------+------------+

+ Latency (clock cycles): 
    * Summary: 
    +-----+-----+-----+-----+----------+
    |  Latency  |  Interval | Pipeline |
    | min | max | min | max |   Type   |
    +-----+-----+-----+-----+----------+
    |    2|    2|    1|    1| function |
    +-----+-----+-----+-----+----------+

    + Detail: 
        * Instance: 
        N/A

        * Loop: 
        N/A



================================================================
== Utilization Estimates
================================================================
* Summary: 
+-----------------+---------+-------+--------+-------+
|       Name      | BRAM_18K| DSP48E|   FF   |  LUT  |
+-----------------+---------+-------+--------+-------+
|Expression       |        -|      -|       -|      -|
|FIFO             |        -|      -|       -|      -|
|Instance         |        -|      -|       -|      -|
|Memory           |        -|      -|       -|      -|
|Multiplexer      |        -|      -|       -|      -|
|Register         |        -|      -|       -|      -|
+-----------------+---------+-------+--------+-------+
|Total            |        0|      0|       0|      0|
+-----------------+---------+-------+--------+-------+
|Available        |      280|    220|  106400|  53200|
+-----------------+---------+-------+--------+-------+
|Utilization (%)  |        0|      0|       0|      0|
+-----------------+---------+-------+--------+-------+

+ Detail: 
    * Instance: 
    N/A

    * Memory: 
    N/A

    * FIFO: 
    N/A

    * Expression: 
    N/A

    * Multiplexer: 
    N/A

    * Register: 
    N/A



================================================================
== Interface
================================================================
* Summary: 
N/A

============================================================
+ Verbose Summary: Synthesis Manager
============================================================
InlineROM: 1
ExposeGlobal: 0
============================================================
+ Verbose Summary: CDFG Model
============================================================
IsTopModel: 0
ResetActiveHigh: 1
IsCombinational: 0
IsDatapathOnly: 0
HasWiredReturn: 1
HasMFsm: 2
HasVarLatency: 0
IsPipeline: 1
IsRtlPipelined: 1
IsInstanceOverlapped: 0
IsDontTouch: 0
HasImplIP: 0
IsGatedGlobalClock: 0

+ Individual pipeline summary: 
  * Pipeline-0: initiation interval (II) = 1, depth = 3


============================================================
+ Verbose Summary: Schedule
============================================================
* Number of FSM states: 3
* Pipeline: 1
  Pipeline-0: II = 1, D = 3, States = { 1 2 3 }
* Dataflow Pipeline: 0

* FSM state transitions: 
1 --> 
	2  / true
2 --> 
	3  / true
3 --> 
* FSM state operations: 

 <State 1>: 5.61ns
ST_1: kk_load [1/1] 0.00ns
:1  %kk_load = load i16* @kk, align 2

ST_1: tmp [1/1] 0.00ns
:2  %tmp = zext i16 %kk_load to i64

ST_1: mt_kk_addr [1/1] 0.00ns
:3  %mt_kk_addr = getelementptr inbounds [624 x i64]* @mt_kk, i64 0, i64 %tmp

ST_1: mt_kk_load [2/2] 2.39ns
:4  %mt_kk_load = load i64* %mt_kk_addr, align 8

ST_1: kk_p1_load [1/1] 0.00ns
:6  %kk_p1_load = load i16* @kk_p1, align 2

ST_1: tmp_5 [1/1] 0.00ns
:7  %tmp_5 = zext i16 %kk_p1_load to i64

ST_1: mt_kkp1_addr [1/1] 0.00ns
:8  %mt_kkp1_addr = getelementptr inbounds [624 x i64]* @mt_kkp1, i64 0, i64 %tmp_5

ST_1: mt_kkp1_load [2/2] 2.39ns
:9  %mt_kkp1_load = load i64* %mt_kkp1_addr, align 8

ST_1: kk_pm_load [1/1] 0.00ns
:12  %kk_pm_load = load i16* @kk_pm, align 2

ST_1: tmp_9 [1/1] 0.00ns
:13  %tmp_9 = zext i16 %kk_pm_load to i64

ST_1: mt_kkpm_addr [1/1] 0.00ns
:14  %mt_kkpm_addr = getelementptr inbounds [624 x i64]* @mt_kkpm, i64 0, i64 %tmp_9

ST_1: mt_kkpm_load [2/2] 2.39ns
:15  %mt_kkpm_load = load i64* %mt_kkpm_addr, align 8

ST_1: a_assign [1/1] 1.96ns
:48  %a_assign = add i16 %kk_load, 1

ST_1: tmp_i [1/1] 2.28ns
:49  %tmp_i = icmp ugt i16 %a_assign, 623

ST_1: tmp_1_i [1/1] 1.96ns
:50  %tmp_1_i = add i16 %kk_load, -623

ST_1: a_assign_1 [1/1] 1.37ns
:51  %a_assign_1 = select i1 %tmp_i, i16 %tmp_1_i, i16 %a_assign

ST_1: stg_20 [1/1] 0.00ns
:52  store i16 %a_assign_1, i16* @kk, align 2

ST_1: a_assign_2 [1/1] 1.96ns
:53  %a_assign_2 = add i16 %kk_p1_load, 1

ST_1: tmp_i1 [1/1] 2.28ns
:54  %tmp_i1 = icmp ugt i16 %a_assign_2, 623

ST_1: tmp_2_i [1/1] 1.96ns
:55  %tmp_2_i = add i16 %kk_p1_load, -623

ST_1: a_assign_3 [1/1] 1.37ns
:56  %a_assign_3 = select i1 %tmp_i1, i16 %tmp_2_i, i16 %a_assign_2

ST_1: stg_25 [1/1] 0.00ns
:57  store i16 %a_assign_3, i16* @kk_p1, align 2

ST_1: a_assign_4 [1/1] 1.96ns
:58  %a_assign_4 = add i16 %kk_pm_load, 1

ST_1: tmp_i3 [1/1] 2.28ns
:59  %tmp_i3 = icmp ugt i16 %a_assign_4, 623

ST_1: tmp_3_i [1/1] 1.96ns
:60  %tmp_3_i = add i16 %kk_pm_load, -623

ST_1: a_assign_5 [1/1] 1.37ns
:61  %a_assign_5 = select i1 %tmp_i3, i16 %tmp_3_i, i16 %a_assign_4

ST_1: stg_30 [1/1] 0.00ns
:62  store i16 %a_assign_5, i16* @kk_pm, align 2


 <State 2>: 5.13ns
ST_2: mt_kk_load [1/2] 2.39ns
:4  %mt_kk_load = load i64* %mt_kk_addr, align 8

ST_2: tmp_1 [1/1] 0.00ns
:5  %tmp_1 = call i1 @_ssdm_op_BitSelect.i1.i64.i32(i64 %mt_kk_load, i32 31)

ST_2: mt_kkp1_load [1/2] 2.39ns
:9  %mt_kkp1_load = load i64* %mt_kkp1_addr, align 8

ST_2: tmp_7 [1/1] 0.00ns
:10  %tmp_7 = trunc i64 %mt_kkp1_load to i1

ST_2: mag01_cast_cast [1/1] 1.37ns
:11  %mag01_cast_cast = select i1 %tmp_7, i64 2567483615, i64 0

ST_2: mt_kkpm_load [1/2] 2.39ns
:15  %mt_kkpm_load = load i64* %mt_kkpm_addr, align 8

ST_2: tmp_3 [1/1] 0.00ns
:16  %tmp_3 = call i30 @_ssdm_op_PartSelect.i30.i64.i32.i32(i64 %mt_kkp1_load, i32 1, i32 30)

ST_2: tmp1 [1/1] 1.37ns
:19  %tmp1 = xor i64 %mag01_cast_cast, %mt_kkpm_load


 <State 3>: 6.85ns
ST_3: stg_39 [1/1] 0.00ns
:0  call void (...)* @_ssdm_op_SpecPipeline(i32 1, i32 1, i32 1, i32 0, [1 x i8]* @p_str1) nounwind

ST_3: tmp_s [1/1] 0.00ns
:17  %tmp_s = call i31 @_ssdm_op_BitConcatenate.i31.i1.i30(i1 %tmp_1, i30 %tmp_3)

ST_3: tmp_cast [1/1] 0.00ns
:18  %tmp_cast = zext i31 %tmp_s to i64

ST_3: mt_kk_new [1/1] 1.37ns
:20  %mt_kk_new = xor i64 %tmp1, %tmp_cast

ST_3: stg_43 [1/1] 2.39ns
:21  store i64 %mt_kk_new, i64* %mt_kk_addr, align 8

ST_3: stg_44 [1/1] 2.39ns
:22  store i64 %mt_kk_new, i64* %mt_kkp1_addr, align 8

ST_3: stg_45 [1/1] 2.39ns
:23  store i64 %mt_kk_new, i64* %mt_kkpm_addr, align 8

ST_3: tmp_2 [1/1] 0.00ns
:24  %tmp_2 = call i53 @_ssdm_op_PartSelect.i53.i64.i32.i32(i64 %mt_kk_new, i32 11, i32 63)

ST_3: tmp_4 [1/1] 0.00ns
:25  %tmp_4 = zext i53 %tmp_2 to i64

ST_3: y_1 [1/1] 1.37ns
:26  %y_1 = xor i64 %tmp_4, %mt_kk_new

ST_3: tmp_12 [1/1] 0.00ns
:27  %tmp_12 = call i1 @_ssdm_op_BitSelect.i1.i64.i32(i64 %y_1, i32 24)

ST_3: tmp_11 [1/1] 0.00ns
:28  %tmp_11 = call i3 @_ssdm_op_PartSelect.i3.i64.i32.i32(i64 %y_1, i32 19, i32 21)

ST_3: tmp_13 [1/1] 0.00ns
:29  %tmp_13 = call i1 @_ssdm_op_BitSelect.i1.i64.i32(i64 %y_1, i32 17)

ST_3: tmp_15 [1/1] 0.00ns
:30  %tmp_15 = call i1 @_ssdm_op_BitSelect.i1.i64.i32(i64 %y_1, i32 14)

ST_3: tmp_14 [1/1] 0.00ns
:31  %tmp_14 = call i2 @_ssdm_op_PartSelect.i2.i64.i32.i32(i64 %y_1, i32 11, i32 12)

ST_3: tmp_16 [1/1] 0.00ns
:32  %tmp_16 = call i1 @_ssdm_op_BitSelect.i1.i64.i32(i64 %y_1, i32 7)

ST_3: tmp_18 [1/1] 0.00ns
:33  %tmp_18 = call i1 @_ssdm_op_BitSelect.i1.i64.i32(i64 %y_1, i32 5)

ST_3: tmp_17 [1/1] 0.00ns
:34  %tmp_17 = call i2 @_ssdm_op_PartSelect.i2.i64.i32.i32(i64 %y_1, i32 2, i32 3)

ST_3: tmp_23 [1/1] 0.00ns
:35  %tmp_23 = trunc i64 %y_1 to i1

ST_3: tmp_6 [1/1] 0.00ns
:36  %tmp_6 = call i32 @_ssdm_op_BitConcatenate.i32.i1.i2.i3.i1.i1.i2.i1.i1.i2.i3.i1.i1.i1.i1.i2.i1.i1.i7(i1 %tmp_12, i2 0, i3 %tmp_11, i1 false, i1 %tmp_13, i2 0, i1 %tmp_15, i1 false, i2 %tmp_14, i3 0, i1 %tmp_16, i1 false, i1 %tmp_18, i1 false, i2 %tmp_17, i1 false, i1 %tmp_23, i7 0)

ST_3: tmp_10_cast [1/1] 0.00ns
:37  %tmp_10_cast = zext i32 %tmp_6 to i64

ST_3: y_2 [1/1] 1.37ns
:38  %y_2 = xor i64 %tmp_10_cast, %y_1

ST_3: tmp_19 [1/1] 0.00ns
:39  %tmp_19 = call i3 @_ssdm_op_PartSelect.i3.i64.i32.i32(i64 %y_2, i32 14, i32 16)

ST_3: tmp_20 [1/1] 0.00ns
:40  %tmp_20 = call i6 @_ssdm_op_PartSelect.i6.i64.i32.i32(i64 %y_2, i32 7, i32 12)

ST_3: tmp_21 [1/1] 0.00ns
:41  %tmp_21 = call i2 @_ssdm_op_PartSelect.i2.i64.i32.i32(i64 %y_2, i32 2, i32 3)

ST_3: tmp_8 [1/1] 0.00ns
:42  %tmp_8 = call i32 @_ssdm_op_BitConcatenate.i32.i3.i1.i6.i3.i2.i17(i3 %tmp_19, i1 false, i6 %tmp_20, i3 0, i2 %tmp_21, i17 0)

ST_3: tmp_12_cast [1/1] 0.00ns
:43  %tmp_12_cast = zext i32 %tmp_8 to i64

ST_3: y_3 [1/1] 1.37ns
:44  %y_3 = xor i64 %tmp_12_cast, %y_2

ST_3: tmp_10 [1/1] 0.00ns
:45  %tmp_10 = call i46 @_ssdm_op_PartSelect.i46.i64.i32.i32(i64 %y_3, i32 18, i32 63)

ST_3: tmp_22 [1/1] 0.00ns
:46  %tmp_22 = zext i46 %tmp_10 to i64

ST_3: y_4 [1/1] 1.37ns
:47  %y_4 = xor i64 %tmp_22, %y_3

ST_3: stg_70 [1/1] 0.00ns
:63  ret i64 %y_4



============================================================
+ Verbose Summary: Binding
============================================================
STG Binding: 
---------------- STG Properties BEGIN ----------------
- Is combinational: 0
- Is one-state seq: 0
- Is datapath-only: 0
- Is clock enabled: 1
- Is pipelined: 1
- Is top level: 0
Port [ Return ] is wired: 1; IO mode=ap_ctrl_hs:ce=0
Port [ kk]:  wired=0; compound=0; hidden=1; nouse=0; global=1; static=0; extern=0; dir=2; type=0; mode=0x261f4210; pingpong=0; private_global=1; linkage=0; visibility=0; IO mode=ap_ovld:ce=0
Port [ mt_kk]:  wired=0; compound=1; hidden=1; nouse=0; global=1; static=1; extern=0; dir=2; type=1; mode=0x2e3530c0; pingpong=0; private_global=1; linkage=7; visibility=0; MemPort=[10]; IO mode=ap_memory:ce=0
Port [ kk_p1]:  wired=0; compound=0; hidden=1; nouse=0; global=1; static=0; extern=0; dir=2; type=0; mode=0x275d2430; pingpong=0; private_global=1; linkage=0; visibility=0; IO mode=ap_ovld:ce=0
Port [ mt_kkp1]:  wired=0; compound=1; hidden=1; nouse=0; global=1; static=1; extern=0; dir=2; type=1; mode=0x2d2b2fb0; pingpong=0; private_global=1; linkage=7; visibility=0; MemPort=[10]; IO mode=ap_memory:ce=0
Port [ kk_pm]:  wired=0; compound=0; hidden=1; nouse=0; global=1; static=0; extern=0; dir=2; type=0; mode=0x2dc1b170; pingpong=0; private_global=1; linkage=0; visibility=0; IO mode=ap_ovld:ce=0
Port [ mt_kkpm]:  wired=0; compound=1; hidden=1; nouse=0; global=1; static=1; extern=0; dir=2; type=1; mode=0x2e7041f0; pingpong=0; private_global=1; linkage=7; visibility=0; MemPort=[10]; IO mode=ap_memory:ce=0
---------------- STG Properties END ------------------

---------------- Datapath Model BEGIN ----------------

<LifeTime>
<method=bitvector/>
kk_load         (load          ) [ 0000]
tmp             (zext          ) [ 0000]
mt_kk_addr      (getelementptr ) [ 0111]
kk_p1_load      (load          ) [ 0000]
tmp_5           (zext          ) [ 0000]
mt_kkp1_addr    (getelementptr ) [ 0111]
kk_pm_load      (load          ) [ 0000]
tmp_9           (zext          ) [ 0000]
mt_kkpm_addr    (getelementptr ) [ 0111]
a_assign        (add           ) [ 0000]
tmp_i           (icmp          ) [ 0000]
tmp_1_i         (add           ) [ 0000]
a_assign_1      (select        ) [ 0000]
stg_20          (store         ) [ 0000]
a_assign_2      (add           ) [ 0000]
tmp_i1          (icmp          ) [ 0000]
tmp_2_i         (add           ) [ 0000]
a_assign_3      (select        ) [ 0000]
stg_25          (store         ) [ 0000]
a_assign_4      (add           ) [ 0000]
tmp_i3          (icmp          ) [ 0000]
tmp_3_i         (add           ) [ 0000]
a_assign_5      (select        ) [ 0000]
stg_30          (store         ) [ 0000]
mt_kk_load      (load          ) [ 0000]
tmp_1           (bitselect     ) [ 0101]
mt_kkp1_load    (load          ) [ 0000]
tmp_7           (trunc         ) [ 0000]
mag01_cast_cast (select        ) [ 0000]
mt_kkpm_load    (load          ) [ 0000]
tmp_3           (partselect    ) [ 0101]
tmp1            (xor           ) [ 0101]
stg_39          (specpipeline  ) [ 0000]
tmp_s           (bitconcatenate) [ 0000]
tmp_cast        (zext          ) [ 0000]
mt_kk_new       (xor           ) [ 0000]
stg_43          (store         ) [ 0000]
stg_44          (store         ) [ 0000]
stg_45          (store         ) [ 0000]
tmp_2           (partselect    ) [ 0000]
tmp_4           (zext          ) [ 0000]
y_1             (xor           ) [ 0000]
tmp_12          (bitselect     ) [ 0000]
tmp_11          (partselect    ) [ 0000]
tmp_13          (bitselect     ) [ 0000]
tmp_15          (bitselect     ) [ 0000]
tmp_14          (partselect    ) [ 0000]
tmp_16          (bitselect     ) [ 0000]
tmp_18          (bitselect     ) [ 0000]
tmp_17          (partselect    ) [ 0000]
tmp_23          (trunc         ) [ 0000]
tmp_6           (bitconcatenate) [ 0000]
tmp_10_cast     (zext          ) [ 0000]
y_2             (xor           ) [ 0000]
tmp_19          (partselect    ) [ 0000]
tmp_20          (partselect    ) [ 0000]
tmp_21          (partselect    ) [ 0000]
tmp_8           (bitconcatenate) [ 0000]
tmp_12_cast     (zext          ) [ 0000]
y_3             (xor           ) [ 0000]
tmp_10          (partselect    ) [ 0000]
tmp_22          (zext          ) [ 0000]
y_4             (xor           ) [ 0000]
stg_70          (ret           ) [ 0000]
</LifeTime>

<model>

<comp_list>
<comp id="0" class="1000" name="kk">
<pin_list>
<pin id="1" dir="1" index="0" bw="1" slack="0"/>
</pin_list>
<bind>
<StgValue><ssdm name="kk"/></StgValue>
</bind>
</comp>

<comp id="2" class="1000" name="mt_kk">
<pin_list>
<pin id="3" dir="1" index="0" bw="1" slack="0"/>
</pin_list>
<bind>
<StgValue><ssdm name="mt_kk"/><MemPortTyVec>1 0 </MemPortTyVec>
</StgValue>
</bind>
</comp>

<comp id="4" class="1000" name="kk_p1">
<pin_list>
<pin id="5" dir="1" index="0" bw="1" slack="0"/>
</pin_list>
<bind>
<StgValue><ssdm name="kk_p1"/></StgValue>
</bind>
</comp>

<comp id="6" class="1000" name="mt_kkp1">
<pin_list>
<pin id="7" dir="1" index="0" bw="1" slack="0"/>
</pin_list>
<bind>
<StgValue><ssdm name="mt_kkp1"/><MemPortTyVec>1 0 </MemPortTyVec>
</StgValue>
</bind>
</comp>

<comp id="8" class="1000" name="kk_pm">
<pin_list>
<pin id="9" dir="1" index="0" bw="1" slack="0"/>
</pin_list>
<bind>
<StgValue><ssdm name="kk_pm"/></StgValue>
</bind>
</comp>

<comp id="10" class="1000" name="mt_kkpm">
<pin_list>
<pin id="11" dir="1" index="0" bw="1" slack="0"/>
</pin_list>
<bind>
<StgValue><ssdm name="mt_kkpm"/><MemPortTyVec>1 0 </MemPortTyVec>
</StgValue>
</bind>
</comp>

<comp id="12" class="1001" name="const_12">
<pin_list>
<pin id="13" dir="1" index="0" bw="1" slack="0"/>
</pin_list>
<bind>
<StgValue><ssdm name=""/></StgValue>
</bind>
</comp>

<comp id="14" class="1001" name="const_14">
<pin_list>
<pin id="15" dir="1" index="0" bw="1" slack="0"/>
</pin_list>
<bind>
<StgValue><ssdm name=""/></StgValue>
</bind>
</comp>

<comp id="16" class="1001" name="const_16">
<pin_list>
<pin id="17" dir="1" index="0" bw="1" slack="0"/>
</pin_list>
<bind>
<StgValue><ssdm name=""/></StgValue>
</bind>
</comp>

<comp id="18" class="1001" name="const_18">
<pin_list>
<pin id="19" dir="1" index="0" bw="1" slack="0"/>
</pin_list>
<bind>
<StgValue><ssdm name=""/></StgValue>
</bind>
</comp>

<comp id="20" class="1001" name="const_20">
<pin_list>
<pin id="21" dir="1" index="0" bw="1" slack="0"/>
</pin_list>
<bind>
<StgValue><ssdm name="_ssdm_op_BitSelect.i1.i64.i32"/></StgValue>
</bind>
</comp>

<comp id="22" class="1001" name="const_22">
<pin_list>
<pin id="23" dir="1" index="0" bw="1" slack="0"/>
</pin_list>
<bind>
<StgValue><ssdm name=""/></StgValue>
</bind>
</comp>

<comp id="24" class="1001" name="const_24">
<pin_list>
<pin id="25" dir="1" index="0" bw="1" slack="0"/>
</pin_list>
<bind>
<StgValue><ssdm name=""/></StgValue>
</bind>
</comp>

<comp id="26" class="1001" name="const_26">
<pin_list>
<pin id="27" dir="1" index="0" bw="1" slack="0"/>
</pin_list>
<bind>
<StgValue><ssdm name="_ssdm_op_PartSelect.i30.i64.i32.i32"/></StgValue>
</bind>
</comp>

<comp id="28" class="1001" name="const_28">
<pin_list>
<pin id="29" dir="1" index="0" bw="1" slack="0"/>
</pin_list>
<bind>
<StgValue><ssdm name=""/></StgValue>
</bind>
</comp>

<comp id="30" class="1001" name="const_30">
<pin_list>
<pin id="31" dir="1" index="0" bw="1" slack="0"/>
</pin_list>
<bind>
<StgValue><ssdm name=""/></StgValue>
</bind>
</comp>

<comp id="32" class="1001" name="const_32">
<pin_list>
<pin id="33" dir="1" index="0" bw="1" slack="2147483647"/>
</pin_list>
<bind>
<StgValue><ssdm name="_ssdm_op_SpecPipeline"/></StgValue>
</bind>
</comp>

<comp id="34" class="1001" name="const_34">
<pin_list>
<pin id="35" dir="1" index="0" bw="1" slack="2147483647"/>
</pin_list>
<bind>
<StgValue><ssdm name=""/></StgValue>
</bind>
</comp>

<comp id="36" class="1001" name="const_36">
<pin_list>
<pin id="37" dir="1" index="0" bw="1" slack="2147483647"/>
</pin_list>
<bind>
<StgValue><ssdm name="p_str1"/></StgValue>
</bind>
</comp>

<comp id="38" class="1001" name="const_38">
<pin_list>
<pin id="39" dir="1" index="0" bw="1" slack="0"/>
</pin_list>
<bind>
<StgValue><ssdm name="_ssdm_op_BitConcatenate.i31.i1.i30"/></StgValue>
</bind>
</comp>

<comp id="40" class="1001" name="const_40">
<pin_list>
<pin id="41" dir="1" index="0" bw="1" slack="0"/>
</pin_list>
<bind>
<StgValue><ssdm name="_ssdm_op_PartSelect.i53.i64.i32.i32"/></StgValue>
</bind>
</comp>

<comp id="42" class="1001" name="const_42">
<pin_list>
<pin id="43" dir="1" index="0" bw="1" slack="0"/>
</pin_list>
<bind>
<StgValue><ssdm name=""/></StgValue>
</bind>
</comp>

<comp id="44" class="1001" name="const_44">
<pin_list>
<pin id="45" dir="1" index="0" bw="1" slack="0"/>
</pin_list>
<bind>
<StgValue><ssdm name=""/></StgValue>
</bind>
</comp>

<comp id="46" class="1001" name="const_46">
<pin_list>
<pin id="47" dir="1" index="0" bw="1" slack="0"/>
</pin_list>
<bind>
<StgValue><ssdm name=""/></StgValue>
</bind>
</comp>

<comp id="48" class="1001" name="const_48">
<pin_list>
<pin id="49" dir="1" index="0" bw="1" slack="0"/>
</pin_list>
<bind>
<StgValue><ssdm name="_ssdm_op_PartSelect.i3.i64.i32.i32"/></StgValue>
</bind>
</comp>

<comp id="50" class="1001" name="const_50">
<pin_list>
<pin id="51" dir="1" index="0" bw="1" slack="0"/>
</pin_list>
<bind>
<StgValue><ssdm name=""/></StgValue>
</bind>
</comp>

<comp id="52" class="1001" name="const_52">
<pin_list>
<pin id="53" dir="1" index="0" bw="1" slack="0"/>
</pin_list>
<bind>
<StgValue><ssdm name=""/></StgValue>
</bind>
</comp>

<comp id="54" class="1001" name="const_54">
<pin_list>
<pin id="55" dir="1" index="0" bw="1" slack="0"/>
</pin_list>
<bind>
<StgValue><ssdm name=""/></StgValue>
</bind>
</comp>

<comp id="56" class="1001" name="const_56">
<pin_list>
<pin id="57" dir="1" index="0" bw="1" slack="0"/>
</pin_list>
<bind>
<StgValue><ssdm name=""/></StgValue>
</bind>
</comp>

<comp id="58" class="1001" name="const_58">
<pin_list>
<pin id="59" dir="1" index="0" bw="1" slack="0"/>
</pin_list>
<bind>
<StgValue><ssdm name="_ssdm_op_PartSelect.i2.i64.i32.i32"/></StgValue>
</bind>
</comp>

<comp id="60" class="1001" name="const_60">
<pin_list>
<pin id="61" dir="1" index="0" bw="1" slack="0"/>
</pin_list>
<bind>
<StgValue><ssdm name=""/></StgValue>
</bind>
</comp>

<comp id="62" class="1001" name="const_62">
<pin_list>
<pin id="63" dir="1" index="0" bw="1" slack="0"/>
</pin_list>
<bind>
<StgValue><ssdm name=""/></StgValue>
</bind>
</comp>

<comp id="64" class="1001" name="const_64">
<pin_list>
<pin id="65" dir="1" index="0" bw="1" slack="0"/>
</pin_list>
<bind>
<StgValue><ssdm name=""/></StgValue>
</bind>
</comp>

<comp id="66" class="1001" name="const_66">
<pin_list>
<pin id="67" dir="1" index="0" bw="1" slack="0"/>
</pin_list>
<bind>
<StgValue><ssdm name=""/></StgValue>
</bind>
</comp>

<comp id="68" class="1001" name="const_68">
<pin_list>
<pin id="69" dir="1" index="0" bw="1" slack="0"/>
</pin_list>
<bind>
<StgValue><ssdm name=""/></StgValue>
</bind>
</comp>

<comp id="70" class="1001" name="const_70">
<pin_list>
<pin id="71" dir="1" index="0" bw="1" slack="0"/>
</pin_list>
<bind>
<StgValue><ssdm name="_ssdm_op_BitConcatenate.i32.i1.i2.i3.i1.i1.i2.i1.i1.i2.i3.i1.i1.i1.i1.i2.i1.i1.i7"/></StgValue>
</bind>
</comp>

<comp id="72" class="1001" name="const_72">
<pin_list>
<pin id="73" dir="1" index="0" bw="1" slack="0"/>
</pin_list>
<bind>
<StgValue><ssdm name=""/></StgValue>
</bind>
</comp>

<comp id="74" class="1001" name="const_74">
<pin_list>
<pin id="75" dir="1" index="0" bw="1" slack="0"/>
</pin_list>
<bind>
<StgValue><ssdm name=""/></StgValue>
</bind>
</comp>

<comp id="76" class="1001" name="const_76">
<pin_list>
<pin id="77" dir="1" index="0" bw="1" slack="0"/>
</pin_list>
<bind>
<StgValue><ssdm name=""/></StgValue>
</bind>
</comp>

<comp id="78" class="1001" name="const_78">
<pin_list>
<pin id="79" dir="1" index="0" bw="1" slack="0"/>
</pin_list>
<bind>
<StgValue><ssdm name=""/></StgValue>
</bind>
</comp>

<comp id="80" class="1001" name="const_80">
<pin_list>
<pin id="81" dir="1" index="0" bw="1" slack="0"/>
</pin_list>
<bind>
<StgValue><ssdm name=""/></StgValue>
</bind>
</comp>

<comp id="82" class="1001" name="const_82">
<pin_list>
<pin id="83" dir="1" index="0" bw="1" slack="0"/>
</pin_list>
<bind>
<StgValue><ssdm name="_ssdm_op_PartSelect.i6.i64.i32.i32"/></StgValue>
</bind>
</comp>

<comp id="84" class="1001" name="const_84">
<pin_list>
<pin id="85" dir="1" index="0" bw="1" slack="0"/>
</pin_list>
<bind>
<StgValue><ssdm name="_ssdm_op_BitConcatenate.i32.i3.i1.i6.i3.i2.i17"/></StgValue>
</bind>
</comp>

<comp id="86" class="1001" name="const_86">
<pin_list>
<pin id="87" dir="1" index="0" bw="1" slack="0"/>
</pin_list>
<bind>
<StgValue><ssdm name=""/></StgValue>
</bind>
</comp>

<comp id="88" class="1001" name="const_88">
<pin_list>
<pin id="89" dir="1" index="0" bw="1" slack="0"/>
</pin_list>
<bind>
<StgValue><ssdm name="_ssdm_op_PartSelect.i46.i64.i32.i32"/></StgValue>
</bind>
</comp>

<comp id="90" class="1001" name="const_90">
<pin_list>
<pin id="91" dir="1" index="0" bw="1" slack="0"/>
</pin_list>
<bind>
<StgValue><ssdm name=""/></StgValue>
</bind>
</comp>

<comp id="92" class="1004" name="mt_kk_addr_gep_fu_92">
<pin_list>
<pin id="93" dir="0" index="0" bw="64" slack="0"/>
<pin id="94" dir="0" index="1" bw="1" slack="0"/>
<pin id="95" dir="0" index="2" bw="16" slack="0"/>
<pin id="96" dir="1" index="3" bw="10" slack="0"/>
</pin_list>
<bind>
<opcode="getelementptr(29) " fcode="getelementptr"/>
<opset="mt_kk_addr/1 "/>
</bind>
</comp>

<comp id="99" class="1004" name="grp_access_fu_99">
<pin_list>
<pin id="100" dir="0" index="0" bw="10" slack="0"/>
<pin id="101" dir="0" index="1" bw="64" slack="2147483647"/>
<pin id="128" dir="0" index="3" bw="10" slack="2"/>
<pin id="129" dir="0" index="4" bw="64" slack="0"/>
<pin id="102" dir="1" index="2" bw="64" slack="0"/>
<pin id="130" dir="1" index="5" bw="64" slack="2147483647"/>
</pin_list>
<bind>
<opcode="load(27) store(28) " fcode="store"/>
<opset="mt_kk_load/1 stg_43/3 "/>
</bind>
</comp>

<comp id="104" class="1004" name="mt_kkp1_addr_gep_fu_104">
<pin_list>
<pin id="105" dir="0" index="0" bw="64" slack="0"/>
<pin id="106" dir="0" index="1" bw="1" slack="0"/>
<pin id="107" dir="0" index="2" bw="16" slack="0"/>
<pin id="108" dir="1" index="3" bw="10" slack="0"/>
</pin_list>
<bind>
<opcode="getelementptr(29) " fcode="getelementptr"/>
<opset="mt_kkp1_addr/1 "/>
</bind>
</comp>

<comp id="111" class="1004" name="grp_access_fu_111">
<pin_list>
<pin id="112" dir="0" index="0" bw="10" slack="0"/>
<pin id="113" dir="0" index="1" bw="64" slack="2147483647"/>
<pin id="131" dir="0" index="3" bw="10" slack="2"/>
<pin id="132" dir="0" index="4" bw="64" slack="0"/>
<pin id="114" dir="1" index="2" bw="64" slack="0"/>
<pin id="133" dir="1" index="5" bw="64" slack="2147483647"/>
</pin_list>
<bind>
<opcode="load(27) store(28) " fcode="store"/>
<opset="mt_kkp1_load/1 stg_44/3 "/>
</bind>
</comp>

<comp id="116" class="1004" name="mt_kkpm_addr_gep_fu_116">
<pin_list>
<pin id="117" dir="0" index="0" bw="64" slack="0"/>
<pin id="118" dir="0" index="1" bw="1" slack="0"/>
<pin id="119" dir="0" index="2" bw="16" slack="0"/>
<pin id="120" dir="1" index="3" bw="10" slack="0"/>
</pin_list>
<bind>
<opcode="getelementptr(29) " fcode="getelementptr"/>
<opset="mt_kkpm_addr/1 "/>
</bind>
</comp>

<comp id="123" class="1004" name="grp_access_fu_123">
<pin_list>
<pin id="124" dir="0" index="0" bw="10" slack="0"/>
<pin id="125" dir="0" index="1" bw="64" slack="2147483647"/>
<pin id="134" dir="0" index="3" bw="10" slack="2"/>
<pin id="135" dir="0" index="4" bw="64" slack="0"/>
<pin id="126" dir="1" index="2" bw="64" slack="0"/>
<pin id="136" dir="1" index="5" bw="64" slack="2147483647"/>
</pin_list>
<bind>
<opcode="load(27) store(28) " fcode="store"/>
<opset="mt_kkpm_load/1 stg_45/3 "/>
</bind>
</comp>

<comp id="138" class="1004" name="kk_load_load_fu_138">
<pin_list>
<pin id="139" dir="0" index="0" bw="16" slack="0"/>
<pin id="140" dir="1" index="1" bw="16" slack="0"/>
</pin_list>
<bind>
<opcode="load(27) " fcode="load"/>
<opset="kk_load/1 "/>
</bind>
</comp>

<comp id="142" class="1004" name="tmp_fu_142">
<pin_list>
<pin id="143" dir="0" index="0" bw="16" slack="0"/>
<pin id="144" dir="1" index="1" bw="64" slack="0"/>
</pin_list>
<bind>
<opcode="zext(34) " fcode="zext"/>
<opset="tmp/1 "/>
</bind>
</comp>

<comp id="147" class="1004" name="kk_p1_load_load_fu_147">
<pin_list>
<pin id="148" dir="0" index="0" bw="16" slack="0"/>
<pin id="149" dir="1" index="1" bw="16" slack="0"/>
</pin_list>
<bind>
<opcode="load(27) " fcode="load"/>
<opset="kk_p1_load/1 "/>
</bind>
</comp>

<comp id="151" class="1004" name="tmp_5_fu_151">
<pin_list>
<pin id="152" dir="0" index="0" bw="16" slack="0"/>
<pin id="153" dir="1" index="1" bw="64" slack="0"/>
</pin_list>
<bind>
<opcode="zext(34) " fcode="zext"/>
<opset="tmp_5/1 "/>
</bind>
</comp>

<comp id="156" class="1004" name="kk_pm_load_load_fu_156">
<pin_list>
<pin id="157" dir="0" index="0" bw="16" slack="0"/>
<pin id="158" dir="1" index="1" bw="16" slack="0"/>
</pin_list>
<bind>
<opcode="load(27) " fcode="load"/>
<opset="kk_pm_load/1 "/>
</bind>
</comp>

<comp id="160" class="1004" name="tmp_9_fu_160">
<pin_list>
<pin id="161" dir="0" index="0" bw="16" slack="0"/>
<pin id="162" dir="1" index="1" bw="64" slack="0"/>
</pin_list>
<bind>
<opcode="zext(34) " fcode="zext"/>
<opset="tmp_9/1 "/>
</bind>
</comp>

<comp id="165" class="1004" name="a_assign_fu_165">
<pin_list>
<pin id="166" dir="0" index="0" bw="16" slack="0"/>
<pin id="167" dir="0" index="1" bw="1" slack="0"/>
<pin id="168" dir="1" index="2" bw="16" slack="0"/>
</pin_list>
<bind>
<opcode="add(8) " fcode="add"/>
<opset="a_assign/1 "/>
</bind>
</comp>

<comp id="171" class="1004" name="tmp_i_fu_171">
<pin_list>
<pin id="172" dir="0" index="0" bw="16" slack="0"/>
<pin id="173" dir="0" index="1" bw="11" slack="0"/>
<pin id="174" dir="1" index="2" bw="1" slack="0"/>
</pin_list>
<bind>
<opcode="icmp(45) " fcode="icmp"/>
<opset="tmp_i/1 "/>
</bind>
</comp>

<comp id="177" class="1004" name="tmp_1_i_fu_177">
<pin_list>
<pin id="178" dir="0" index="0" bw="16" slack="0"/>
<pin id="179" dir="0" index="1" bw="11" slack="0"/>
<pin id="180" dir="1" index="2" bw="16" slack="0"/>
</pin_list>
<bind>
<opcode="add(8) " fcode="add"/>
<opset="tmp_1_i/1 "/>
</bind>
</comp>

<comp id="183" class="1004" name="a_assign_1_fu_183">
<pin_list>
<pin id="184" dir="0" index="0" bw="1" slack="0"/>
<pin id="185" dir="0" index="1" bw="16" slack="0"/>
<pin id="186" dir="0" index="2" bw="16" slack="0"/>
<pin id="187" dir="1" index="3" bw="16" slack="0"/>
</pin_list>
<bind>
<opcode="select(49) " fcode="select"/>
<opset="a_assign_1/1 "/>
</bind>
</comp>

<comp id="191" class="1004" name="stg_20_store_fu_191">
<pin_list>
<pin id="192" dir="0" index="0" bw="16" slack="0"/>
<pin id="193" dir="0" index="1" bw="16" slack="0"/>
<pin id="194" dir="1" index="2" bw="0" slack="2147483647"/>
</pin_list>
<bind>
<opcode="store(28) " fcode="store"/>
<opset="stg_20/1 "/>
</bind>
</comp>

<comp id="197" class="1004" name="a_assign_2_fu_197">
<pin_list>
<pin id="198" dir="0" index="0" bw="16" slack="0"/>
<pin id="199" dir="0" index="1" bw="1" slack="0"/>
<pin id="200" dir="1" index="2" bw="16" slack="0"/>
</pin_list>
<bind>
<opcode="add(8) " fcode="add"/>
<opset="a_assign_2/1 "/>
</bind>
</comp>

<comp id="203" class="1004" name="tmp_i1_fu_203">
<pin_list>
<pin id="204" dir="0" index="0" bw="16" slack="0"/>
<pin id="205" dir="0" index="1" bw="11" slack="0"/>
<pin id="206" dir="1" index="2" bw="1" slack="0"/>
</pin_list>
<bind>
<opcode="icmp(45) " fcode="icmp"/>
<opset="tmp_i1/1 "/>
</bind>
</comp>

<comp id="209" class="1004" name="tmp_2_i_fu_209">
<pin_list>
<pin id="210" dir="0" index="0" bw="16" slack="0"/>
<pin id="211" dir="0" index="1" bw="11" slack="0"/>
<pin id="212" dir="1" index="2" bw="16" slack="0"/>
</pin_list>
<bind>
<opcode="add(8) " fcode="add"/>
<opset="tmp_2_i/1 "/>
</bind>
</comp>

<comp id="215" class="1004" name="a_assign_3_fu_215">
<pin_list>
<pin id="216" dir="0" index="0" bw="1" slack="0"/>
<pin id="217" dir="0" index="1" bw="16" slack="0"/>
<pin id="218" dir="0" index="2" bw="16" slack="0"/>
<pin id="219" dir="1" index="3" bw="16" slack="0"/>
</pin_list>
<bind>
<opcode="select(49) " fcode="select"/>
<opset="a_assign_3/1 "/>
</bind>
</comp>

<comp id="223" class="1004" name="stg_25_store_fu_223">
<pin_list>
<pin id="224" dir="0" index="0" bw="16" slack="0"/>
<pin id="225" dir="0" index="1" bw="16" slack="0"/>
<pin id="226" dir="1" index="2" bw="0" slack="2147483647"/>
</pin_list>
<bind>
<opcode="store(28) " fcode="store"/>
<opset="stg_25/1 "/>
</bind>
</comp>

<comp id="229" class="1004" name="a_assign_4_fu_229">
<pin_list>
<pin id="230" dir="0" index="0" bw="16" slack="0"/>
<pin id="231" dir="0" index="1" bw="1" slack="0"/>
<pin id="232" dir="1" index="2" bw="16" slack="0"/>
</pin_list>
<bind>
<opcode="add(8) " fcode="add"/>
<opset="a_assign_4/1 "/>
</bind>
</comp>

<comp id="235" class="1004" name="tmp_i3_fu_235">
<pin_list>
<pin id="236" dir="0" index="0" bw="16" slack="0"/>
<pin id="237" dir="0" index="1" bw="11" slack="0"/>
<pin id="238" dir="1" index="2" bw="1" slack="0"/>
</pin_list>
<bind>
<opcode="icmp(45) " fcode="icmp"/>
<opset="tmp_i3/1 "/>
</bind>
</comp>

<comp id="241" class="1004" name="tmp_3_i_fu_241">
<pin_list>
<pin id="242" dir="0" index="0" bw="16" slack="0"/>
<pin id="243" dir="0" index="1" bw="11" slack="0"/>
<pin id="244" dir="1" index="2" bw="16" slack="0"/>
</pin_list>
<bind>
<opcode="add(8) " fcode="add"/>
<opset="tmp_3_i/1 "/>
</bind>
</comp>

<comp id="247" class="1004" name="a_assign_5_fu_247">
<pin_list>
<pin id="248" dir="0" index="0" bw="1" slack="0"/>
<pin id="249" dir="0" index="1" bw="16" slack="0"/>
<pin id="250" dir="0" index="2" bw="16" slack="0"/>
<pin id="251" dir="1" index="3" bw="16" slack="0"/>
</pin_list>
<bind>
<opcode="select(49) " fcode="select"/>
<opset="a_assign_5/1 "/>
</bind>
</comp>

<comp id="255" class="1004" name="stg_30_store_fu_255">
<pin_list>
<pin id="256" dir="0" index="0" bw="16" slack="0"/>
<pin id="257" dir="0" index="1" bw="16" slack="0"/>
<pin id="258" dir="1" index="2" bw="0" slack="2147483647"/>
</pin_list>
<bind>
<opcode="store(28) " fcode="store"/>
<opset="stg_30/1 "/>
</bind>
</comp>

<comp id="261" class="1004" name="tmp_1_fu_261">
<pin_list>
<pin id="262" dir="0" index="0" bw="1" slack="0"/>
<pin id="263" dir="0" index="1" bw="64" slack="0"/>
<pin id="264" dir="0" index="2" bw="6" slack="0"/>
<pin id="265" dir="1" index="3" bw="1" slack="1"/>
</pin_list>
<bind>
<opcode="bitselect(1000) " fcode="bitselect"/>
<opset="tmp_1/2 "/>
</bind>
</comp>

<comp id="269" class="1004" name="tmp_7_fu_269">
<pin_list>
<pin id="270" dir="0" index="0" bw="64" slack="0"/>
<pin id="271" dir="1" index="1" bw="1" slack="0"/>
</pin_list>
<bind>
<opcode="trunc(33) " fcode="trunc"/>
<opset="tmp_7/2 "/>
</bind>
</comp>

<comp id="273" class="1004" name="mag01_cast_cast_fu_273">
<pin_list>
<pin id="274" dir="0" index="0" bw="1" slack="0"/>
<pin id="275" dir="0" index="1" bw="33" slack="0"/>
<pin id="276" dir="0" index="2" bw="1" slack="0"/>
<pin id="277" dir="1" index="3" bw="64" slack="0"/>
</pin_list>
<bind>
<opcode="select(49) " fcode="select"/>
<opset="mag01_cast_cast/2 "/>
</bind>
</comp>

<comp id="281" class="1004" name="tmp_3_fu_281">
<pin_list>
<pin id="282" dir="0" index="0" bw="30" slack="0"/>
<pin id="283" dir="0" index="1" bw="64" slack="0"/>
<pin id="284" dir="0" index="2" bw="1" slack="0"/>
<pin id="285" dir="0" index="3" bw="6" slack="0"/>
<pin id="286" dir="1" index="4" bw="30" slack="1"/>
</pin_list>
<bind>
<opcode="partselect(1002) " fcode="partselect"/>
<opset="tmp_3/2 "/>
</bind>
</comp>

<comp id="291" class="1004" name="tmp1_fu_291">
<pin_list>
<pin id="292" dir="0" index="0" bw="33" slack="0"/>
<pin id="293" dir="0" index="1" bw="64" slack="0"/>
<pin id="294" dir="1" index="2" bw="64" slack="1"/>
</pin_list>
<bind>
<opcode="xor(25) " fcode="xor"/>
<opset="tmp1/2 "/>
</bind>
</comp>

<comp id="297" class="1004" name="tmp_s_fu_297">
<pin_list>
<pin id="298" dir="0" index="0" bw="31" slack="0"/>
<pin id="299" dir="0" index="1" bw="1" slack="1"/>
<pin id="300" dir="0" index="2" bw="30" slack="1"/>
<pin id="301" dir="1" index="3" bw="31" slack="0"/>
</pin_list>
<bind>
<opcode="bitconcatenate(1004) " fcode="bitconcatenate"/>
<opset="tmp_s/3 "/>
</bind>
</comp>

<comp id="303" class="1004" name="tmp_cast_fu_303">
<pin_list>
<pin id="304" dir="0" index="0" bw="31" slack="0"/>
<pin id="305" dir="1" index="1" bw="64" slack="0"/>
</pin_list>
<bind>
<opcode="zext(34) " fcode="zext"/>
<opset="tmp_cast/3 "/>
</bind>
</comp>

<comp id="307" class="1004" name="mt_kk_new_fu_307">
<pin_list>
<pin id="308" dir="0" index="0" bw="64" slack="1"/>
<pin id="309" dir="0" index="1" bw="31" slack="0"/>
<pin id="310" dir="1" index="2" bw="64" slack="0"/>
</pin_list>
<bind>
<opcode="xor(25) " fcode="xor"/>
<opset="mt_kk_new/3 "/>
</bind>
</comp>

<comp id="315" class="1004" name="tmp_2_fu_315">
<pin_list>
<pin id="316" dir="0" index="0" bw="53" slack="0"/>
<pin id="317" dir="0" index="1" bw="64" slack="0"/>
<pin id="318" dir="0" index="2" bw="5" slack="0"/>
<pin id="319" dir="0" index="3" bw="7" slack="0"/>
<pin id="320" dir="1" index="4" bw="53" slack="0"/>
</pin_list>
<bind>
<opcode="partselect(1002) " fcode="partselect"/>
<opset="tmp_2/3 "/>
</bind>
</comp>

<comp id="325" class="1004" name="tmp_4_fu_325">
<pin_list>
<pin id="326" dir="0" index="0" bw="53" slack="0"/>
<pin id="327" dir="1" index="1" bw="64" slack="0"/>
</pin_list>
<bind>
<opcode="zext(34) " fcode="zext"/>
<opset="tmp_4/3 "/>
</bind>
</comp>

<comp id="329" class="1004" name="y_1_fu_329">
<pin_list>
<pin id="330" dir="0" index="0" bw="53" slack="0"/>
<pin id="331" dir="0" index="1" bw="64" slack="0"/>
<pin id="332" dir="1" index="2" bw="64" slack="0"/>
</pin_list>
<bind>
<opcode="xor(25) " fcode="xor"/>
<opset="y_1/3 "/>
</bind>
</comp>

<comp id="335" class="1004" name="tmp_12_fu_335">
<pin_list>
<pin id="336" dir="0" index="0" bw="1" slack="0"/>
<pin id="337" dir="0" index="1" bw="64" slack="0"/>
<pin id="338" dir="0" index="2" bw="6" slack="0"/>
<pin id="339" dir="1" index="3" bw="1" slack="0"/>
</pin_list>
<bind>
<opcode="bitselect(1000) " fcode="bitselect"/>
<opset="tmp_12/3 "/>
</bind>
</comp>

<comp id="343" class="1004" name="tmp_11_fu_343">
<pin_list>
<pin id="344" dir="0" index="0" bw="3" slack="0"/>
<pin id="345" dir="0" index="1" bw="64" slack="0"/>
<pin id="346" dir="0" index="2" bw="6" slack="0"/>
<pin id="347" dir="0" index="3" bw="6" slack="0"/>
<pin id="348" dir="1" index="4" bw="3" slack="0"/>
</pin_list>
<bind>
<opcode="partselect(1002) " fcode="partselect"/>
<opset="tmp_11/3 "/>
</bind>
</comp>

<comp id="353" class="1004" name="tmp_13_fu_353">
<pin_list>
<pin id="354" dir="0" index="0" bw="1" slack="0"/>
<pin id="355" dir="0" index="1" bw="64" slack="0"/>
<pin id="356" dir="0" index="2" bw="6" slack="0"/>
<pin id="357" dir="1" index="3" bw="1" slack="0"/>
</pin_list>
<bind>
<opcode="bitselect(1000) " fcode="bitselect"/>
<opset="tmp_13/3 "/>
</bind>
</comp>

<comp id="361" class="1004" name="tmp_15_fu_361">
<pin_list>
<pin id="362" dir="0" index="0" bw="1" slack="0"/>
<pin id="363" dir="0" index="1" bw="64" slack="0"/>
<pin id="364" dir="0" index="2" bw="5" slack="0"/>
<pin id="365" dir="1" index="3" bw="1" slack="0"/>
</pin_list>
<bind>
<opcode="bitselect(1000) " fcode="bitselect"/>
<opset="tmp_15/3 "/>
</bind>
</comp>

<comp id="369" class="1004" name="tmp_14_fu_369">
<pin_list>
<pin id="370" dir="0" index="0" bw="2" slack="0"/>
<pin id="371" dir="0" index="1" bw="64" slack="0"/>
<pin id="372" dir="0" index="2" bw="5" slack="0"/>
<pin id="373" dir="0" index="3" bw="5" slack="0"/>
<pin id="374" dir="1" index="4" bw="2" slack="0"/>
</pin_list>
<bind>
<opcode="partselect(1002) " fcode="partselect"/>
<opset="tmp_14/3 "/>
</bind>
</comp>

<comp id="379" class="1004" name="tmp_16_fu_379">
<pin_list>
<pin id="380" dir="0" index="0" bw="1" slack="0"/>
<pin id="381" dir="0" index="1" bw="64" slack="0"/>
<pin id="382" dir="0" index="2" bw="4" slack="0"/>
<pin id="383" dir="1" index="3" bw="1" slack="0"/>
</pin_list>
<bind>
<opcode="bitselect(1000) " fcode="bitselect"/>
<opset="tmp_16/3 "/>
</bind>
</comp>

<comp id="387" class="1004" name="tmp_18_fu_387">
<pin_list>
<pin id="388" dir="0" index="0" bw="1" slack="0"/>
<pin id="389" dir="0" index="1" bw="64" slack="0"/>
<pin id="390" dir="0" index="2" bw="4" slack="0"/>
<pin id="391" dir="1" index="3" bw="1" slack="0"/>
</pin_list>
<bind>
<opcode="bitselect(1000) " fcode="bitselect"/>
<opset="tmp_18/3 "/>
</bind>
</comp>

<comp id="395" class="1004" name="tmp_17_fu_395">
<pin_list>
<pin id="396" dir="0" index="0" bw="2" slack="0"/>
<pin id="397" dir="0" index="1" bw="64" slack="0"/>
<pin id="398" dir="0" index="2" bw="3" slack="0"/>
<pin id="399" dir="0" index="3" bw="3" slack="0"/>
<pin id="400" dir="1" index="4" bw="2" slack="0"/>
</pin_list>
<bind>
<opcode="partselect(1002) " fcode="partselect"/>
<opset="tmp_17/3 "/>
</bind>
</comp>

<comp id="405" class="1004" name="tmp_23_fu_405">
<pin_list>
<pin id="406" dir="0" index="0" bw="64" slack="0"/>
<pin id="407" dir="1" index="1" bw="1" slack="0"/>
</pin_list>
<bind>
<opcode="trunc(33) " fcode="trunc"/>
<opset="tmp_23/3 "/>
</bind>
</comp>

<comp id="409" class="1004" name="tmp_6_fu_409">
<pin_list>
<pin id="410" dir="0" index="0" bw="32" slack="0"/>
<pin id="411" dir="0" index="1" bw="1" slack="0"/>
<pin id="412" dir="0" index="2" bw="1" slack="0"/>
<pin id="413" dir="0" index="3" bw="3" slack="0"/>
<pin id="414" dir="0" index="4" bw="1" slack="0"/>
<pin id="415" dir="0" index="5" bw="1" slack="0"/>
<pin id="416" dir="0" index="6" bw="1" slack="0"/>
<pin id="417" dir="0" index="7" bw="1" slack="0"/>
<pin id="418" dir="0" index="8" bw="1" slack="0"/>
<pin id="419" dir="0" index="9" bw="2" slack="0"/>
<pin id="420" dir="0" index="10" bw="1" slack="0"/>
<pin id="421" dir="0" index="11" bw="1" slack="0"/>
<pin id="422" dir="0" index="12" bw="1" slack="0"/>
<pin id="423" dir="0" index="13" bw="1" slack="0"/>
<pin id="424" dir="0" index="14" bw="1" slack="0"/>
<pin id="425" dir="0" index="15" bw="2" slack="0"/>
<pin id="426" dir="0" index="16" bw="1" slack="0"/>
<pin id="427" dir="0" index="17" bw="1" slack="0"/>
<pin id="428" dir="0" index="18" bw="1" slack="0"/>
<pin id="429" dir="1" index="19" bw="32" slack="0"/>
</pin_list>
<bind>
<opcode="bitconcatenate(1004) " fcode="bitconcatenate"/>
<opset="tmp_6/3 "/>
</bind>
</comp>

<comp id="449" class="1004" name="tmp_10_cast_fu_449">
<pin_list>
<pin id="450" dir="0" index="0" bw="32" slack="0"/>
<pin id="451" dir="1" index="1" bw="64" slack="0"/>
</pin_list>
<bind>
<opcode="zext(34) " fcode="zext"/>
<opset="tmp_10_cast/3 "/>
</bind>
</comp>

<comp id="453" class="1004" name="y_2_fu_453">
<pin_list>
<pin id="454" dir="0" index="0" bw="32" slack="0"/>
<pin id="455" dir="0" index="1" bw="64" slack="0"/>
<pin id="456" dir="1" index="2" bw="64" slack="0"/>
</pin_list>
<bind>
<opcode="xor(25) " fcode="xor"/>
<opset="y_2/3 "/>
</bind>
</comp>

<comp id="459" class="1004" name="tmp_19_fu_459">
<pin_list>
<pin id="460" dir="0" index="0" bw="3" slack="0"/>
<pin id="461" dir="0" index="1" bw="64" slack="0"/>
<pin id="462" dir="0" index="2" bw="5" slack="0"/>
<pin id="463" dir="0" index="3" bw="6" slack="0"/>
<pin id="464" dir="1" index="4" bw="3" slack="0"/>
</pin_list>
<bind>
<opcode="partselect(1002) " fcode="partselect"/>
<opset="tmp_19/3 "/>
</bind>
</comp>

<comp id="469" class="1004" name="tmp_20_fu_469">
<pin_list>
<pin id="470" dir="0" index="0" bw="6" slack="0"/>
<pin id="471" dir="0" index="1" bw="64" slack="0"/>
<pin id="472" dir="0" index="2" bw="4" slack="0"/>
<pin id="473" dir="0" index="3" bw="5" slack="0"/>
<pin id="474" dir="1" index="4" bw="6" slack="0"/>
</pin_list>
<bind>
<opcode="partselect(1002) " fcode="partselect"/>
<opset="tmp_20/3 "/>
</bind>
</comp>

<comp id="479" class="1004" name="tmp_21_fu_479">
<pin_list>
<pin id="480" dir="0" index="0" bw="2" slack="0"/>
<pin id="481" dir="0" index="1" bw="64" slack="0"/>
<pin id="482" dir="0" index="2" bw="3" slack="0"/>
<pin id="483" dir="0" index="3" bw="3" slack="0"/>
<pin id="484" dir="1" index="4" bw="2" slack="0"/>
</pin_list>
<bind>
<opcode="partselect(1002) " fcode="partselect"/>
<opset="tmp_21/3 "/>
</bind>
</comp>

<comp id="489" class="1004" name="tmp_8_fu_489">
<pin_list>
<pin id="490" dir="0" index="0" bw="32" slack="0"/>
<pin id="491" dir="0" index="1" bw="3" slack="0"/>
<pin id="492" dir="0" index="2" bw="1" slack="0"/>
<pin id="493" dir="0" index="3" bw="6" slack="0"/>
<pin id="494" dir="0" index="4" bw="1" slack="0"/>
<pin id="495" dir="0" index="5" bw="2" slack="0"/>
<pin id="496" dir="0" index="6" bw="1" slack="0"/>
<pin id="497" dir="1" index="7" bw="32" slack="0"/>
</pin_list>
<bind>
<opcode="bitconcatenate(1004) " fcode="bitconcatenate"/>
<opset="tmp_8/3 "/>
</bind>
</comp>

<comp id="505" class="1004" name="tmp_12_cast_fu_505">
<pin_list>
<pin id="506" dir="0" index="0" bw="32" slack="0"/>
<pin id="507" dir="1" index="1" bw="64" slack="0"/>
</pin_list>
<bind>
<opcode="zext(34) " fcode="zext"/>
<opset="tmp_12_cast/3 "/>
</bind>
</comp>

<comp id="509" class="1004" name="y_3_fu_509">
<pin_list>
<pin id="510" dir="0" index="0" bw="32" slack="0"/>
<pin id="511" dir="0" index="1" bw="64" slack="0"/>
<pin id="512" dir="1" index="2" bw="64" slack="0"/>
</pin_list>
<bind>
<opcode="xor(25) " fcode="xor"/>
<opset="y_3/3 "/>
</bind>
</comp>

<comp id="515" class="1004" name="tmp_10_fu_515">
<pin_list>
<pin id="516" dir="0" index="0" bw="46" slack="0"/>
<pin id="517" dir="0" index="1" bw="64" slack="0"/>
<pin id="518" dir="0" index="2" bw="6" slack="0"/>
<pin id="519" dir="0" index="3" bw="7" slack="0"/>
<pin id="520" dir="1" index="4" bw="46" slack="0"/>
</pin_list>
<bind>
<opcode="partselect(1002) " fcode="partselect"/>
<opset="tmp_10/3 "/>
</bind>
</comp>

<comp id="525" class="1004" name="tmp_22_fu_525">
<pin_list>
<pin id="526" dir="0" index="0" bw="46" slack="0"/>
<pin id="527" dir="1" index="1" bw="64" slack="0"/>
</pin_list>
<bind>
<opcode="zext(34) " fcode="zext"/>
<opset="tmp_22/3 "/>
</bind>
</comp>

<comp id="529" class="1004" name="y_4_fu_529">
<pin_list>
<pin id="530" dir="0" index="0" bw="46" slack="0"/>
<pin id="531" dir="0" index="1" bw="64" slack="0"/>
<pin id="532" dir="1" index="2" bw="64" slack="2147483647"/>
</pin_list>
<bind>
<opcode="xor(25) " fcode="xor"/>
<opset="y_4/3 "/>
</bind>
</comp>

<comp id="535" class="1005" name="mt_kk_addr_reg_535">
<pin_list>
<pin id="536" dir="0" index="0" bw="10" slack="1"/>
<pin id="537" dir="1" index="1" bw="10" slack="1"/>
</pin_list>
<bind>
<opset="mt_kk_addr "/>
</bind>
</comp>

<comp id="541" class="1005" name="mt_kkp1_addr_reg_541">
<pin_list>
<pin id="542" dir="0" index="0" bw="10" slack="1"/>
<pin id="543" dir="1" index="1" bw="10" slack="1"/>
</pin_list>
<bind>
<opset="mt_kkp1_addr "/>
</bind>
</comp>

<comp id="547" class="1005" name="mt_kkpm_addr_reg_547">
<pin_list>
<pin id="548" dir="0" index="0" bw="10" slack="1"/>
<pin id="549" dir="1" index="1" bw="10" slack="1"/>
</pin_list>
<bind>
<opset="mt_kkpm_addr "/>
</bind>
</comp>

<comp id="553" class="1005" name="tmp_1_reg_553">
<pin_list>
<pin id="554" dir="0" index="0" bw="1" slack="1"/>
<pin id="555" dir="1" index="1" bw="1" slack="1"/>
</pin_list>
<bind>
<opset="tmp_1 "/>
</bind>
</comp>

<comp id="558" class="1005" name="tmp_3_reg_558">
<pin_list>
<pin id="559" dir="0" index="0" bw="30" slack="1"/>
<pin id="560" dir="1" index="1" bw="30" slack="1"/>
</pin_list>
<bind>
<opset="tmp_3 "/>
</bind>
</comp>

<comp id="563" class="1005" name="tmp1_reg_563">
<pin_list>
<pin id="564" dir="0" index="0" bw="64" slack="1"/>
<pin id="565" dir="1" index="1" bw="64" slack="1"/>
</pin_list>
<bind>
<opset="tmp1 "/>
</bind>
</comp>

</comp_list>

<net_list>
<net id="97"><net_src comp="2" pin="0"/><net_sink comp="92" pin=0"/></net>

<net id="98"><net_src comp="12" pin="0"/><net_sink comp="92" pin=1"/></net>

<net id="103"><net_src comp="92" pin="3"/><net_sink comp="99" pin=0"/></net>

<net id="109"><net_src comp="6" pin="0"/><net_sink comp="104" pin=0"/></net>

<net id="110"><net_src comp="12" pin="0"/><net_sink comp="104" pin=1"/></net>

<net id="115"><net_src comp="104" pin="3"/><net_sink comp="111" pin=0"/></net>

<net id="121"><net_src comp="10" pin="0"/><net_sink comp="116" pin=0"/></net>

<net id="122"><net_src comp="12" pin="0"/><net_sink comp="116" pin=1"/></net>

<net id="127"><net_src comp="116" pin="3"/><net_sink comp="123" pin=0"/></net>

<net id="141"><net_src comp="0" pin="0"/><net_sink comp="138" pin=0"/></net>

<net id="145"><net_src comp="138" pin="1"/><net_sink comp="142" pin=0"/></net>

<net id="146"><net_src comp="142" pin="1"/><net_sink comp="92" pin=2"/></net>

<net id="150"><net_src comp="4" pin="0"/><net_sink comp="147" pin=0"/></net>

<net id="154"><net_src comp="147" pin="1"/><net_sink comp="151" pin=0"/></net>

<net id="155"><net_src comp="151" pin="1"/><net_sink comp="104" pin=2"/></net>

<net id="159"><net_src comp="8" pin="0"/><net_sink comp="156" pin=0"/></net>

<net id="163"><net_src comp="156" pin="1"/><net_sink comp="160" pin=0"/></net>

<net id="164"><net_src comp="160" pin="1"/><net_sink comp="116" pin=2"/></net>

<net id="169"><net_src comp="138" pin="1"/><net_sink comp="165" pin=0"/></net>

<net id="170"><net_src comp="14" pin="0"/><net_sink comp="165" pin=1"/></net>

<net id="175"><net_src comp="165" pin="2"/><net_sink comp="171" pin=0"/></net>

<net id="176"><net_src comp="16" pin="0"/><net_sink comp="171" pin=1"/></net>

<net id="181"><net_src comp="138" pin="1"/><net_sink comp="177" pin=0"/></net>

<net id="182"><net_src comp="18" pin="0"/><net_sink comp="177" pin=1"/></net>

<net id="188"><net_src comp="171" pin="2"/><net_sink comp="183" pin=0"/></net>

<net id="189"><net_src comp="177" pin="2"/><net_sink comp="183" pin=1"/></net>

<net id="190"><net_src comp="165" pin="2"/><net_sink comp="183" pin=2"/></net>

<net id="195"><net_src comp="183" pin="3"/><net_sink comp="191" pin=0"/></net>

<net id="196"><net_src comp="0" pin="0"/><net_sink comp="191" pin=1"/></net>

<net id="201"><net_src comp="147" pin="1"/><net_sink comp="197" pin=0"/></net>

<net id="202"><net_src comp="14" pin="0"/><net_sink comp="197" pin=1"/></net>

<net id="207"><net_src comp="197" pin="2"/><net_sink comp="203" pin=0"/></net>

<net id="208"><net_src comp="16" pin="0"/><net_sink comp="203" pin=1"/></net>

<net id="213"><net_src comp="147" pin="1"/><net_sink comp="209" pin=0"/></net>

<net id="214"><net_src comp="18" pin="0"/><net_sink comp="209" pin=1"/></net>

<net id="220"><net_src comp="203" pin="2"/><net_sink comp="215" pin=0"/></net>

<net id="221"><net_src comp="209" pin="2"/><net_sink comp="215" pin=1"/></net>

<net id="222"><net_src comp="197" pin="2"/><net_sink comp="215" pin=2"/></net>

<net id="227"><net_src comp="215" pin="3"/><net_sink comp="223" pin=0"/></net>

<net id="228"><net_src comp="4" pin="0"/><net_sink comp="223" pin=1"/></net>

<net id="233"><net_src comp="156" pin="1"/><net_sink comp="229" pin=0"/></net>

<net id="234"><net_src comp="14" pin="0"/><net_sink comp="229" pin=1"/></net>

<net id="239"><net_src comp="229" pin="2"/><net_sink comp="235" pin=0"/></net>

<net id="240"><net_src comp="16" pin="0"/><net_sink comp="235" pin=1"/></net>

<net id="245"><net_src comp="156" pin="1"/><net_sink comp="241" pin=0"/></net>

<net id="246"><net_src comp="18" pin="0"/><net_sink comp="241" pin=1"/></net>

<net id="252"><net_src comp="235" pin="2"/><net_sink comp="247" pin=0"/></net>

<net id="253"><net_src comp="241" pin="2"/><net_sink comp="247" pin=1"/></net>

<net id="254"><net_src comp="229" pin="2"/><net_sink comp="247" pin=2"/></net>

<net id="259"><net_src comp="247" pin="3"/><net_sink comp="255" pin=0"/></net>

<net id="260"><net_src comp="8" pin="0"/><net_sink comp="255" pin=1"/></net>

<net id="266"><net_src comp="20" pin="0"/><net_sink comp="261" pin=0"/></net>

<net id="267"><net_src comp="99" pin="2"/><net_sink comp="261" pin=1"/></net>

<net id="268"><net_src comp="22" pin="0"/><net_sink comp="261" pin=2"/></net>

<net id="272"><net_src comp="111" pin="2"/><net_sink comp="269" pin=0"/></net>

<net id="278"><net_src comp="269" pin="1"/><net_sink comp="273" pin=0"/></net>

<net id="279"><net_src comp="24" pin="0"/><net_sink comp="273" pin=1"/></net>

<net id="280"><net_src comp="12" pin="0"/><net_sink comp="273" pin=2"/></net>

<net id="287"><net_src comp="26" pin="0"/><net_sink comp="281" pin=0"/></net>

<net id="288"><net_src comp="111" pin="2"/><net_sink comp="281" pin=1"/></net>

<net id="289"><net_src comp="28" pin="0"/><net_sink comp="281" pin=2"/></net>

<net id="290"><net_src comp="30" pin="0"/><net_sink comp="281" pin=3"/></net>

<net id="295"><net_src comp="273" pin="3"/><net_sink comp="291" pin=0"/></net>

<net id="296"><net_src comp="123" pin="2"/><net_sink comp="291" pin=1"/></net>

<net id="302"><net_src comp="38" pin="0"/><net_sink comp="297" pin=0"/></net>

<net id="306"><net_src comp="297" pin="3"/><net_sink comp="303" pin=0"/></net>

<net id="311"><net_src comp="303" pin="1"/><net_sink comp="307" pin=1"/></net>

<net id="312"><net_src comp="307" pin="2"/><net_sink comp="99" pin=4"/></net>

<net id="313"><net_src comp="307" pin="2"/><net_sink comp="111" pin=4"/></net>

<net id="314"><net_src comp="307" pin="2"/><net_sink comp="123" pin=4"/></net>

<net id="321"><net_src comp="40" pin="0"/><net_sink comp="315" pin=0"/></net>

<net id="322"><net_src comp="307" pin="2"/><net_sink comp="315" pin=1"/></net>

<net id="323"><net_src comp="42" pin="0"/><net_sink comp="315" pin=2"/></net>

<net id="324"><net_src comp="44" pin="0"/><net_sink comp="315" pin=3"/></net>

<net id="328"><net_src comp="315" pin="4"/><net_sink comp="325" pin=0"/></net>

<net id="333"><net_src comp="325" pin="1"/><net_sink comp="329" pin=0"/></net>

<net id="334"><net_src comp="307" pin="2"/><net_sink comp="329" pin=1"/></net>

<net id="340"><net_src comp="20" pin="0"/><net_sink comp="335" pin=0"/></net>

<net id="341"><net_src comp="329" pin="2"/><net_sink comp="335" pin=1"/></net>

<net id="342"><net_src comp="46" pin="0"/><net_sink comp="335" pin=2"/></net>

<net id="349"><net_src comp="48" pin="0"/><net_sink comp="343" pin=0"/></net>

<net id="350"><net_src comp="329" pin="2"/><net_sink comp="343" pin=1"/></net>

<net id="351"><net_src comp="50" pin="0"/><net_sink comp="343" pin=2"/></net>

<net id="352"><net_src comp="52" pin="0"/><net_sink comp="343" pin=3"/></net>

<net id="358"><net_src comp="20" pin="0"/><net_sink comp="353" pin=0"/></net>

<net id="359"><net_src comp="329" pin="2"/><net_sink comp="353" pin=1"/></net>

<net id="360"><net_src comp="54" pin="0"/><net_sink comp="353" pin=2"/></net>

<net id="366"><net_src comp="20" pin="0"/><net_sink comp="361" pin=0"/></net>

<net id="367"><net_src comp="329" pin="2"/><net_sink comp="361" pin=1"/></net>

<net id="368"><net_src comp="56" pin="0"/><net_sink comp="361" pin=2"/></net>

<net id="375"><net_src comp="58" pin="0"/><net_sink comp="369" pin=0"/></net>

<net id="376"><net_src comp="329" pin="2"/><net_sink comp="369" pin=1"/></net>

<net id="377"><net_src comp="42" pin="0"/><net_sink comp="369" pin=2"/></net>

<net id="378"><net_src comp="60" pin="0"/><net_sink comp="369" pin=3"/></net>

<net id="384"><net_src comp="20" pin="0"/><net_sink comp="379" pin=0"/></net>

<net id="385"><net_src comp="329" pin="2"/><net_sink comp="379" pin=1"/></net>

<net id="386"><net_src comp="62" pin="0"/><net_sink comp="379" pin=2"/></net>

<net id="392"><net_src comp="20" pin="0"/><net_sink comp="387" pin=0"/></net>

<net id="393"><net_src comp="329" pin="2"/><net_sink comp="387" pin=1"/></net>

<net id="394"><net_src comp="64" pin="0"/><net_sink comp="387" pin=2"/></net>

<net id="401"><net_src comp="58" pin="0"/><net_sink comp="395" pin=0"/></net>

<net id="402"><net_src comp="329" pin="2"/><net_sink comp="395" pin=1"/></net>

<net id="403"><net_src comp="66" pin="0"/><net_sink comp="395" pin=2"/></net>

<net id="404"><net_src comp="68" pin="0"/><net_sink comp="395" pin=3"/></net>

<net id="408"><net_src comp="329" pin="2"/><net_sink comp="405" pin=0"/></net>

<net id="430"><net_src comp="70" pin="0"/><net_sink comp="409" pin=0"/></net>

<net id="431"><net_src comp="335" pin="3"/><net_sink comp="409" pin=1"/></net>

<net id="432"><net_src comp="72" pin="0"/><net_sink comp="409" pin=2"/></net>

<net id="433"><net_src comp="343" pin="4"/><net_sink comp="409" pin=3"/></net>

<net id="434"><net_src comp="74" pin="0"/><net_sink comp="409" pin=4"/></net>

<net id="435"><net_src comp="353" pin="3"/><net_sink comp="409" pin=5"/></net>

<net id="436"><net_src comp="72" pin="0"/><net_sink comp="409" pin=6"/></net>

<net id="437"><net_src comp="361" pin="3"/><net_sink comp="409" pin=7"/></net>

<net id="438"><net_src comp="74" pin="0"/><net_sink comp="409" pin=8"/></net>

<net id="439"><net_src comp="369" pin="4"/><net_sink comp="409" pin=9"/></net>

<net id="440"><net_src comp="76" pin="0"/><net_sink comp="409" pin=10"/></net>

<net id="441"><net_src comp="379" pin="3"/><net_sink comp="409" pin=11"/></net>

<net id="442"><net_src comp="74" pin="0"/><net_sink comp="409" pin=12"/></net>

<net id="443"><net_src comp="387" pin="3"/><net_sink comp="409" pin=13"/></net>

<net id="444"><net_src comp="74" pin="0"/><net_sink comp="409" pin=14"/></net>

<net id="445"><net_src comp="395" pin="4"/><net_sink comp="409" pin=15"/></net>

<net id="446"><net_src comp="74" pin="0"/><net_sink comp="409" pin=16"/></net>

<net id="447"><net_src comp="405" pin="1"/><net_sink comp="409" pin=17"/></net>

<net id="448"><net_src comp="78" pin="0"/><net_sink comp="409" pin=18"/></net>

<net id="452"><net_src comp="409" pin="19"/><net_sink comp="449" pin=0"/></net>

<net id="457"><net_src comp="449" pin="1"/><net_sink comp="453" pin=0"/></net>

<net id="458"><net_src comp="329" pin="2"/><net_sink comp="453" pin=1"/></net>

<net id="465"><net_src comp="48" pin="0"/><net_sink comp="459" pin=0"/></net>

<net id="466"><net_src comp="453" pin="2"/><net_sink comp="459" pin=1"/></net>

<net id="467"><net_src comp="56" pin="0"/><net_sink comp="459" pin=2"/></net>

<net id="468"><net_src comp="80" pin="0"/><net_sink comp="459" pin=3"/></net>

<net id="475"><net_src comp="82" pin="0"/><net_sink comp="469" pin=0"/></net>

<net id="476"><net_src comp="453" pin="2"/><net_sink comp="469" pin=1"/></net>

<net id="477"><net_src comp="62" pin="0"/><net_sink comp="469" pin=2"/></net>

<net id="478"><net_src comp="60" pin="0"/><net_sink comp="469" pin=3"/></net>

<net id="485"><net_src comp="58" pin="0"/><net_sink comp="479" pin=0"/></net>

<net id="486"><net_src comp="453" pin="2"/><net_sink comp="479" pin=1"/></net>

<net id="487"><net_src comp="66" pin="0"/><net_sink comp="479" pin=2"/></net>

<net id="488"><net_src comp="68" pin="0"/><net_sink comp="479" pin=3"/></net>

<net id="498"><net_src comp="84" pin="0"/><net_sink comp="489" pin=0"/></net>

<net id="499"><net_src comp="459" pin="4"/><net_sink comp="489" pin=1"/></net>

<net id="500"><net_src comp="74" pin="0"/><net_sink comp="489" pin=2"/></net>

<net id="501"><net_src comp="469" pin="4"/><net_sink comp="489" pin=3"/></net>

<net id="502"><net_src comp="76" pin="0"/><net_sink comp="489" pin=4"/></net>

<net id="503"><net_src comp="479" pin="4"/><net_sink comp="489" pin=5"/></net>

<net id="504"><net_src comp="86" pin="0"/><net_sink comp="489" pin=6"/></net>

<net id="508"><net_src comp="489" pin="7"/><net_sink comp="505" pin=0"/></net>

<net id="513"><net_src comp="505" pin="1"/><net_sink comp="509" pin=0"/></net>

<net id="514"><net_src comp="453" pin="2"/><net_sink comp="509" pin=1"/></net>

<net id="521"><net_src comp="88" pin="0"/><net_sink comp="515" pin=0"/></net>

<net id="522"><net_src comp="509" pin="2"/><net_sink comp="515" pin=1"/></net>

<net id="523"><net_src comp="90" pin="0"/><net_sink comp="515" pin=2"/></net>

<net id="524"><net_src comp="44" pin="0"/><net_sink comp="515" pin=3"/></net>

<net id="528"><net_src comp="515" pin="4"/><net_sink comp="525" pin=0"/></net>

<net id="533"><net_src comp="525" pin="1"/><net_sink comp="529" pin=0"/></net>

<net id="534"><net_src comp="509" pin="2"/><net_sink comp="529" pin=1"/></net>

<net id="538"><net_src comp="92" pin="3"/><net_sink comp="535" pin=0"/></net>

<net id="539"><net_src comp="535" pin="1"/><net_sink comp="99" pin=0"/></net>

<net id="540"><net_src comp="535" pin="1"/><net_sink comp="99" pin=3"/></net>

<net id="544"><net_src comp="104" pin="3"/><net_sink comp="541" pin=0"/></net>

<net id="545"><net_src comp="541" pin="1"/><net_sink comp="111" pin=0"/></net>

<net id="546"><net_src comp="541" pin="1"/><net_sink comp="111" pin=3"/></net>

<net id="550"><net_src comp="116" pin="3"/><net_sink comp="547" pin=0"/></net>

<net id="551"><net_src comp="547" pin="1"/><net_sink comp="123" pin=0"/></net>

<net id="552"><net_src comp="547" pin="1"/><net_sink comp="123" pin=3"/></net>

<net id="556"><net_src comp="261" pin="3"/><net_sink comp="553" pin=0"/></net>

<net id="557"><net_src comp="553" pin="1"/><net_sink comp="297" pin=1"/></net>

<net id="561"><net_src comp="281" pin="4"/><net_sink comp="558" pin=0"/></net>

<net id="562"><net_src comp="558" pin="1"/><net_sink comp="297" pin=2"/></net>

<net id="566"><net_src comp="291" pin="2"/><net_sink comp="563" pin=0"/></net>

<net id="567"><net_src comp="563" pin="1"/><net_sink comp="307" pin=0"/></net>

</net_list>

</model> 
---------------- Datapath Model END ------------------

* FSMD analyzer results:
  - Output states:
  - Chain level:
	State 1
		tmp : 1
		mt_kk_addr : 2
		mt_kk_load : 3
		tmp_5 : 1
		mt_kkp1_addr : 2
		mt_kkp1_load : 3
		tmp_9 : 1
		mt_kkpm_addr : 2
		mt_kkpm_load : 3
		a_assign : 1
		tmp_i : 2
		tmp_1_i : 1
		a_assign_1 : 3
		stg_20 : 4
		a_assign_2 : 1
		tmp_i1 : 2
		tmp_2_i : 1
		a_assign_3 : 3
		stg_25 : 4
		a_assign_4 : 1
		tmp_i3 : 2
		tmp_3_i : 1
		a_assign_5 : 3
		stg_30 : 4
	State 2
		tmp_1 : 1
		tmp_7 : 1
		mag01_cast_cast : 2
		tmp_3 : 1
		tmp1 : 3
	State 3
		tmp_cast : 1
		mt_kk_new : 2
		stg_43 : 2
		stg_44 : 2
		stg_45 : 2
		tmp_2 : 2
		tmp_4 : 3
		y_1 : 4
		tmp_12 : 4
		tmp_11 : 4
		tmp_13 : 4
		tmp_15 : 4
		tmp_14 : 4
		tmp_16 : 4
		tmp_18 : 4
		tmp_17 : 4
		tmp_23 : 4
		tmp_6 : 5
		tmp_10_cast : 6
		y_2 : 7
		tmp_19 : 7
		tmp_20 : 7
		tmp_21 : 7
		tmp_8 : 8
		tmp_12_cast : 9
		y_3 : 10
		tmp_10 : 10
		tmp_22 : 11
		y_4 : 12
		stg_70 : 12


============================================================
+ Verbose Summary: Datapath Resource usage 
============================================================

* Functional unit list:
|----------|------------------------|---------|---------|
| Operation|     Functional Unit    |    FF   |   LUT   |
|----------|------------------------|---------|---------|
|          |       tmp1_fu_291      |    0    |    87   |
|          |    mt_kk_new_fu_307    |    0    |    87   |
|    xor   |       y_1_fu_329       |    0    |    87   |
|          |       y_2_fu_453       |    0    |    87   |
|          |       y_3_fu_509       |    0    |    87   |
|          |       y_4_fu_529       |    0    |    87   |
|----------|------------------------|---------|---------|
|          |     a_assign_fu_165    |    0    |    16   |
|          |     tmp_1_i_fu_177     |    0    |    16   |
|    add   |    a_assign_2_fu_197   |    0    |    16   |
|          |     tmp_2_i_fu_209     |    0    |    16   |
|          |    a_assign_4_fu_229   |    0    |    16   |
|          |     tmp_3_i_fu_241     |    0    |    16   |
|----------|------------------------|---------|---------|
|          |    a_assign_1_fu_183   |    0    |    16   |
|  select  |    a_assign_3_fu_215   |    0    |    16   |
|          |    a_assign_5_fu_247   |    0    |    16   |
|          | mag01_cast_cast_fu_273 |    0    |    33   |
|----------|------------------------|---------|---------|
|          |      tmp_i_fu_171      |    0    |    20   |
|   icmp   |      tmp_i1_fu_203     |    0    |    20   |
|          |      tmp_i3_fu_235     |    0    |    20   |
|----------|------------------------|---------|---------|
|          |       tmp_fu_142       |    0    |    0    |
|          |      tmp_5_fu_151      |    0    |    0    |
|          |      tmp_9_fu_160      |    0    |    0    |
|   zext   |     tmp_cast_fu_303    |    0    |    0    |
|          |      tmp_4_fu_325      |    0    |    0    |
|          |   tmp_10_cast_fu_449   |    0    |    0    |
|          |   tmp_12_cast_fu_505   |    0    |    0    |
|          |      tmp_22_fu_525     |    0    |    0    |
|----------|------------------------|---------|---------|
|          |      tmp_1_fu_261      |    0    |    0    |
|          |      tmp_12_fu_335     |    0    |    0    |
| bitselect|      tmp_13_fu_353     |    0    |    0    |
|          |      tmp_15_fu_361     |    0    |    0    |
|          |      tmp_16_fu_379     |    0    |    0    |
|          |      tmp_18_fu_387     |    0    |    0    |
|----------|------------------------|---------|---------|
|   trunc  |      tmp_7_fu_269      |    0    |    0    |
|          |      tmp_23_fu_405     |    0    |    0    |
|----------|------------------------|---------|---------|
|          |      tmp_3_fu_281      |    0    |    0    |
|          |      tmp_2_fu_315      |    0    |    0    |
|          |      tmp_11_fu_343     |    0    |    0    |
|          |      tmp_14_fu_369     |    0    |    0    |
|partselect|      tmp_17_fu_395     |    0    |    0    |
|          |      tmp_19_fu_459     |    0    |    0    |
|          |      tmp_20_fu_469     |    0    |    0    |
|          |      tmp_21_fu_479     |    0    |    0    |
|          |      tmp_10_fu_515     |    0    |    0    |
|----------|------------------------|---------|---------|
|          |      tmp_s_fu_297      |    0    |    0    |
|bitconcatenate|      tmp_6_fu_409      |    0    |    0    |
|          |      tmp_8_fu_489      |    0    |    0    |
|----------|------------------------|---------|---------|
|   Total  |                        |    0    |   759   |
|----------|------------------------|---------|---------|

Memories:
N/A

* Register list:
+--------------------+--------+
|                    |   FF   |
+--------------------+--------+
| mt_kk_addr_reg_535 |   10   |
|mt_kkp1_addr_reg_541|   10   |
|mt_kkpm_addr_reg_547|   10   |
|    tmp1_reg_563    |   64   |
|    tmp_1_reg_553   |    1   |
|    tmp_3_reg_558   |   30   |
+--------------------+--------+
|        Total       |   125  |
+--------------------+--------+

* Multiplexer (MUX) list: 
|-------------------|------|------|------|--------||---------||---------|
|        Comp       |  Pin | Size |  BW  | S x BW ||  Delay  ||   LUT   |
|-------------------|------|------|------|--------||---------||---------|
|  grp_access_fu_99 |  p0  |   2  |  10  |   20   ||    10   |
| grp_access_fu_111 |  p0  |   2  |  10  |   20   ||    10   |
| grp_access_fu_123 |  p0  |   2  |  10  |   20   ||    10   |
|-------------------|------|------|------|--------||---------||---------|
|       Total       |      |      |      |   60   ||  4.179  ||    30   |
|-------------------|------|------|------|--------||---------||---------|



* Summary:
+-----------+--------+--------+--------+
|           |  Delay |   FF   |   LUT  |
+-----------+--------+--------+--------+
|  Function |    -   |    0   |   759  |
|   Memory  |    -   |    -   |    -   |
|Multiplexer|    4   |    -   |   30   |
|  Register |    -   |   125  |    -   |
+-----------+--------+--------+--------+
|   Total   |    4   |   125  |   789  |
+-----------+--------+--------+--------+
