

================================================================
== Vivado HLS Report for 'dut'
================================================================
* Date:           Thu Dec 11 23:28:40 2014

* Version:        2014.2 (Build 932637 on Wed Jun 11 12:38:34 PM 2014)
* Project:        hls.prj
* Solution:       solution1
* Product family: zynq zynq_fpv6 
* Target device:  xc7z020clg484-1


================================================================
== Performance Estimates
================================================================
+ Timing (ns): 
    * Summary: 
    +---------+-------+----------+------------+
    |  Clock  | Target| Estimated| Uncertainty|
    +---------+-------+----------+------------+
    |default  |  10.00|      8.62|        1.25|
    +---------+-------+----------+------------+

+ Latency (clock cycles): 
    * Summary: 
    +-----+-----+-----+-----+---------+
    |  Latency  |  Interval | Pipeline|
    | min | max | min | max |   Type  |
    +-----+-----+-----+-----+---------+
    |  349|  349|  350|  350|   none  |
    +-----+-----+-----+-----+---------+

    + Detail: 
        * Instance: 
        N/A

        * Loop: 
        N/A



================================================================
== Utilization Estimates
================================================================
* Summary: 
+-----------------+---------+-------+--------+-------+
|       Name      | BRAM_18K| DSP48E|   FF   |  LUT  |
+-----------------+---------+-------+--------+-------+
|Expression       |        -|      -|       -|      -|
|FIFO             |        -|      -|       -|      -|
|Instance         |        -|      -|       -|      -|
|Memory           |        -|      -|       -|      -|
|Multiplexer      |        -|      -|       -|      -|
|Register         |        -|      -|       -|      -|
+-----------------+---------+-------+--------+-------+
|Total            |        0|      0|       0|      0|
+-----------------+---------+-------+--------+-------+
|Available        |      280|    220|  106400|  53200|
+-----------------+---------+-------+--------+-------+
|Utilization (%)  |        0|      0|       0|      0|
+-----------------+---------+-------+--------+-------+

+ Detail: 
    * Instance: 
    N/A

    * Memory: 
    N/A

    * FIFO: 
    N/A

    * Expression: 
    N/A

    * Multiplexer: 
    N/A

    * Register: 
    N/A



================================================================
== Interface
================================================================
* Summary: 
N/A

============================================================
+ Verbose Summary: Synthesis Manager
============================================================
InlineROM: 1
ExposeGlobal: 0
============================================================
+ Verbose Summary: CDFG Model
============================================================
IsTopModel: 1
ResetActiveHigh: 1
IsCombinational: 0
IsDatapathOnly: 0
HasWiredReturn: 1
HasMFsm: 0
HasVarLatency: 1
IsPipeline: 0
IsRtlPipelined: 0
IsInstanceOverlapped: 0
IsDontTouch: 0
HasImplIP: 0
IsGatedGlobalClock: 0


============================================================
+ Verbose Summary: Schedule
============================================================
* Number of FSM states: 350
* Pipeline: 0
* Dataflow Pipeline: 0

* FSM state transitions: 
1 --> 
	2  / true
2 --> 
	3  / true
3 --> 
	4  / true
4 --> 
	5  / true
5 --> 
	6  / true
6 --> 
	7  / true
7 --> 
	8  / true
8 --> 
	9  / true
9 --> 
	10  / true
10 --> 
	11  / true
11 --> 
	12  / true
12 --> 
	13  / true
13 --> 
	14  / true
14 --> 
	15  / true
15 --> 
	16  / true
16 --> 
	17  / true
17 --> 
	18  / true
18 --> 
	19  / true
19 --> 
	20  / true
20 --> 
	21  / true
21 --> 
	22  / true
22 --> 
	23  / true
23 --> 
	24  / true
24 --> 
	25  / true
25 --> 
	26  / true
26 --> 
	27  / true
27 --> 
	28  / true
28 --> 
	29  / true
29 --> 
	30  / true
30 --> 
	31  / true
31 --> 
	32  / true
32 --> 
	33  / true
33 --> 
	34  / true
34 --> 
	35  / true
35 --> 
	36  / true
36 --> 
	37  / true
37 --> 
	38  / true
38 --> 
	39  / true
39 --> 
	40  / true
40 --> 
	41  / true
41 --> 
	42  / true
42 --> 
	43  / true
43 --> 
	44  / true
44 --> 
	45  / true
45 --> 
	46  / true
46 --> 
	47  / true
47 --> 
	48  / true
48 --> 
	49  / true
49 --> 
	50  / true
50 --> 
	51  / true
51 --> 
	52  / true
52 --> 
	53  / true
53 --> 
	54  / true
54 --> 
	55  / true
55 --> 
	56  / true
56 --> 
	57  / true
57 --> 
	58  / true
58 --> 
	59  / true
59 --> 
	60  / true
60 --> 
	61  / true
61 --> 
	62  / true
62 --> 
	63  / true
63 --> 
	64  / true
64 --> 
	65  / true
65 --> 
	66  / true
66 --> 
	67  / true
67 --> 
	68  / true
68 --> 
	69  / true
69 --> 
	70  / true
70 --> 
	71  / true
71 --> 
	72  / true
72 --> 
	73  / true
73 --> 
	74  / true
74 --> 
	75  / true
75 --> 
	76  / true
76 --> 
	77  / true
77 --> 
	78  / true
78 --> 
	79  / true
79 --> 
	80  / true
80 --> 
	81  / true
81 --> 
	82  / true
82 --> 
	83  / true
83 --> 
	84  / true
84 --> 
	85  / true
85 --> 
	86  / true
86 --> 
	87  / true
87 --> 
	88  / true
88 --> 
	89  / true
89 --> 
	90  / true
90 --> 
	91  / true
91 --> 
	92  / true
92 --> 
	93  / true
93 --> 
	94  / true
94 --> 
	95  / true
95 --> 
	96  / true
96 --> 
	97  / true
97 --> 
	98  / true
98 --> 
	99  / true
99 --> 
	100  / true
100 --> 
	101  / true
101 --> 
	102  / true
102 --> 
	103  / true
103 --> 
	104  / true
104 --> 
	105  / true
105 --> 
	106  / true
106 --> 
	107  / true
107 --> 
	108  / true
108 --> 
	109  / true
109 --> 
	110  / true
110 --> 
	111  / true
111 --> 
	112  / true
112 --> 
	113  / true
113 --> 
	114  / true
114 --> 
	115  / true
115 --> 
	116  / true
116 --> 
	117  / true
117 --> 
	118  / true
118 --> 
	119  / true
119 --> 
	120  / true
120 --> 
	121  / true
121 --> 
	122  / true
122 --> 
	123  / true
123 --> 
	124  / true
124 --> 
	125  / true
125 --> 
	126  / true
126 --> 
	127  / true
127 --> 
	128  / true
128 --> 
	129  / true
129 --> 
	130  / true
130 --> 
	131  / true
131 --> 
	132  / true
132 --> 
	133  / true
133 --> 
	134  / true
134 --> 
	135  / true
135 --> 
	136  / true
136 --> 
	137  / true
137 --> 
	138  / true
138 --> 
	139  / true
139 --> 
	140  / true
140 --> 
	141  / true
141 --> 
	142  / true
142 --> 
	143  / true
143 --> 
	144  / true
144 --> 
	145  / true
145 --> 
	146  / true
146 --> 
	147  / true
147 --> 
	148  / true
148 --> 
	149  / true
149 --> 
	150  / true
150 --> 
	151  / true
151 --> 
	152  / true
152 --> 
	153  / true
153 --> 
	154  / true
154 --> 
	155  / true
155 --> 
	156  / true
156 --> 
	157  / true
157 --> 
	158  / true
158 --> 
	159  / true
159 --> 
	160  / true
160 --> 
	161  / true
161 --> 
	162  / true
162 --> 
	163  / true
163 --> 
	164  / true
164 --> 
	165  / true
165 --> 
	166  / true
166 --> 
	167  / true
167 --> 
	168  / true
168 --> 
	169  / true
169 --> 
	170  / true
170 --> 
	171  / true
171 --> 
	172  / true
172 --> 
	173  / true
173 --> 
	174  / true
174 --> 
	175  / true
175 --> 
	176  / true
176 --> 
	177  / true
177 --> 
	178  / true
178 --> 
	179  / true
179 --> 
	180  / true
180 --> 
	181  / true
181 --> 
	182  / true
182 --> 
	183  / true
183 --> 
	184  / true
184 --> 
	185  / true
185 --> 
	186  / true
186 --> 
	187  / true
187 --> 
	188  / true
188 --> 
	189  / true
189 --> 
	190  / true
190 --> 
	191  / true
191 --> 
	192  / true
192 --> 
	193  / true
193 --> 
	194  / true
194 --> 
	195  / true
195 --> 
	196  / true
196 --> 
	197  / true
197 --> 
	198  / true
198 --> 
	199  / true
199 --> 
	200  / true
200 --> 
	201  / true
201 --> 
	202  / true
202 --> 
	203  / true
203 --> 
	204  / true
204 --> 
	205  / true
205 --> 
	206  / true
206 --> 
	207  / true
207 --> 
	208  / true
208 --> 
	209  / true
209 --> 
	210  / true
210 --> 
	211  / true
211 --> 
	212  / true
212 --> 
	213  / true
213 --> 
	214  / true
214 --> 
	215  / true
215 --> 
	216  / true
216 --> 
	217  / true
217 --> 
	218  / true
218 --> 
	219  / true
219 --> 
	220  / true
220 --> 
	221  / true
221 --> 
	222  / true
222 --> 
	223  / true
223 --> 
	224  / true
224 --> 
	225  / true
225 --> 
	226  / true
226 --> 
	227  / true
227 --> 
	228  / true
228 --> 
	229  / true
229 --> 
	230  / true
230 --> 
	231  / true
231 --> 
	232  / true
232 --> 
	233  / true
233 --> 
	234  / true
234 --> 
	235  / true
235 --> 
	236  / true
236 --> 
	237  / true
237 --> 
	238  / true
238 --> 
	239  / true
239 --> 
	240  / true
240 --> 
	241  / true
241 --> 
	242  / true
242 --> 
	243  / true
243 --> 
	244  / true
244 --> 
	245  / true
245 --> 
	246  / true
246 --> 
	247  / true
247 --> 
	248  / true
248 --> 
	249  / true
249 --> 
	250  / true
250 --> 
	251  / true
251 --> 
	252  / true
252 --> 
	253  / true
253 --> 
	254  / true
254 --> 
	255  / true
255 --> 
	256  / true
256 --> 
	257  / true
257 --> 
	258  / true
258 --> 
	259  / true
259 --> 
	260  / true
260 --> 
	261  / true
261 --> 
	262  / true
262 --> 
	263  / true
263 --> 
	264  / true
264 --> 
	265  / true
265 --> 
	266  / true
266 --> 
	267  / true
267 --> 
	268  / true
268 --> 
	269  / true
269 --> 
	270  / true
270 --> 
	271  / true
271 --> 
	272  / true
272 --> 
	273  / true
273 --> 
	274  / true
274 --> 
	275  / true
275 --> 
	276  / true
276 --> 
	277  / true
277 --> 
	278  / true
278 --> 
	279  / true
279 --> 
	280  / true
280 --> 
	281  / true
281 --> 
	282  / true
282 --> 
	283  / true
283 --> 
	284  / true
284 --> 
	285  / true
285 --> 
	286  / true
286 --> 
	287  / true
287 --> 
	288  / true
288 --> 
	289  / true
289 --> 
	290  / true
290 --> 
	291  / true
291 --> 
	292  / true
292 --> 
	293  / true
293 --> 
	294  / true
294 --> 
	295  / true
295 --> 
	296  / true
296 --> 
	297  / true
297 --> 
	298  / true
298 --> 
	299  / true
299 --> 
	300  / true
300 --> 
	301  / true
301 --> 
	302  / true
302 --> 
	303  / true
303 --> 
	304  / true
304 --> 
	305  / true
305 --> 
	306  / true
306 --> 
	307  / true
307 --> 
	308  / true
308 --> 
	309  / true
309 --> 
	310  / true
310 --> 
	311  / true
311 --> 
	312  / true
312 --> 
	313  / true
313 --> 
	314  / true
314 --> 
	315  / true
315 --> 
	316  / true
316 --> 
	317  / true
317 --> 
	318  / true
318 --> 
	319  / true
319 --> 
	320  / true
320 --> 
	321  / true
321 --> 
	322  / true
322 --> 
	323  / true
323 --> 
	324  / true
324 --> 
	325  / true
325 --> 
	326  / true
326 --> 
	327  / true
327 --> 
	328  / true
328 --> 
	329  / true
329 --> 
	330  / true
330 --> 
	331  / true
331 --> 
	332  / true
332 --> 
	333  / true
333 --> 
	334  / true
334 --> 
	335  / true
335 --> 
	336  / true
336 --> 
	337  / true
337 --> 
	338  / true
338 --> 
	339  / true
339 --> 
	340  / true
340 --> 
	341  / true
341 --> 
	342  / true
342 --> 
	343  / true
343 --> 
	344  / true
344 --> 
	345  / true
345 --> 
	346  / true
346 --> 
	347  / true
347 --> 
	348  / true
348 --> 
	349  / true
349 --> 
	350  / true
350 --> 
* FSM state operations: 

 <State 1>: 1.86ns
ST_1: tmp [1/1] 1.86ns
:6  %tmp = call i32 @_ssdm_op_Read.ap_fifo.volatile.i32P(i32* %in_fifo_V)

ST_1: CallPutFlag [1/1] 0.00ns
:7  %CallPutFlag = trunc i32 %tmp to i8


 <State 2>: 1.86ns
ST_2: tmp_25 [1/1] 1.86ns
:8  %tmp_25 = call i32 @_ssdm_op_Read.ap_fifo.volatile.i32P(i32* %in_fifo_V)


 <State 3>: 1.86ns
ST_3: tmp_26 [1/1] 1.86ns
:9  %tmp_26 = call i32 @_ssdm_op_Read.ap_fifo.volatile.i32P(i32* %in_fifo_V)


 <State 4>: 1.86ns
ST_4: tmp_27 [1/1] 1.86ns
:14  %tmp_27 = call i32 @_ssdm_op_Read.ap_fifo.volatile.i32P(i32* %in_fifo_V)


 <State 5>: 1.86ns
ST_5: tmp_28 [1/1] 1.86ns
:15  %tmp_28 = call i32 @_ssdm_op_Read.ap_fifo.volatile.i32P(i32* %in_fifo_V)


 <State 6>: 1.86ns
ST_6: tmp_29 [1/1] 1.86ns
:20  %tmp_29 = call i32 @_ssdm_op_Read.ap_fifo.volatile.i32P(i32* %in_fifo_V)


 <State 7>: 1.86ns
ST_7: tmp_30 [1/1] 1.86ns
:21  %tmp_30 = call i32 @_ssdm_op_Read.ap_fifo.volatile.i32P(i32* %in_fifo_V)


 <State 8>: 1.86ns
ST_8: tmp_31 [1/1] 1.86ns
:26  %tmp_31 = call i32 @_ssdm_op_Read.ap_fifo.volatile.i32P(i32* %in_fifo_V)


 <State 9>: 1.86ns
ST_9: tmp_32 [1/1] 1.86ns
:27  %tmp_32 = call i32 @_ssdm_op_Read.ap_fifo.volatile.i32P(i32* %in_fifo_V)


 <State 10>: 1.86ns
ST_10: tmp_33 [1/1] 1.86ns
:32  %tmp_33 = call i32 @_ssdm_op_Read.ap_fifo.volatile.i32P(i32* %in_fifo_V)


 <State 11>: 7.26ns
ST_11: tmp_4 [1/1] 0.00ns
:10  %tmp_4 = call i64 @_ssdm_op_BitConcatenate.i64.i32.i32(i32 %tmp_25, i32 0)

ST_11: tmp_5 [1/1] 0.00ns
:11  %tmp_5 = sext i32 %tmp_26 to i64

ST_11: full [1/1] 3.40ns
:12  %full = add nsw i64 %tmp_4, %tmp_5

ST_11: S [1/1] 0.00ns
:13  %S = bitcast i64 %full to double

ST_11: tmp_s [1/1] 0.00ns
:16  %tmp_s = call i64 @_ssdm_op_BitConcatenate.i64.i32.i32(i32 %tmp_27, i32 0)

ST_11: tmp_8 [1/1] 0.00ns
:17  %tmp_8 = sext i32 %tmp_28 to i64

ST_11: full_1 [1/1] 3.40ns
:18  %full_1 = add nsw i64 %tmp_s, %tmp_8

ST_11: X [1/1] 0.00ns
:19  %X = bitcast i64 %full_1 to double

ST_11: tmp_1 [1/1] 0.00ns
:22  %tmp_1 = call i64 @_ssdm_op_BitConcatenate.i64.i32.i32(i32 %tmp_29, i32 0)

ST_11: tmp_2 [1/1] 0.00ns
:23  %tmp_2 = sext i32 %tmp_30 to i64

ST_11: full_2 [1/1] 3.40ns
:24  %full_2 = add nsw i64 %tmp_1, %tmp_2

ST_11: T [1/1] 0.00ns
:25  %T = bitcast i64 %full_2 to double

ST_11: tmp_3 [1/1] 0.00ns
:28  %tmp_3 = call i64 @_ssdm_op_BitConcatenate.i64.i32.i32(i32 %tmp_31, i32 0)

ST_11: tmp_6 [1/1] 0.00ns
:29  %tmp_6 = sext i32 %tmp_32 to i64

ST_11: full_3 [1/1] 3.40ns
:30  %full_3 = add nsw i64 %tmp_3, %tmp_6

ST_11: r [1/1] 0.00ns
:31  %r = bitcast i64 %full_3 to double

ST_11: tmp_34 [1/1] 1.86ns
:33  %tmp_34 = call i32 @_ssdm_op_Read.ap_fifo.volatile.i32P(i32* %in_fifo_V)

ST_11: tmp_7 [1/1] 0.00ns
:34  %tmp_7 = call i64 @_ssdm_op_BitConcatenate.i64.i32.i32(i32 %tmp_33, i32 0)

ST_11: tmp_9 [1/1] 0.00ns
:35  %tmp_9 = sext i32 %tmp_34 to i64

ST_11: full_4 [1/1] 3.40ns
:36  %full_4 = add nsw i64 %tmp_7, %tmp_9

ST_11: b [1/1] 0.00ns
:37  %b = bitcast i64 %full_4 to double

ST_11: result [339/339] 2.00ns
:38  %result = call fastcc double @BlackScholes(i8 signext %CallPutFlag, double %S, double %X, double %T, double %r, double %b)


 <State 12>: 8.62ns
ST_12: result [338/339] 8.62ns
:38  %result = call fastcc double @BlackScholes(i8 signext %CallPutFlag, double %S, double %X, double %T, double %r, double %b)


 <State 13>: 8.62ns
ST_13: result [337/339] 8.62ns
:38  %result = call fastcc double @BlackScholes(i8 signext %CallPutFlag, double %S, double %X, double %T, double %r, double %b)


 <State 14>: 8.62ns
ST_14: result [336/339] 8.62ns
:38  %result = call fastcc double @BlackScholes(i8 signext %CallPutFlag, double %S, double %X, double %T, double %r, double %b)


 <State 15>: 8.62ns
ST_15: result [335/339] 8.62ns
:38  %result = call fastcc double @BlackScholes(i8 signext %CallPutFlag, double %S, double %X, double %T, double %r, double %b)


 <State 16>: 8.62ns
ST_16: result [334/339] 8.62ns
:38  %result = call fastcc double @BlackScholes(i8 signext %CallPutFlag, double %S, double %X, double %T, double %r, double %b)


 <State 17>: 8.62ns
ST_17: result [333/339] 8.62ns
:38  %result = call fastcc double @BlackScholes(i8 signext %CallPutFlag, double %S, double %X, double %T, double %r, double %b)


 <State 18>: 8.62ns
ST_18: result [332/339] 8.62ns
:38  %result = call fastcc double @BlackScholes(i8 signext %CallPutFlag, double %S, double %X, double %T, double %r, double %b)


 <State 19>: 8.62ns
ST_19: result [331/339] 8.62ns
:38  %result = call fastcc double @BlackScholes(i8 signext %CallPutFlag, double %S, double %X, double %T, double %r, double %b)


 <State 20>: 8.62ns
ST_20: result [330/339] 8.62ns
:38  %result = call fastcc double @BlackScholes(i8 signext %CallPutFlag, double %S, double %X, double %T, double %r, double %b)


 <State 21>: 8.62ns
ST_21: result [329/339] 8.62ns
:38  %result = call fastcc double @BlackScholes(i8 signext %CallPutFlag, double %S, double %X, double %T, double %r, double %b)


 <State 22>: 8.62ns
ST_22: result [328/339] 8.62ns
:38  %result = call fastcc double @BlackScholes(i8 signext %CallPutFlag, double %S, double %X, double %T, double %r, double %b)


 <State 23>: 8.62ns
ST_23: result [327/339] 8.62ns
:38  %result = call fastcc double @BlackScholes(i8 signext %CallPutFlag, double %S, double %X, double %T, double %r, double %b)


 <State 24>: 8.62ns
ST_24: result [326/339] 8.62ns
:38  %result = call fastcc double @BlackScholes(i8 signext %CallPutFlag, double %S, double %X, double %T, double %r, double %b)


 <State 25>: 8.62ns
ST_25: result [325/339] 8.62ns
:38  %result = call fastcc double @BlackScholes(i8 signext %CallPutFlag, double %S, double %X, double %T, double %r, double %b)


 <State 26>: 8.62ns
ST_26: result [324/339] 8.62ns
:38  %result = call fastcc double @BlackScholes(i8 signext %CallPutFlag, double %S, double %X, double %T, double %r, double %b)


 <State 27>: 8.62ns
ST_27: result [323/339] 8.62ns
:38  %result = call fastcc double @BlackScholes(i8 signext %CallPutFlag, double %S, double %X, double %T, double %r, double %b)


 <State 28>: 8.62ns
ST_28: result [322/339] 8.62ns
:38  %result = call fastcc double @BlackScholes(i8 signext %CallPutFlag, double %S, double %X, double %T, double %r, double %b)


 <State 29>: 8.62ns
ST_29: result [321/339] 8.62ns
:38  %result = call fastcc double @BlackScholes(i8 signext %CallPutFlag, double %S, double %X, double %T, double %r, double %b)


 <State 30>: 8.62ns
ST_30: result [320/339] 8.62ns
:38  %result = call fastcc double @BlackScholes(i8 signext %CallPutFlag, double %S, double %X, double %T, double %r, double %b)


 <State 31>: 8.62ns
ST_31: result [319/339] 8.62ns
:38  %result = call fastcc double @BlackScholes(i8 signext %CallPutFlag, double %S, double %X, double %T, double %r, double %b)


 <State 32>: 8.62ns
ST_32: result [318/339] 8.62ns
:38  %result = call fastcc double @BlackScholes(i8 signext %CallPutFlag, double %S, double %X, double %T, double %r, double %b)


 <State 33>: 8.62ns
ST_33: result [317/339] 8.62ns
:38  %result = call fastcc double @BlackScholes(i8 signext %CallPutFlag, double %S, double %X, double %T, double %r, double %b)


 <State 34>: 8.62ns
ST_34: result [316/339] 8.62ns
:38  %result = call fastcc double @BlackScholes(i8 signext %CallPutFlag, double %S, double %X, double %T, double %r, double %b)


 <State 35>: 8.62ns
ST_35: result [315/339] 8.62ns
:38  %result = call fastcc double @BlackScholes(i8 signext %CallPutFlag, double %S, double %X, double %T, double %r, double %b)


 <State 36>: 8.62ns
ST_36: result [314/339] 8.62ns
:38  %result = call fastcc double @BlackScholes(i8 signext %CallPutFlag, double %S, double %X, double %T, double %r, double %b)


 <State 37>: 8.62ns
ST_37: result [313/339] 8.62ns
:38  %result = call fastcc double @BlackScholes(i8 signext %CallPutFlag, double %S, double %X, double %T, double %r, double %b)


 <State 38>: 8.62ns
ST_38: result [312/339] 8.62ns
:38  %result = call fastcc double @BlackScholes(i8 signext %CallPutFlag, double %S, double %X, double %T, double %r, double %b)


 <State 39>: 8.62ns
ST_39: result [311/339] 8.62ns
:38  %result = call fastcc double @BlackScholes(i8 signext %CallPutFlag, double %S, double %X, double %T, double %r, double %b)


 <State 40>: 8.62ns
ST_40: result [310/339] 8.62ns
:38  %result = call fastcc double @BlackScholes(i8 signext %CallPutFlag, double %S, double %X, double %T, double %r, double %b)


 <State 41>: 8.62ns
ST_41: result [309/339] 8.62ns
:38  %result = call fastcc double @BlackScholes(i8 signext %CallPutFlag, double %S, double %X, double %T, double %r, double %b)


 <State 42>: 8.62ns
ST_42: result [308/339] 8.62ns
:38  %result = call fastcc double @BlackScholes(i8 signext %CallPutFlag, double %S, double %X, double %T, double %r, double %b)


 <State 43>: 8.62ns
ST_43: result [307/339] 8.62ns
:38  %result = call fastcc double @BlackScholes(i8 signext %CallPutFlag, double %S, double %X, double %T, double %r, double %b)


 <State 44>: 8.62ns
ST_44: result [306/339] 8.62ns
:38  %result = call fastcc double @BlackScholes(i8 signext %CallPutFlag, double %S, double %X, double %T, double %r, double %b)


 <State 45>: 8.62ns
ST_45: result [305/339] 8.62ns
:38  %result = call fastcc double @BlackScholes(i8 signext %CallPutFlag, double %S, double %X, double %T, double %r, double %b)


 <State 46>: 8.62ns
ST_46: result [304/339] 8.62ns
:38  %result = call fastcc double @BlackScholes(i8 signext %CallPutFlag, double %S, double %X, double %T, double %r, double %b)


 <State 47>: 8.62ns
ST_47: result [303/339] 8.62ns
:38  %result = call fastcc double @BlackScholes(i8 signext %CallPutFlag, double %S, double %X, double %T, double %r, double %b)


 <State 48>: 8.62ns
ST_48: result [302/339] 8.62ns
:38  %result = call fastcc double @BlackScholes(i8 signext %CallPutFlag, double %S, double %X, double %T, double %r, double %b)


 <State 49>: 8.62ns
ST_49: result [301/339] 8.62ns
:38  %result = call fastcc double @BlackScholes(i8 signext %CallPutFlag, double %S, double %X, double %T, double %r, double %b)


 <State 50>: 8.62ns
ST_50: result [300/339] 8.62ns
:38  %result = call fastcc double @BlackScholes(i8 signext %CallPutFlag, double %S, double %X, double %T, double %r, double %b)


 <State 51>: 8.62ns
ST_51: result [299/339] 8.62ns
:38  %result = call fastcc double @BlackScholes(i8 signext %CallPutFlag, double %S, double %X, double %T, double %r, double %b)


 <State 52>: 8.62ns
ST_52: result [298/339] 8.62ns
:38  %result = call fastcc double @BlackScholes(i8 signext %CallPutFlag, double %S, double %X, double %T, double %r, double %b)


 <State 53>: 8.62ns
ST_53: result [297/339] 8.62ns
:38  %result = call fastcc double @BlackScholes(i8 signext %CallPutFlag, double %S, double %X, double %T, double %r, double %b)


 <State 54>: 8.62ns
ST_54: result [296/339] 8.62ns
:38  %result = call fastcc double @BlackScholes(i8 signext %CallPutFlag, double %S, double %X, double %T, double %r, double %b)


 <State 55>: 8.62ns
ST_55: result [295/339] 8.62ns
:38  %result = call fastcc double @BlackScholes(i8 signext %CallPutFlag, double %S, double %X, double %T, double %r, double %b)


 <State 56>: 8.62ns
ST_56: result [294/339] 8.62ns
:38  %result = call fastcc double @BlackScholes(i8 signext %CallPutFlag, double %S, double %X, double %T, double %r, double %b)


 <State 57>: 8.62ns
ST_57: result [293/339] 8.62ns
:38  %result = call fastcc double @BlackScholes(i8 signext %CallPutFlag, double %S, double %X, double %T, double %r, double %b)


 <State 58>: 8.62ns
ST_58: result [292/339] 8.62ns
:38  %result = call fastcc double @BlackScholes(i8 signext %CallPutFlag, double %S, double %X, double %T, double %r, double %b)


 <State 59>: 8.62ns
ST_59: result [291/339] 8.62ns
:38  %result = call fastcc double @BlackScholes(i8 signext %CallPutFlag, double %S, double %X, double %T, double %r, double %b)


 <State 60>: 8.62ns
ST_60: result [290/339] 8.62ns
:38  %result = call fastcc double @BlackScholes(i8 signext %CallPutFlag, double %S, double %X, double %T, double %r, double %b)


 <State 61>: 8.62ns
ST_61: result [289/339] 8.62ns
:38  %result = call fastcc double @BlackScholes(i8 signext %CallPutFlag, double %S, double %X, double %T, double %r, double %b)


 <State 62>: 8.62ns
ST_62: result [288/339] 8.62ns
:38  %result = call fastcc double @BlackScholes(i8 signext %CallPutFlag, double %S, double %X, double %T, double %r, double %b)


 <State 63>: 8.62ns
ST_63: result [287/339] 8.62ns
:38  %result = call fastcc double @BlackScholes(i8 signext %CallPutFlag, double %S, double %X, double %T, double %r, double %b)


 <State 64>: 8.62ns
ST_64: result [286/339] 8.62ns
:38  %result = call fastcc double @BlackScholes(i8 signext %CallPutFlag, double %S, double %X, double %T, double %r, double %b)


 <State 65>: 8.62ns
ST_65: result [285/339] 8.62ns
:38  %result = call fastcc double @BlackScholes(i8 signext %CallPutFlag, double %S, double %X, double %T, double %r, double %b)


 <State 66>: 8.62ns
ST_66: result [284/339] 8.62ns
:38  %result = call fastcc double @BlackScholes(i8 signext %CallPutFlag, double %S, double %X, double %T, double %r, double %b)


 <State 67>: 8.62ns
ST_67: result [283/339] 8.62ns
:38  %result = call fastcc double @BlackScholes(i8 signext %CallPutFlag, double %S, double %X, double %T, double %r, double %b)


 <State 68>: 8.62ns
ST_68: result [282/339] 8.62ns
:38  %result = call fastcc double @BlackScholes(i8 signext %CallPutFlag, double %S, double %X, double %T, double %r, double %b)


 <State 69>: 8.62ns
ST_69: result [281/339] 8.62ns
:38  %result = call fastcc double @BlackScholes(i8 signext %CallPutFlag, double %S, double %X, double %T, double %r, double %b)


 <State 70>: 8.62ns
ST_70: result [280/339] 8.62ns
:38  %result = call fastcc double @BlackScholes(i8 signext %CallPutFlag, double %S, double %X, double %T, double %r, double %b)


 <State 71>: 8.62ns
ST_71: result [279/339] 8.62ns
:38  %result = call fastcc double @BlackScholes(i8 signext %CallPutFlag, double %S, double %X, double %T, double %r, double %b)


 <State 72>: 8.62ns
ST_72: result [278/339] 8.62ns
:38  %result = call fastcc double @BlackScholes(i8 signext %CallPutFlag, double %S, double %X, double %T, double %r, double %b)


 <State 73>: 8.62ns
ST_73: result [277/339] 8.62ns
:38  %result = call fastcc double @BlackScholes(i8 signext %CallPutFlag, double %S, double %X, double %T, double %r, double %b)


 <State 74>: 8.62ns
ST_74: result [276/339] 8.62ns
:38  %result = call fastcc double @BlackScholes(i8 signext %CallPutFlag, double %S, double %X, double %T, double %r, double %b)


 <State 75>: 8.62ns
ST_75: result [275/339] 8.62ns
:38  %result = call fastcc double @BlackScholes(i8 signext %CallPutFlag, double %S, double %X, double %T, double %r, double %b)


 <State 76>: 8.62ns
ST_76: result [274/339] 8.62ns
:38  %result = call fastcc double @BlackScholes(i8 signext %CallPutFlag, double %S, double %X, double %T, double %r, double %b)


 <State 77>: 8.62ns
ST_77: result [273/339] 8.62ns
:38  %result = call fastcc double @BlackScholes(i8 signext %CallPutFlag, double %S, double %X, double %T, double %r, double %b)


 <State 78>: 8.62ns
ST_78: result [272/339] 8.62ns
:38  %result = call fastcc double @BlackScholes(i8 signext %CallPutFlag, double %S, double %X, double %T, double %r, double %b)


 <State 79>: 8.62ns
ST_79: result [271/339] 8.62ns
:38  %result = call fastcc double @BlackScholes(i8 signext %CallPutFlag, double %S, double %X, double %T, double %r, double %b)


 <State 80>: 8.62ns
ST_80: result [270/339] 8.62ns
:38  %result = call fastcc double @BlackScholes(i8 signext %CallPutFlag, double %S, double %X, double %T, double %r, double %b)


 <State 81>: 8.62ns
ST_81: result [269/339] 8.62ns
:38  %result = call fastcc double @BlackScholes(i8 signext %CallPutFlag, double %S, double %X, double %T, double %r, double %b)


 <State 82>: 8.62ns
ST_82: result [268/339] 8.62ns
:38  %result = call fastcc double @BlackScholes(i8 signext %CallPutFlag, double %S, double %X, double %T, double %r, double %b)


 <State 83>: 8.62ns
ST_83: result [267/339] 8.62ns
:38  %result = call fastcc double @BlackScholes(i8 signext %CallPutFlag, double %S, double %X, double %T, double %r, double %b)


 <State 84>: 8.62ns
ST_84: result [266/339] 8.62ns
:38  %result = call fastcc double @BlackScholes(i8 signext %CallPutFlag, double %S, double %X, double %T, double %r, double %b)


 <State 85>: 8.62ns
ST_85: result [265/339] 8.62ns
:38  %result = call fastcc double @BlackScholes(i8 signext %CallPutFlag, double %S, double %X, double %T, double %r, double %b)


 <State 86>: 8.62ns
ST_86: result [264/339] 8.62ns
:38  %result = call fastcc double @BlackScholes(i8 signext %CallPutFlag, double %S, double %X, double %T, double %r, double %b)


 <State 87>: 8.62ns
ST_87: result [263/339] 8.62ns
:38  %result = call fastcc double @BlackScholes(i8 signext %CallPutFlag, double %S, double %X, double %T, double %r, double %b)


 <State 88>: 8.62ns
ST_88: result [262/339] 8.62ns
:38  %result = call fastcc double @BlackScholes(i8 signext %CallPutFlag, double %S, double %X, double %T, double %r, double %b)


 <State 89>: 8.62ns
ST_89: result [261/339] 8.62ns
:38  %result = call fastcc double @BlackScholes(i8 signext %CallPutFlag, double %S, double %X, double %T, double %r, double %b)


 <State 90>: 8.62ns
ST_90: result [260/339] 8.62ns
:38  %result = call fastcc double @BlackScholes(i8 signext %CallPutFlag, double %S, double %X, double %T, double %r, double %b)


 <State 91>: 8.62ns
ST_91: result [259/339] 8.62ns
:38  %result = call fastcc double @BlackScholes(i8 signext %CallPutFlag, double %S, double %X, double %T, double %r, double %b)


 <State 92>: 8.62ns
ST_92: result [258/339] 8.62ns
:38  %result = call fastcc double @BlackScholes(i8 signext %CallPutFlag, double %S, double %X, double %T, double %r, double %b)


 <State 93>: 8.62ns
ST_93: result [257/339] 8.62ns
:38  %result = call fastcc double @BlackScholes(i8 signext %CallPutFlag, double %S, double %X, double %T, double %r, double %b)


 <State 94>: 8.62ns
ST_94: result [256/339] 8.62ns
:38  %result = call fastcc double @BlackScholes(i8 signext %CallPutFlag, double %S, double %X, double %T, double %r, double %b)


 <State 95>: 8.62ns
ST_95: result [255/339] 8.62ns
:38  %result = call fastcc double @BlackScholes(i8 signext %CallPutFlag, double %S, double %X, double %T, double %r, double %b)


 <State 96>: 8.62ns
ST_96: result [254/339] 8.62ns
:38  %result = call fastcc double @BlackScholes(i8 signext %CallPutFlag, double %S, double %X, double %T, double %r, double %b)


 <State 97>: 8.62ns
ST_97: result [253/339] 8.62ns
:38  %result = call fastcc double @BlackScholes(i8 signext %CallPutFlag, double %S, double %X, double %T, double %r, double %b)


 <State 98>: 8.62ns
ST_98: result [252/339] 8.62ns
:38  %result = call fastcc double @BlackScholes(i8 signext %CallPutFlag, double %S, double %X, double %T, double %r, double %b)


 <State 99>: 8.62ns
ST_99: result [251/339] 8.62ns
:38  %result = call fastcc double @BlackScholes(i8 signext %CallPutFlag, double %S, double %X, double %T, double %r, double %b)


 <State 100>: 8.62ns
ST_100: result [250/339] 8.62ns
:38  %result = call fastcc double @BlackScholes(i8 signext %CallPutFlag, double %S, double %X, double %T, double %r, double %b)


 <State 101>: 8.62ns
ST_101: result [249/339] 8.62ns
:38  %result = call fastcc double @BlackScholes(i8 signext %CallPutFlag, double %S, double %X, double %T, double %r, double %b)


 <State 102>: 8.62ns
ST_102: result [248/339] 8.62ns
:38  %result = call fastcc double @BlackScholes(i8 signext %CallPutFlag, double %S, double %X, double %T, double %r, double %b)


 <State 103>: 8.62ns
ST_103: result [247/339] 8.62ns
:38  %result = call fastcc double @BlackScholes(i8 signext %CallPutFlag, double %S, double %X, double %T, double %r, double %b)


 <State 104>: 8.62ns
ST_104: result [246/339] 8.62ns
:38  %result = call fastcc double @BlackScholes(i8 signext %CallPutFlag, double %S, double %X, double %T, double %r, double %b)


 <State 105>: 8.62ns
ST_105: result [245/339] 8.62ns
:38  %result = call fastcc double @BlackScholes(i8 signext %CallPutFlag, double %S, double %X, double %T, double %r, double %b)


 <State 106>: 8.62ns
ST_106: result [244/339] 8.62ns
:38  %result = call fastcc double @BlackScholes(i8 signext %CallPutFlag, double %S, double %X, double %T, double %r, double %b)


 <State 107>: 8.62ns
ST_107: result [243/339] 8.62ns
:38  %result = call fastcc double @BlackScholes(i8 signext %CallPutFlag, double %S, double %X, double %T, double %r, double %b)


 <State 108>: 8.62ns
ST_108: result [242/339] 8.62ns
:38  %result = call fastcc double @BlackScholes(i8 signext %CallPutFlag, double %S, double %X, double %T, double %r, double %b)


 <State 109>: 8.62ns
ST_109: result [241/339] 8.62ns
:38  %result = call fastcc double @BlackScholes(i8 signext %CallPutFlag, double %S, double %X, double %T, double %r, double %b)


 <State 110>: 8.62ns
ST_110: result [240/339] 8.62ns
:38  %result = call fastcc double @BlackScholes(i8 signext %CallPutFlag, double %S, double %X, double %T, double %r, double %b)


 <State 111>: 8.62ns
ST_111: result [239/339] 8.62ns
:38  %result = call fastcc double @BlackScholes(i8 signext %CallPutFlag, double %S, double %X, double %T, double %r, double %b)


 <State 112>: 8.62ns
ST_112: result [238/339] 8.62ns
:38  %result = call fastcc double @BlackScholes(i8 signext %CallPutFlag, double %S, double %X, double %T, double %r, double %b)


 <State 113>: 8.62ns
ST_113: result [237/339] 8.62ns
:38  %result = call fastcc double @BlackScholes(i8 signext %CallPutFlag, double %S, double %X, double %T, double %r, double %b)


 <State 114>: 8.62ns
ST_114: result [236/339] 8.62ns
:38  %result = call fastcc double @BlackScholes(i8 signext %CallPutFlag, double %S, double %X, double %T, double %r, double %b)


 <State 115>: 8.62ns
ST_115: result [235/339] 8.62ns
:38  %result = call fastcc double @BlackScholes(i8 signext %CallPutFlag, double %S, double %X, double %T, double %r, double %b)


 <State 116>: 8.62ns
ST_116: result [234/339] 8.62ns
:38  %result = call fastcc double @BlackScholes(i8 signext %CallPutFlag, double %S, double %X, double %T, double %r, double %b)


 <State 117>: 8.62ns
ST_117: result [233/339] 8.62ns
:38  %result = call fastcc double @BlackScholes(i8 signext %CallPutFlag, double %S, double %X, double %T, double %r, double %b)


 <State 118>: 8.62ns
ST_118: result [232/339] 8.62ns
:38  %result = call fastcc double @BlackScholes(i8 signext %CallPutFlag, double %S, double %X, double %T, double %r, double %b)


 <State 119>: 8.62ns
ST_119: result [231/339] 8.62ns
:38  %result = call fastcc double @BlackScholes(i8 signext %CallPutFlag, double %S, double %X, double %T, double %r, double %b)


 <State 120>: 8.62ns
ST_120: result [230/339] 8.62ns
:38  %result = call fastcc double @BlackScholes(i8 signext %CallPutFlag, double %S, double %X, double %T, double %r, double %b)


 <State 121>: 8.62ns
ST_121: result [229/339] 8.62ns
:38  %result = call fastcc double @BlackScholes(i8 signext %CallPutFlag, double %S, double %X, double %T, double %r, double %b)


 <State 122>: 8.62ns
ST_122: result [228/339] 8.62ns
:38  %result = call fastcc double @BlackScholes(i8 signext %CallPutFlag, double %S, double %X, double %T, double %r, double %b)


 <State 123>: 8.62ns
ST_123: result [227/339] 8.62ns
:38  %result = call fastcc double @BlackScholes(i8 signext %CallPutFlag, double %S, double %X, double %T, double %r, double %b)


 <State 124>: 8.62ns
ST_124: result [226/339] 8.62ns
:38  %result = call fastcc double @BlackScholes(i8 signext %CallPutFlag, double %S, double %X, double %T, double %r, double %b)


 <State 125>: 8.62ns
ST_125: result [225/339] 8.62ns
:38  %result = call fastcc double @BlackScholes(i8 signext %CallPutFlag, double %S, double %X, double %T, double %r, double %b)


 <State 126>: 8.62ns
ST_126: result [224/339] 8.62ns
:38  %result = call fastcc double @BlackScholes(i8 signext %CallPutFlag, double %S, double %X, double %T, double %r, double %b)


 <State 127>: 8.62ns
ST_127: result [223/339] 8.62ns
:38  %result = call fastcc double @BlackScholes(i8 signext %CallPutFlag, double %S, double %X, double %T, double %r, double %b)


 <State 128>: 8.62ns
ST_128: result [222/339] 8.62ns
:38  %result = call fastcc double @BlackScholes(i8 signext %CallPutFlag, double %S, double %X, double %T, double %r, double %b)


 <State 129>: 8.62ns
ST_129: result [221/339] 8.62ns
:38  %result = call fastcc double @BlackScholes(i8 signext %CallPutFlag, double %S, double %X, double %T, double %r, double %b)


 <State 130>: 8.62ns
ST_130: result [220/339] 8.62ns
:38  %result = call fastcc double @BlackScholes(i8 signext %CallPutFlag, double %S, double %X, double %T, double %r, double %b)


 <State 131>: 8.62ns
ST_131: result [219/339] 8.62ns
:38  %result = call fastcc double @BlackScholes(i8 signext %CallPutFlag, double %S, double %X, double %T, double %r, double %b)


 <State 132>: 8.62ns
ST_132: result [218/339] 8.62ns
:38  %result = call fastcc double @BlackScholes(i8 signext %CallPutFlag, double %S, double %X, double %T, double %r, double %b)


 <State 133>: 8.62ns
ST_133: result [217/339] 8.62ns
:38  %result = call fastcc double @BlackScholes(i8 signext %CallPutFlag, double %S, double %X, double %T, double %r, double %b)


 <State 134>: 8.62ns
ST_134: result [216/339] 8.62ns
:38  %result = call fastcc double @BlackScholes(i8 signext %CallPutFlag, double %S, double %X, double %T, double %r, double %b)


 <State 135>: 8.62ns
ST_135: result [215/339] 8.62ns
:38  %result = call fastcc double @BlackScholes(i8 signext %CallPutFlag, double %S, double %X, double %T, double %r, double %b)


 <State 136>: 8.62ns
ST_136: result [214/339] 8.62ns
:38  %result = call fastcc double @BlackScholes(i8 signext %CallPutFlag, double %S, double %X, double %T, double %r, double %b)


 <State 137>: 8.62ns
ST_137: result [213/339] 8.62ns
:38  %result = call fastcc double @BlackScholes(i8 signext %CallPutFlag, double %S, double %X, double %T, double %r, double %b)


 <State 138>: 8.62ns
ST_138: result [212/339] 8.62ns
:38  %result = call fastcc double @BlackScholes(i8 signext %CallPutFlag, double %S, double %X, double %T, double %r, double %b)


 <State 139>: 8.62ns
ST_139: result [211/339] 8.62ns
:38  %result = call fastcc double @BlackScholes(i8 signext %CallPutFlag, double %S, double %X, double %T, double %r, double %b)


 <State 140>: 8.62ns
ST_140: result [210/339] 8.62ns
:38  %result = call fastcc double @BlackScholes(i8 signext %CallPutFlag, double %S, double %X, double %T, double %r, double %b)


 <State 141>: 8.62ns
ST_141: result [209/339] 8.62ns
:38  %result = call fastcc double @BlackScholes(i8 signext %CallPutFlag, double %S, double %X, double %T, double %r, double %b)


 <State 142>: 8.62ns
ST_142: result [208/339] 8.62ns
:38  %result = call fastcc double @BlackScholes(i8 signext %CallPutFlag, double %S, double %X, double %T, double %r, double %b)


 <State 143>: 8.62ns
ST_143: result [207/339] 8.62ns
:38  %result = call fastcc double @BlackScholes(i8 signext %CallPutFlag, double %S, double %X, double %T, double %r, double %b)


 <State 144>: 8.62ns
ST_144: result [206/339] 8.62ns
:38  %result = call fastcc double @BlackScholes(i8 signext %CallPutFlag, double %S, double %X, double %T, double %r, double %b)


 <State 145>: 8.62ns
ST_145: result [205/339] 8.62ns
:38  %result = call fastcc double @BlackScholes(i8 signext %CallPutFlag, double %S, double %X, double %T, double %r, double %b)


 <State 146>: 8.62ns
ST_146: result [204/339] 8.62ns
:38  %result = call fastcc double @BlackScholes(i8 signext %CallPutFlag, double %S, double %X, double %T, double %r, double %b)


 <State 147>: 8.62ns
ST_147: result [203/339] 8.62ns
:38  %result = call fastcc double @BlackScholes(i8 signext %CallPutFlag, double %S, double %X, double %T, double %r, double %b)


 <State 148>: 8.62ns
ST_148: result [202/339] 8.62ns
:38  %result = call fastcc double @BlackScholes(i8 signext %CallPutFlag, double %S, double %X, double %T, double %r, double %b)


 <State 149>: 8.62ns
ST_149: result [201/339] 8.62ns
:38  %result = call fastcc double @BlackScholes(i8 signext %CallPutFlag, double %S, double %X, double %T, double %r, double %b)


 <State 150>: 8.62ns
ST_150: result [200/339] 8.62ns
:38  %result = call fastcc double @BlackScholes(i8 signext %CallPutFlag, double %S, double %X, double %T, double %r, double %b)


 <State 151>: 8.62ns
ST_151: result [199/339] 8.62ns
:38  %result = call fastcc double @BlackScholes(i8 signext %CallPutFlag, double %S, double %X, double %T, double %r, double %b)


 <State 152>: 8.62ns
ST_152: result [198/339] 8.62ns
:38  %result = call fastcc double @BlackScholes(i8 signext %CallPutFlag, double %S, double %X, double %T, double %r, double %b)


 <State 153>: 8.62ns
ST_153: result [197/339] 8.62ns
:38  %result = call fastcc double @BlackScholes(i8 signext %CallPutFlag, double %S, double %X, double %T, double %r, double %b)


 <State 154>: 8.62ns
ST_154: result [196/339] 8.62ns
:38  %result = call fastcc double @BlackScholes(i8 signext %CallPutFlag, double %S, double %X, double %T, double %r, double %b)


 <State 155>: 8.62ns
ST_155: result [195/339] 8.62ns
:38  %result = call fastcc double @BlackScholes(i8 signext %CallPutFlag, double %S, double %X, double %T, double %r, double %b)


 <State 156>: 8.62ns
ST_156: result [194/339] 8.62ns
:38  %result = call fastcc double @BlackScholes(i8 signext %CallPutFlag, double %S, double %X, double %T, double %r, double %b)


 <State 157>: 8.62ns
ST_157: result [193/339] 8.62ns
:38  %result = call fastcc double @BlackScholes(i8 signext %CallPutFlag, double %S, double %X, double %T, double %r, double %b)


 <State 158>: 8.62ns
ST_158: result [192/339] 8.62ns
:38  %result = call fastcc double @BlackScholes(i8 signext %CallPutFlag, double %S, double %X, double %T, double %r, double %b)


 <State 159>: 8.62ns
ST_159: result [191/339] 8.62ns
:38  %result = call fastcc double @BlackScholes(i8 signext %CallPutFlag, double %S, double %X, double %T, double %r, double %b)


 <State 160>: 8.62ns
ST_160: result [190/339] 8.62ns
:38  %result = call fastcc double @BlackScholes(i8 signext %CallPutFlag, double %S, double %X, double %T, double %r, double %b)


 <State 161>: 8.62ns
ST_161: result [189/339] 8.62ns
:38  %result = call fastcc double @BlackScholes(i8 signext %CallPutFlag, double %S, double %X, double %T, double %r, double %b)


 <State 162>: 8.62ns
ST_162: result [188/339] 8.62ns
:38  %result = call fastcc double @BlackScholes(i8 signext %CallPutFlag, double %S, double %X, double %T, double %r, double %b)


 <State 163>: 8.62ns
ST_163: result [187/339] 8.62ns
:38  %result = call fastcc double @BlackScholes(i8 signext %CallPutFlag, double %S, double %X, double %T, double %r, double %b)


 <State 164>: 8.62ns
ST_164: result [186/339] 8.62ns
:38  %result = call fastcc double @BlackScholes(i8 signext %CallPutFlag, double %S, double %X, double %T, double %r, double %b)


 <State 165>: 8.62ns
ST_165: result [185/339] 8.62ns
:38  %result = call fastcc double @BlackScholes(i8 signext %CallPutFlag, double %S, double %X, double %T, double %r, double %b)


 <State 166>: 8.62ns
ST_166: result [184/339] 8.62ns
:38  %result = call fastcc double @BlackScholes(i8 signext %CallPutFlag, double %S, double %X, double %T, double %r, double %b)


 <State 167>: 8.62ns
ST_167: result [183/339] 8.62ns
:38  %result = call fastcc double @BlackScholes(i8 signext %CallPutFlag, double %S, double %X, double %T, double %r, double %b)


 <State 168>: 8.62ns
ST_168: result [182/339] 8.62ns
:38  %result = call fastcc double @BlackScholes(i8 signext %CallPutFlag, double %S, double %X, double %T, double %r, double %b)


 <State 169>: 8.62ns
ST_169: result [181/339] 8.62ns
:38  %result = call fastcc double @BlackScholes(i8 signext %CallPutFlag, double %S, double %X, double %T, double %r, double %b)


 <State 170>: 8.62ns
ST_170: result [180/339] 8.62ns
:38  %result = call fastcc double @BlackScholes(i8 signext %CallPutFlag, double %S, double %X, double %T, double %r, double %b)


 <State 171>: 8.62ns
ST_171: result [179/339] 8.62ns
:38  %result = call fastcc double @BlackScholes(i8 signext %CallPutFlag, double %S, double %X, double %T, double %r, double %b)


 <State 172>: 8.62ns
ST_172: result [178/339] 8.62ns
:38  %result = call fastcc double @BlackScholes(i8 signext %CallPutFlag, double %S, double %X, double %T, double %r, double %b)


 <State 173>: 8.62ns
ST_173: result [177/339] 8.62ns
:38  %result = call fastcc double @BlackScholes(i8 signext %CallPutFlag, double %S, double %X, double %T, double %r, double %b)


 <State 174>: 8.62ns
ST_174: result [176/339] 8.62ns
:38  %result = call fastcc double @BlackScholes(i8 signext %CallPutFlag, double %S, double %X, double %T, double %r, double %b)


 <State 175>: 8.62ns
ST_175: result [175/339] 8.62ns
:38  %result = call fastcc double @BlackScholes(i8 signext %CallPutFlag, double %S, double %X, double %T, double %r, double %b)


 <State 176>: 8.62ns
ST_176: result [174/339] 8.62ns
:38  %result = call fastcc double @BlackScholes(i8 signext %CallPutFlag, double %S, double %X, double %T, double %r, double %b)


 <State 177>: 8.62ns
ST_177: result [173/339] 8.62ns
:38  %result = call fastcc double @BlackScholes(i8 signext %CallPutFlag, double %S, double %X, double %T, double %r, double %b)


 <State 178>: 8.62ns
ST_178: result [172/339] 8.62ns
:38  %result = call fastcc double @BlackScholes(i8 signext %CallPutFlag, double %S, double %X, double %T, double %r, double %b)


 <State 179>: 8.62ns
ST_179: result [171/339] 8.62ns
:38  %result = call fastcc double @BlackScholes(i8 signext %CallPutFlag, double %S, double %X, double %T, double %r, double %b)


 <State 180>: 8.62ns
ST_180: result [170/339] 8.62ns
:38  %result = call fastcc double @BlackScholes(i8 signext %CallPutFlag, double %S, double %X, double %T, double %r, double %b)


 <State 181>: 8.62ns
ST_181: result [169/339] 8.62ns
:38  %result = call fastcc double @BlackScholes(i8 signext %CallPutFlag, double %S, double %X, double %T, double %r, double %b)


 <State 182>: 8.62ns
ST_182: result [168/339] 8.62ns
:38  %result = call fastcc double @BlackScholes(i8 signext %CallPutFlag, double %S, double %X, double %T, double %r, double %b)


 <State 183>: 8.62ns
ST_183: result [167/339] 8.62ns
:38  %result = call fastcc double @BlackScholes(i8 signext %CallPutFlag, double %S, double %X, double %T, double %r, double %b)


 <State 184>: 8.62ns
ST_184: result [166/339] 8.62ns
:38  %result = call fastcc double @BlackScholes(i8 signext %CallPutFlag, double %S, double %X, double %T, double %r, double %b)


 <State 185>: 8.62ns
ST_185: result [165/339] 8.62ns
:38  %result = call fastcc double @BlackScholes(i8 signext %CallPutFlag, double %S, double %X, double %T, double %r, double %b)


 <State 186>: 8.62ns
ST_186: result [164/339] 8.62ns
:38  %result = call fastcc double @BlackScholes(i8 signext %CallPutFlag, double %S, double %X, double %T, double %r, double %b)


 <State 187>: 8.62ns
ST_187: result [163/339] 8.62ns
:38  %result = call fastcc double @BlackScholes(i8 signext %CallPutFlag, double %S, double %X, double %T, double %r, double %b)


 <State 188>: 8.62ns
ST_188: result [162/339] 8.62ns
:38  %result = call fastcc double @BlackScholes(i8 signext %CallPutFlag, double %S, double %X, double %T, double %r, double %b)


 <State 189>: 8.62ns
ST_189: result [161/339] 8.62ns
:38  %result = call fastcc double @BlackScholes(i8 signext %CallPutFlag, double %S, double %X, double %T, double %r, double %b)


 <State 190>: 8.62ns
ST_190: result [160/339] 8.62ns
:38  %result = call fastcc double @BlackScholes(i8 signext %CallPutFlag, double %S, double %X, double %T, double %r, double %b)


 <State 191>: 8.62ns
ST_191: result [159/339] 8.62ns
:38  %result = call fastcc double @BlackScholes(i8 signext %CallPutFlag, double %S, double %X, double %T, double %r, double %b)


 <State 192>: 8.62ns
ST_192: result [158/339] 8.62ns
:38  %result = call fastcc double @BlackScholes(i8 signext %CallPutFlag, double %S, double %X, double %T, double %r, double %b)


 <State 193>: 8.62ns
ST_193: result [157/339] 8.62ns
:38  %result = call fastcc double @BlackScholes(i8 signext %CallPutFlag, double %S, double %X, double %T, double %r, double %b)


 <State 194>: 8.62ns
ST_194: result [156/339] 8.62ns
:38  %result = call fastcc double @BlackScholes(i8 signext %CallPutFlag, double %S, double %X, double %T, double %r, double %b)


 <State 195>: 8.62ns
ST_195: result [155/339] 8.62ns
:38  %result = call fastcc double @BlackScholes(i8 signext %CallPutFlag, double %S, double %X, double %T, double %r, double %b)


 <State 196>: 8.62ns
ST_196: result [154/339] 8.62ns
:38  %result = call fastcc double @BlackScholes(i8 signext %CallPutFlag, double %S, double %X, double %T, double %r, double %b)


 <State 197>: 8.62ns
ST_197: result [153/339] 8.62ns
:38  %result = call fastcc double @BlackScholes(i8 signext %CallPutFlag, double %S, double %X, double %T, double %r, double %b)


 <State 198>: 8.62ns
ST_198: result [152/339] 8.62ns
:38  %result = call fastcc double @BlackScholes(i8 signext %CallPutFlag, double %S, double %X, double %T, double %r, double %b)


 <State 199>: 8.62ns
ST_199: result [151/339] 8.62ns
:38  %result = call fastcc double @BlackScholes(i8 signext %CallPutFlag, double %S, double %X, double %T, double %r, double %b)


 <State 200>: 8.62ns
ST_200: result [150/339] 8.62ns
:38  %result = call fastcc double @BlackScholes(i8 signext %CallPutFlag, double %S, double %X, double %T, double %r, double %b)


 <State 201>: 8.62ns
ST_201: result [149/339] 8.62ns
:38  %result = call fastcc double @BlackScholes(i8 signext %CallPutFlag, double %S, double %X, double %T, double %r, double %b)


 <State 202>: 8.62ns
ST_202: result [148/339] 8.62ns
:38  %result = call fastcc double @BlackScholes(i8 signext %CallPutFlag, double %S, double %X, double %T, double %r, double %b)


 <State 203>: 8.62ns
ST_203: result [147/339] 8.62ns
:38  %result = call fastcc double @BlackScholes(i8 signext %CallPutFlag, double %S, double %X, double %T, double %r, double %b)


 <State 204>: 8.62ns
ST_204: result [146/339] 8.62ns
:38  %result = call fastcc double @BlackScholes(i8 signext %CallPutFlag, double %S, double %X, double %T, double %r, double %b)


 <State 205>: 8.62ns
ST_205: result [145/339] 8.62ns
:38  %result = call fastcc double @BlackScholes(i8 signext %CallPutFlag, double %S, double %X, double %T, double %r, double %b)


 <State 206>: 8.62ns
ST_206: result [144/339] 8.62ns
:38  %result = call fastcc double @BlackScholes(i8 signext %CallPutFlag, double %S, double %X, double %T, double %r, double %b)


 <State 207>: 8.62ns
ST_207: result [143/339] 8.62ns
:38  %result = call fastcc double @BlackScholes(i8 signext %CallPutFlag, double %S, double %X, double %T, double %r, double %b)


 <State 208>: 8.62ns
ST_208: result [142/339] 8.62ns
:38  %result = call fastcc double @BlackScholes(i8 signext %CallPutFlag, double %S, double %X, double %T, double %r, double %b)


 <State 209>: 8.62ns
ST_209: result [141/339] 8.62ns
:38  %result = call fastcc double @BlackScholes(i8 signext %CallPutFlag, double %S, double %X, double %T, double %r, double %b)


 <State 210>: 8.62ns
ST_210: result [140/339] 8.62ns
:38  %result = call fastcc double @BlackScholes(i8 signext %CallPutFlag, double %S, double %X, double %T, double %r, double %b)


 <State 211>: 8.62ns
ST_211: result [139/339] 8.62ns
:38  %result = call fastcc double @BlackScholes(i8 signext %CallPutFlag, double %S, double %X, double %T, double %r, double %b)


 <State 212>: 8.62ns
ST_212: result [138/339] 8.62ns
:38  %result = call fastcc double @BlackScholes(i8 signext %CallPutFlag, double %S, double %X, double %T, double %r, double %b)


 <State 213>: 8.62ns
ST_213: result [137/339] 8.62ns
:38  %result = call fastcc double @BlackScholes(i8 signext %CallPutFlag, double %S, double %X, double %T, double %r, double %b)


 <State 214>: 8.62ns
ST_214: result [136/339] 8.62ns
:38  %result = call fastcc double @BlackScholes(i8 signext %CallPutFlag, double %S, double %X, double %T, double %r, double %b)


 <State 215>: 8.62ns
ST_215: result [135/339] 8.62ns
:38  %result = call fastcc double @BlackScholes(i8 signext %CallPutFlag, double %S, double %X, double %T, double %r, double %b)


 <State 216>: 8.62ns
ST_216: result [134/339] 8.62ns
:38  %result = call fastcc double @BlackScholes(i8 signext %CallPutFlag, double %S, double %X, double %T, double %r, double %b)


 <State 217>: 8.62ns
ST_217: result [133/339] 8.62ns
:38  %result = call fastcc double @BlackScholes(i8 signext %CallPutFlag, double %S, double %X, double %T, double %r, double %b)


 <State 218>: 8.62ns
ST_218: result [132/339] 8.62ns
:38  %result = call fastcc double @BlackScholes(i8 signext %CallPutFlag, double %S, double %X, double %T, double %r, double %b)


 <State 219>: 8.62ns
ST_219: result [131/339] 8.62ns
:38  %result = call fastcc double @BlackScholes(i8 signext %CallPutFlag, double %S, double %X, double %T, double %r, double %b)


 <State 220>: 8.62ns
ST_220: result [130/339] 8.62ns
:38  %result = call fastcc double @BlackScholes(i8 signext %CallPutFlag, double %S, double %X, double %T, double %r, double %b)


 <State 221>: 8.62ns
ST_221: result [129/339] 8.62ns
:38  %result = call fastcc double @BlackScholes(i8 signext %CallPutFlag, double %S, double %X, double %T, double %r, double %b)


 <State 222>: 8.62ns
ST_222: result [128/339] 8.62ns
:38  %result = call fastcc double @BlackScholes(i8 signext %CallPutFlag, double %S, double %X, double %T, double %r, double %b)


 <State 223>: 8.62ns
ST_223: result [127/339] 8.62ns
:38  %result = call fastcc double @BlackScholes(i8 signext %CallPutFlag, double %S, double %X, double %T, double %r, double %b)


 <State 224>: 8.62ns
ST_224: result [126/339] 8.62ns
:38  %result = call fastcc double @BlackScholes(i8 signext %CallPutFlag, double %S, double %X, double %T, double %r, double %b)


 <State 225>: 8.62ns
ST_225: result [125/339] 8.62ns
:38  %result = call fastcc double @BlackScholes(i8 signext %CallPutFlag, double %S, double %X, double %T, double %r, double %b)


 <State 226>: 8.62ns
ST_226: result [124/339] 8.62ns
:38  %result = call fastcc double @BlackScholes(i8 signext %CallPutFlag, double %S, double %X, double %T, double %r, double %b)


 <State 227>: 8.62ns
ST_227: result [123/339] 8.62ns
:38  %result = call fastcc double @BlackScholes(i8 signext %CallPutFlag, double %S, double %X, double %T, double %r, double %b)


 <State 228>: 8.62ns
ST_228: result [122/339] 8.62ns
:38  %result = call fastcc double @BlackScholes(i8 signext %CallPutFlag, double %S, double %X, double %T, double %r, double %b)


 <State 229>: 8.62ns
ST_229: result [121/339] 8.62ns
:38  %result = call fastcc double @BlackScholes(i8 signext %CallPutFlag, double %S, double %X, double %T, double %r, double %b)


 <State 230>: 8.62ns
ST_230: result [120/339] 8.62ns
:38  %result = call fastcc double @BlackScholes(i8 signext %CallPutFlag, double %S, double %X, double %T, double %r, double %b)


 <State 231>: 8.62ns
ST_231: result [119/339] 8.62ns
:38  %result = call fastcc double @BlackScholes(i8 signext %CallPutFlag, double %S, double %X, double %T, double %r, double %b)


 <State 232>: 8.62ns
ST_232: result [118/339] 8.62ns
:38  %result = call fastcc double @BlackScholes(i8 signext %CallPutFlag, double %S, double %X, double %T, double %r, double %b)


 <State 233>: 8.62ns
ST_233: result [117/339] 8.62ns
:38  %result = call fastcc double @BlackScholes(i8 signext %CallPutFlag, double %S, double %X, double %T, double %r, double %b)


 <State 234>: 8.62ns
ST_234: result [116/339] 8.62ns
:38  %result = call fastcc double @BlackScholes(i8 signext %CallPutFlag, double %S, double %X, double %T, double %r, double %b)


 <State 235>: 8.62ns
ST_235: result [115/339] 8.62ns
:38  %result = call fastcc double @BlackScholes(i8 signext %CallPutFlag, double %S, double %X, double %T, double %r, double %b)


 <State 236>: 8.62ns
ST_236: result [114/339] 8.62ns
:38  %result = call fastcc double @BlackScholes(i8 signext %CallPutFlag, double %S, double %X, double %T, double %r, double %b)


 <State 237>: 8.62ns
ST_237: result [113/339] 8.62ns
:38  %result = call fastcc double @BlackScholes(i8 signext %CallPutFlag, double %S, double %X, double %T, double %r, double %b)


 <State 238>: 8.62ns
ST_238: result [112/339] 8.62ns
:38  %result = call fastcc double @BlackScholes(i8 signext %CallPutFlag, double %S, double %X, double %T, double %r, double %b)


 <State 239>: 8.62ns
ST_239: result [111/339] 8.62ns
:38  %result = call fastcc double @BlackScholes(i8 signext %CallPutFlag, double %S, double %X, double %T, double %r, double %b)


 <State 240>: 8.62ns
ST_240: result [110/339] 8.62ns
:38  %result = call fastcc double @BlackScholes(i8 signext %CallPutFlag, double %S, double %X, double %T, double %r, double %b)


 <State 241>: 8.62ns
ST_241: result [109/339] 8.62ns
:38  %result = call fastcc double @BlackScholes(i8 signext %CallPutFlag, double %S, double %X, double %T, double %r, double %b)


 <State 242>: 8.62ns
ST_242: result [108/339] 8.62ns
:38  %result = call fastcc double @BlackScholes(i8 signext %CallPutFlag, double %S, double %X, double %T, double %r, double %b)


 <State 243>: 8.62ns
ST_243: result [107/339] 8.62ns
:38  %result = call fastcc double @BlackScholes(i8 signext %CallPutFlag, double %S, double %X, double %T, double %r, double %b)


 <State 244>: 8.62ns
ST_244: result [106/339] 8.62ns
:38  %result = call fastcc double @BlackScholes(i8 signext %CallPutFlag, double %S, double %X, double %T, double %r, double %b)


 <State 245>: 8.62ns
ST_245: result [105/339] 8.62ns
:38  %result = call fastcc double @BlackScholes(i8 signext %CallPutFlag, double %S, double %X, double %T, double %r, double %b)


 <State 246>: 8.62ns
ST_246: result [104/339] 8.62ns
:38  %result = call fastcc double @BlackScholes(i8 signext %CallPutFlag, double %S, double %X, double %T, double %r, double %b)


 <State 247>: 8.62ns
ST_247: result [103/339] 8.62ns
:38  %result = call fastcc double @BlackScholes(i8 signext %CallPutFlag, double %S, double %X, double %T, double %r, double %b)


 <State 248>: 8.62ns
ST_248: result [102/339] 8.62ns
:38  %result = call fastcc double @BlackScholes(i8 signext %CallPutFlag, double %S, double %X, double %T, double %r, double %b)


 <State 249>: 8.62ns
ST_249: result [101/339] 8.62ns
:38  %result = call fastcc double @BlackScholes(i8 signext %CallPutFlag, double %S, double %X, double %T, double %r, double %b)


 <State 250>: 8.62ns
ST_250: result [100/339] 8.62ns
:38  %result = call fastcc double @BlackScholes(i8 signext %CallPutFlag, double %S, double %X, double %T, double %r, double %b)


 <State 251>: 8.62ns
ST_251: result [99/339] 8.62ns
:38  %result = call fastcc double @BlackScholes(i8 signext %CallPutFlag, double %S, double %X, double %T, double %r, double %b)


 <State 252>: 8.62ns
ST_252: result [98/339] 8.62ns
:38  %result = call fastcc double @BlackScholes(i8 signext %CallPutFlag, double %S, double %X, double %T, double %r, double %b)


 <State 253>: 8.62ns
ST_253: result [97/339] 8.62ns
:38  %result = call fastcc double @BlackScholes(i8 signext %CallPutFlag, double %S, double %X, double %T, double %r, double %b)


 <State 254>: 8.62ns
ST_254: result [96/339] 8.62ns
:38  %result = call fastcc double @BlackScholes(i8 signext %CallPutFlag, double %S, double %X, double %T, double %r, double %b)


 <State 255>: 8.62ns
ST_255: result [95/339] 8.62ns
:38  %result = call fastcc double @BlackScholes(i8 signext %CallPutFlag, double %S, double %X, double %T, double %r, double %b)


 <State 256>: 8.62ns
ST_256: result [94/339] 8.62ns
:38  %result = call fastcc double @BlackScholes(i8 signext %CallPutFlag, double %S, double %X, double %T, double %r, double %b)


 <State 257>: 8.62ns
ST_257: result [93/339] 8.62ns
:38  %result = call fastcc double @BlackScholes(i8 signext %CallPutFlag, double %S, double %X, double %T, double %r, double %b)


 <State 258>: 8.62ns
ST_258: result [92/339] 8.62ns
:38  %result = call fastcc double @BlackScholes(i8 signext %CallPutFlag, double %S, double %X, double %T, double %r, double %b)


 <State 259>: 8.62ns
ST_259: result [91/339] 8.62ns
:38  %result = call fastcc double @BlackScholes(i8 signext %CallPutFlag, double %S, double %X, double %T, double %r, double %b)


 <State 260>: 8.62ns
ST_260: result [90/339] 8.62ns
:38  %result = call fastcc double @BlackScholes(i8 signext %CallPutFlag, double %S, double %X, double %T, double %r, double %b)


 <State 261>: 8.62ns
ST_261: result [89/339] 8.62ns
:38  %result = call fastcc double @BlackScholes(i8 signext %CallPutFlag, double %S, double %X, double %T, double %r, double %b)


 <State 262>: 8.62ns
ST_262: result [88/339] 8.62ns
:38  %result = call fastcc double @BlackScholes(i8 signext %CallPutFlag, double %S, double %X, double %T, double %r, double %b)


 <State 263>: 8.62ns
ST_263: result [87/339] 8.62ns
:38  %result = call fastcc double @BlackScholes(i8 signext %CallPutFlag, double %S, double %X, double %T, double %r, double %b)


 <State 264>: 8.62ns
ST_264: result [86/339] 8.62ns
:38  %result = call fastcc double @BlackScholes(i8 signext %CallPutFlag, double %S, double %X, double %T, double %r, double %b)


 <State 265>: 8.62ns
ST_265: result [85/339] 8.62ns
:38  %result = call fastcc double @BlackScholes(i8 signext %CallPutFlag, double %S, double %X, double %T, double %r, double %b)


 <State 266>: 8.62ns
ST_266: result [84/339] 8.62ns
:38  %result = call fastcc double @BlackScholes(i8 signext %CallPutFlag, double %S, double %X, double %T, double %r, double %b)


 <State 267>: 8.62ns
ST_267: result [83/339] 8.62ns
:38  %result = call fastcc double @BlackScholes(i8 signext %CallPutFlag, double %S, double %X, double %T, double %r, double %b)


 <State 268>: 8.62ns
ST_268: result [82/339] 8.62ns
:38  %result = call fastcc double @BlackScholes(i8 signext %CallPutFlag, double %S, double %X, double %T, double %r, double %b)


 <State 269>: 8.62ns
ST_269: result [81/339] 8.62ns
:38  %result = call fastcc double @BlackScholes(i8 signext %CallPutFlag, double %S, double %X, double %T, double %r, double %b)


 <State 270>: 8.62ns
ST_270: result [80/339] 8.62ns
:38  %result = call fastcc double @BlackScholes(i8 signext %CallPutFlag, double %S, double %X, double %T, double %r, double %b)


 <State 271>: 8.62ns
ST_271: result [79/339] 8.62ns
:38  %result = call fastcc double @BlackScholes(i8 signext %CallPutFlag, double %S, double %X, double %T, double %r, double %b)


 <State 272>: 8.62ns
ST_272: result [78/339] 8.62ns
:38  %result = call fastcc double @BlackScholes(i8 signext %CallPutFlag, double %S, double %X, double %T, double %r, double %b)


 <State 273>: 8.62ns
ST_273: result [77/339] 8.62ns
:38  %result = call fastcc double @BlackScholes(i8 signext %CallPutFlag, double %S, double %X, double %T, double %r, double %b)


 <State 274>: 8.62ns
ST_274: result [76/339] 8.62ns
:38  %result = call fastcc double @BlackScholes(i8 signext %CallPutFlag, double %S, double %X, double %T, double %r, double %b)


 <State 275>: 8.62ns
ST_275: result [75/339] 8.62ns
:38  %result = call fastcc double @BlackScholes(i8 signext %CallPutFlag, double %S, double %X, double %T, double %r, double %b)


 <State 276>: 8.62ns
ST_276: result [74/339] 8.62ns
:38  %result = call fastcc double @BlackScholes(i8 signext %CallPutFlag, double %S, double %X, double %T, double %r, double %b)


 <State 277>: 8.62ns
ST_277: result [73/339] 8.62ns
:38  %result = call fastcc double @BlackScholes(i8 signext %CallPutFlag, double %S, double %X, double %T, double %r, double %b)


 <State 278>: 8.62ns
ST_278: result [72/339] 8.62ns
:38  %result = call fastcc double @BlackScholes(i8 signext %CallPutFlag, double %S, double %X, double %T, double %r, double %b)


 <State 279>: 8.62ns
ST_279: result [71/339] 8.62ns
:38  %result = call fastcc double @BlackScholes(i8 signext %CallPutFlag, double %S, double %X, double %T, double %r, double %b)


 <State 280>: 8.62ns
ST_280: result [70/339] 8.62ns
:38  %result = call fastcc double @BlackScholes(i8 signext %CallPutFlag, double %S, double %X, double %T, double %r, double %b)


 <State 281>: 8.62ns
ST_281: result [69/339] 8.62ns
:38  %result = call fastcc double @BlackScholes(i8 signext %CallPutFlag, double %S, double %X, double %T, double %r, double %b)


 <State 282>: 8.62ns
ST_282: result [68/339] 8.62ns
:38  %result = call fastcc double @BlackScholes(i8 signext %CallPutFlag, double %S, double %X, double %T, double %r, double %b)


 <State 283>: 8.62ns
ST_283: result [67/339] 8.62ns
:38  %result = call fastcc double @BlackScholes(i8 signext %CallPutFlag, double %S, double %X, double %T, double %r, double %b)


 <State 284>: 8.62ns
ST_284: result [66/339] 8.62ns
:38  %result = call fastcc double @BlackScholes(i8 signext %CallPutFlag, double %S, double %X, double %T, double %r, double %b)


 <State 285>: 8.62ns
ST_285: result [65/339] 8.62ns
:38  %result = call fastcc double @BlackScholes(i8 signext %CallPutFlag, double %S, double %X, double %T, double %r, double %b)


 <State 286>: 8.62ns
ST_286: result [64/339] 8.62ns
:38  %result = call fastcc double @BlackScholes(i8 signext %CallPutFlag, double %S, double %X, double %T, double %r, double %b)


 <State 287>: 8.62ns
ST_287: result [63/339] 8.62ns
:38  %result = call fastcc double @BlackScholes(i8 signext %CallPutFlag, double %S, double %X, double %T, double %r, double %b)


 <State 288>: 8.62ns
ST_288: result [62/339] 8.62ns
:38  %result = call fastcc double @BlackScholes(i8 signext %CallPutFlag, double %S, double %X, double %T, double %r, double %b)


 <State 289>: 8.62ns
ST_289: result [61/339] 8.62ns
:38  %result = call fastcc double @BlackScholes(i8 signext %CallPutFlag, double %S, double %X, double %T, double %r, double %b)


 <State 290>: 8.62ns
ST_290: result [60/339] 8.62ns
:38  %result = call fastcc double @BlackScholes(i8 signext %CallPutFlag, double %S, double %X, double %T, double %r, double %b)


 <State 291>: 8.62ns
ST_291: result [59/339] 8.62ns
:38  %result = call fastcc double @BlackScholes(i8 signext %CallPutFlag, double %S, double %X, double %T, double %r, double %b)


 <State 292>: 8.62ns
ST_292: result [58/339] 8.62ns
:38  %result = call fastcc double @BlackScholes(i8 signext %CallPutFlag, double %S, double %X, double %T, double %r, double %b)


 <State 293>: 8.62ns
ST_293: result [57/339] 8.62ns
:38  %result = call fastcc double @BlackScholes(i8 signext %CallPutFlag, double %S, double %X, double %T, double %r, double %b)


 <State 294>: 8.62ns
ST_294: result [56/339] 8.62ns
:38  %result = call fastcc double @BlackScholes(i8 signext %CallPutFlag, double %S, double %X, double %T, double %r, double %b)


 <State 295>: 8.62ns
ST_295: result [55/339] 8.62ns
:38  %result = call fastcc double @BlackScholes(i8 signext %CallPutFlag, double %S, double %X, double %T, double %r, double %b)


 <State 296>: 8.62ns
ST_296: result [54/339] 8.62ns
:38  %result = call fastcc double @BlackScholes(i8 signext %CallPutFlag, double %S, double %X, double %T, double %r, double %b)


 <State 297>: 8.62ns
ST_297: result [53/339] 8.62ns
:38  %result = call fastcc double @BlackScholes(i8 signext %CallPutFlag, double %S, double %X, double %T, double %r, double %b)


 <State 298>: 8.62ns
ST_298: result [52/339] 8.62ns
:38  %result = call fastcc double @BlackScholes(i8 signext %CallPutFlag, double %S, double %X, double %T, double %r, double %b)


 <State 299>: 8.62ns
ST_299: result [51/339] 8.62ns
:38  %result = call fastcc double @BlackScholes(i8 signext %CallPutFlag, double %S, double %X, double %T, double %r, double %b)


 <State 300>: 8.62ns
ST_300: result [50/339] 8.62ns
:38  %result = call fastcc double @BlackScholes(i8 signext %CallPutFlag, double %S, double %X, double %T, double %r, double %b)


 <State 301>: 8.62ns
ST_301: result [49/339] 8.62ns
:38  %result = call fastcc double @BlackScholes(i8 signext %CallPutFlag, double %S, double %X, double %T, double %r, double %b)


 <State 302>: 8.62ns
ST_302: result [48/339] 8.62ns
:38  %result = call fastcc double @BlackScholes(i8 signext %CallPutFlag, double %S, double %X, double %T, double %r, double %b)


 <State 303>: 8.62ns
ST_303: result [47/339] 8.62ns
:38  %result = call fastcc double @BlackScholes(i8 signext %CallPutFlag, double %S, double %X, double %T, double %r, double %b)


 <State 304>: 8.62ns
ST_304: result [46/339] 8.62ns
:38  %result = call fastcc double @BlackScholes(i8 signext %CallPutFlag, double %S, double %X, double %T, double %r, double %b)


 <State 305>: 8.62ns
ST_305: result [45/339] 8.62ns
:38  %result = call fastcc double @BlackScholes(i8 signext %CallPutFlag, double %S, double %X, double %T, double %r, double %b)


 <State 306>: 8.62ns
ST_306: result [44/339] 8.62ns
:38  %result = call fastcc double @BlackScholes(i8 signext %CallPutFlag, double %S, double %X, double %T, double %r, double %b)


 <State 307>: 8.62ns
ST_307: result [43/339] 8.62ns
:38  %result = call fastcc double @BlackScholes(i8 signext %CallPutFlag, double %S, double %X, double %T, double %r, double %b)


 <State 308>: 8.62ns
ST_308: result [42/339] 8.62ns
:38  %result = call fastcc double @BlackScholes(i8 signext %CallPutFlag, double %S, double %X, double %T, double %r, double %b)


 <State 309>: 8.62ns
ST_309: result [41/339] 8.62ns
:38  %result = call fastcc double @BlackScholes(i8 signext %CallPutFlag, double %S, double %X, double %T, double %r, double %b)


 <State 310>: 8.62ns
ST_310: result [40/339] 8.62ns
:38  %result = call fastcc double @BlackScholes(i8 signext %CallPutFlag, double %S, double %X, double %T, double %r, double %b)


 <State 311>: 8.62ns
ST_311: result [39/339] 8.62ns
:38  %result = call fastcc double @BlackScholes(i8 signext %CallPutFlag, double %S, double %X, double %T, double %r, double %b)


 <State 312>: 8.62ns
ST_312: result [38/339] 8.62ns
:38  %result = call fastcc double @BlackScholes(i8 signext %CallPutFlag, double %S, double %X, double %T, double %r, double %b)


 <State 313>: 8.62ns
ST_313: result [37/339] 8.62ns
:38  %result = call fastcc double @BlackScholes(i8 signext %CallPutFlag, double %S, double %X, double %T, double %r, double %b)


 <State 314>: 8.62ns
ST_314: result [36/339] 8.62ns
:38  %result = call fastcc double @BlackScholes(i8 signext %CallPutFlag, double %S, double %X, double %T, double %r, double %b)


 <State 315>: 8.62ns
ST_315: result [35/339] 8.62ns
:38  %result = call fastcc double @BlackScholes(i8 signext %CallPutFlag, double %S, double %X, double %T, double %r, double %b)


 <State 316>: 8.62ns
ST_316: result [34/339] 8.62ns
:38  %result = call fastcc double @BlackScholes(i8 signext %CallPutFlag, double %S, double %X, double %T, double %r, double %b)


 <State 317>: 8.62ns
ST_317: result [33/339] 8.62ns
:38  %result = call fastcc double @BlackScholes(i8 signext %CallPutFlag, double %S, double %X, double %T, double %r, double %b)


 <State 318>: 8.62ns
ST_318: result [32/339] 8.62ns
:38  %result = call fastcc double @BlackScholes(i8 signext %CallPutFlag, double %S, double %X, double %T, double %r, double %b)


 <State 319>: 8.62ns
ST_319: result [31/339] 8.62ns
:38  %result = call fastcc double @BlackScholes(i8 signext %CallPutFlag, double %S, double %X, double %T, double %r, double %b)


 <State 320>: 8.62ns
ST_320: result [30/339] 8.62ns
:38  %result = call fastcc double @BlackScholes(i8 signext %CallPutFlag, double %S, double %X, double %T, double %r, double %b)


 <State 321>: 8.62ns
ST_321: result [29/339] 8.62ns
:38  %result = call fastcc double @BlackScholes(i8 signext %CallPutFlag, double %S, double %X, double %T, double %r, double %b)


 <State 322>: 8.62ns
ST_322: result [28/339] 8.62ns
:38  %result = call fastcc double @BlackScholes(i8 signext %CallPutFlag, double %S, double %X, double %T, double %r, double %b)


 <State 323>: 8.62ns
ST_323: result [27/339] 8.62ns
:38  %result = call fastcc double @BlackScholes(i8 signext %CallPutFlag, double %S, double %X, double %T, double %r, double %b)


 <State 324>: 8.62ns
ST_324: result [26/339] 8.62ns
:38  %result = call fastcc double @BlackScholes(i8 signext %CallPutFlag, double %S, double %X, double %T, double %r, double %b)


 <State 325>: 8.62ns
ST_325: result [25/339] 8.62ns
:38  %result = call fastcc double @BlackScholes(i8 signext %CallPutFlag, double %S, double %X, double %T, double %r, double %b)


 <State 326>: 8.62ns
ST_326: result [24/339] 8.62ns
:38  %result = call fastcc double @BlackScholes(i8 signext %CallPutFlag, double %S, double %X, double %T, double %r, double %b)


 <State 327>: 8.62ns
ST_327: result [23/339] 8.62ns
:38  %result = call fastcc double @BlackScholes(i8 signext %CallPutFlag, double %S, double %X, double %T, double %r, double %b)


 <State 328>: 8.62ns
ST_328: result [22/339] 8.62ns
:38  %result = call fastcc double @BlackScholes(i8 signext %CallPutFlag, double %S, double %X, double %T, double %r, double %b)


 <State 329>: 8.62ns
ST_329: result [21/339] 8.62ns
:38  %result = call fastcc double @BlackScholes(i8 signext %CallPutFlag, double %S, double %X, double %T, double %r, double %b)


 <State 330>: 8.62ns
ST_330: result [20/339] 8.62ns
:38  %result = call fastcc double @BlackScholes(i8 signext %CallPutFlag, double %S, double %X, double %T, double %r, double %b)


 <State 331>: 8.62ns
ST_331: result [19/339] 8.62ns
:38  %result = call fastcc double @BlackScholes(i8 signext %CallPutFlag, double %S, double %X, double %T, double %r, double %b)


 <State 332>: 8.62ns
ST_332: result [18/339] 8.62ns
:38  %result = call fastcc double @BlackScholes(i8 signext %CallPutFlag, double %S, double %X, double %T, double %r, double %b)


 <State 333>: 8.62ns
ST_333: result [17/339] 8.62ns
:38  %result = call fastcc double @BlackScholes(i8 signext %CallPutFlag, double %S, double %X, double %T, double %r, double %b)


 <State 334>: 8.62ns
ST_334: result [16/339] 8.62ns
:38  %result = call fastcc double @BlackScholes(i8 signext %CallPutFlag, double %S, double %X, double %T, double %r, double %b)


 <State 335>: 8.62ns
ST_335: result [15/339] 8.62ns
:38  %result = call fastcc double @BlackScholes(i8 signext %CallPutFlag, double %S, double %X, double %T, double %r, double %b)


 <State 336>: 8.62ns
ST_336: result [14/339] 8.62ns
:38  %result = call fastcc double @BlackScholes(i8 signext %CallPutFlag, double %S, double %X, double %T, double %r, double %b)


 <State 337>: 8.62ns
ST_337: result [13/339] 8.62ns
:38  %result = call fastcc double @BlackScholes(i8 signext %CallPutFlag, double %S, double %X, double %T, double %r, double %b)


 <State 338>: 8.62ns
ST_338: result [12/339] 8.62ns
:38  %result = call fastcc double @BlackScholes(i8 signext %CallPutFlag, double %S, double %X, double %T, double %r, double %b)


 <State 339>: 8.62ns
ST_339: result [11/339] 8.62ns
:38  %result = call fastcc double @BlackScholes(i8 signext %CallPutFlag, double %S, double %X, double %T, double %r, double %b)


 <State 340>: 8.62ns
ST_340: result [10/339] 8.62ns
:38  %result = call fastcc double @BlackScholes(i8 signext %CallPutFlag, double %S, double %X, double %T, double %r, double %b)


 <State 341>: 8.62ns
ST_341: result [9/339] 8.62ns
:38  %result = call fastcc double @BlackScholes(i8 signext %CallPutFlag, double %S, double %X, double %T, double %r, double %b)


 <State 342>: 8.62ns
ST_342: result [8/339] 8.62ns
:38  %result = call fastcc double @BlackScholes(i8 signext %CallPutFlag, double %S, double %X, double %T, double %r, double %b)


 <State 343>: 8.62ns
ST_343: result [7/339] 8.62ns
:38  %result = call fastcc double @BlackScholes(i8 signext %CallPutFlag, double %S, double %X, double %T, double %r, double %b)


 <State 344>: 8.62ns
ST_344: result [6/339] 8.62ns
:38  %result = call fastcc double @BlackScholes(i8 signext %CallPutFlag, double %S, double %X, double %T, double %r, double %b)


 <State 345>: 8.62ns
ST_345: result [5/339] 8.62ns
:38  %result = call fastcc double @BlackScholes(i8 signext %CallPutFlag, double %S, double %X, double %T, double %r, double %b)


 <State 346>: 8.62ns
ST_346: result [4/339] 8.62ns
:38  %result = call fastcc double @BlackScholes(i8 signext %CallPutFlag, double %S, double %X, double %T, double %r, double %b)


 <State 347>: 8.62ns
ST_347: result [3/339] 8.62ns
:38  %result = call fastcc double @BlackScholes(i8 signext %CallPutFlag, double %S, double %X, double %T, double %r, double %b)


 <State 348>: 8.62ns
ST_348: result [2/339] 8.62ns
:38  %result = call fastcc double @BlackScholes(i8 signext %CallPutFlag, double %S, double %X, double %T, double %r, double %b)


 <State 349>: 3.23ns
ST_349: result [1/339] 1.37ns
:38  %result = call fastcc double @BlackScholes(i8 signext %CallPutFlag, double %S, double %X, double %T, double %r, double %b)

ST_349: ret [1/1] 0.00ns
:39  %ret = bitcast double %result to i64

ST_349: data1 [1/1] 0.00ns
:40  %data1 = call i32 @_ssdm_op_PartSelect.i32.i64.i32.i32(i64 %ret, i32 32, i32 63)

ST_349: data2 [1/1] 0.00ns
:41  %data2 = trunc i64 %ret to i16

ST_349: stg_725 [1/1] 1.86ns
:43  call void @_ssdm_op_Write.ap_fifo.volatile.i32P(i32* %out_fifo_V, i32 %data1)


 <State 350>: 1.86ns
ST_350: stg_726 [1/1] 0.00ns
:0  call void (...)* @_ssdm_op_SpecBitsMap(i32* %in_fifo_V), !map !29

ST_350: stg_727 [1/1] 0.00ns
:1  call void (...)* @_ssdm_op_SpecBitsMap(i32* %out_fifo_V), !map !33

ST_350: stg_728 [1/1] 0.00ns
:2  call void (...)* @_ssdm_op_SpecInterface(i32* %out_fifo_V, [8 x i8]* @str561, i32 0, i32 0, i32 0, i32 0, [1 x i8]* @str562, [1 x i8]* @str562, [8 x i8]* @str561)

ST_350: stg_729 [1/1] 0.00ns
:3  call void (...)* @_ssdm_op_SpecInterface(i32* %in_fifo_V, [8 x i8]* @str559, i32 0, i32 0, i32 0, i32 0, [1 x i8]* @str560, [1 x i8]* @str560, [8 x i8]* @str559)

ST_350: stg_730 [1/1] 0.00ns
:4  call void (...)* @_ssdm_op_SpecTopModule([4 x i8]* @str) nounwind

ST_350: stg_731 [1/1] 0.00ns
:5  call void (...)* @_ssdm_op_SpecInterface(i32 0, [13 x i8]* @p_str, i32 0, i32 0, i32 0, i32 0, [1 x i8]* @p_str1, [1 x i8]* @p_str1, [1 x i8]* @p_str1) nounwind

ST_350: tmp_23 [1/1] 0.00ns
:42  %tmp_23 = zext i16 %data2 to i32

ST_350: stg_733 [1/1] 1.86ns
:44  call void @_ssdm_op_Write.ap_fifo.volatile.i32P(i32* %out_fifo_V, i32 %tmp_23)

ST_350: stg_734 [1/1] 0.00ns
:45  ret void



============================================================
+ Verbose Summary: Binding
============================================================
N/A
* FSMD analyzer results:
  - Output states:
  - Chain level:
	State 1
	State 2
	State 3
	State 4
	State 5
	State 6
	State 7
	State 8
	State 9
	State 10
	State 11
	State 12
	State 13
	State 14
	State 15
	State 16
	State 17
	State 18
	State 19
	State 20
	State 21
	State 22
	State 23
	State 24
	State 25
	State 26
	State 27
	State 28
	State 29
	State 30
	State 31
	State 32
	State 33
	State 34
	State 35
	State 36
	State 37
	State 38
	State 39
	State 40
	State 41
	State 42
	State 43
	State 44
	State 45
	State 46
	State 47
	State 48
	State 49
	State 50
	State 51
	State 52
	State 53
	State 54
	State 55
	State 56
	State 57
	State 58
	State 59
	State 60
	State 61
	State 62
	State 63
	State 64
	State 65
	State 66
	State 67
	State 68
	State 69
	State 70
	State 71
	State 72
	State 73
	State 74
	State 75
	State 76
	State 77
	State 78
	State 79
	State 80
	State 81
	State 82
	State 83
	State 84
	State 85
	State 86
	State 87
	State 88
	State 89
	State 90
	State 91
	State 92
	State 93
	State 94
	State 95
	State 96
	State 97
	State 98
	State 99
	State 100
	State 101
	State 102
	State 103
	State 104
	State 105
	State 106
	State 107
	State 108
	State 109
	State 110
	State 111
	State 112
	State 113
	State 114
	State 115
	State 116
	State 117
	State 118
	State 119
	State 120
	State 121
	State 122
	State 123
	State 124
	State 125
	State 126
	State 127
	State 128
	State 129
	State 130
	State 131
	State 132
	State 133
	State 134
	State 135
	State 136
	State 137
	State 138
	State 139
	State 140
	State 141
	State 142
	State 143
	State 144
	State 145
	State 146
	State 147
	State 148
	State 149
	State 150
	State 151
	State 152
	State 153
	State 154
	State 155
	State 156
	State 157
	State 158
	State 159
	State 160
	State 161
	State 162
	State 163
	State 164
	State 165
	State 166
	State 167
	State 168
	State 169
	State 170
	State 171
	State 172
	State 173
	State 174
	State 175
	State 176
	State 177
	State 178
	State 179
	State 180
	State 181
	State 182
	State 183
	State 184
	State 185
	State 186
	State 187
	State 188
	State 189
	State 190
	State 191
	State 192
	State 193
	State 194
	State 195
	State 196
	State 197
	State 198
	State 199
	State 200
	State 201
	State 202
	State 203
	State 204
	State 205
	State 206
	State 207
	State 208
	State 209
	State 210
	State 211
	State 212
	State 213
	State 214
	State 215
	State 216
	State 217
	State 218
	State 219
	State 220
	State 221
	State 222
	State 223
	State 224
	State 225
	State 226
	State 227
	State 228
	State 229
	State 230
	State 231
	State 232
	State 233
	State 234
	State 235
	State 236
	State 237
	State 238
	State 239
	State 240
	State 241
	State 242
	State 243
	State 244
	State 245
	State 246
	State 247
	State 248
	State 249
	State 250
	State 251
	State 252
	State 253
	State 254
	State 255
	State 256
	State 257
	State 258
	State 259
	State 260
	State 261
	State 262
	State 263
	State 264
	State 265
	State 266
	State 267
	State 268
	State 269
	State 270
	State 271
	State 272
	State 273
	State 274
	State 275
	State 276
	State 277
	State 278
	State 279
	State 280
	State 281
	State 282
	State 283
	State 284
	State 285
	State 286
	State 287
	State 288
	State 289
	State 290
	State 291
	State 292
	State 293
	State 294
	State 295
	State 296
	State 297
	State 298
	State 299
	State 300
	State 301
	State 302
	State 303
	State 304
	State 305
	State 306
	State 307
	State 308
	State 309
	State 310
	State 311
	State 312
	State 313
	State 314
	State 315
	State 316
	State 317
	State 318
	State 319
	State 320
	State 321
	State 322
	State 323
	State 324
	State 325
	State 326
	State 327
	State 328
	State 329
	State 330
	State 331
	State 332
	State 333
	State 334
	State 335
	State 336
	State 337
	State 338
	State 339
	State 340
	State 341
	State 342
	State 343
	State 344
	State 345
	State 346
	State 347
	State 348
	State 349
	State 350


============================================================
+ Verbose Summary: Datapath Resource usage 
============================================================
N/A
