

================================================================
== Vivado HLS Report for 'black_scholes2'
================================================================
* Date:           Fri Nov 28 13:53:16 2014

* Version:        2014.2 (Build 932637 on Wed Jun 11 12:38:34 PM 2014)
* Project:        hls.prj
* Solution:       solution1
* Product family: zynq zynq_fpv6 
* Target device:  xc7z020clg484-1


================================================================
== Performance Estimates
================================================================
+ Timing (ns): 
    * Summary: 
    +---------+-------+----------+------------+
    |  Clock  | Target| Estimated| Uncertainty|
    +---------+-------+----------+------------+
    |default  |  10.00|      8.62|        1.25|
    +---------+-------+----------+------------+

+ Latency (clock cycles): 
    * Summary: 
    +-----+-----+-----+-----+---------+
    |  Latency  |  Interval | Pipeline|
    | min | max | min | max |   Type  |
    +-----+-----+-----+-----+---------+
    |   85|   85|   86|   86|   none  |
    +-----+-----+-----+-----+---------+

    + Detail: 
        * Instance: 
        N/A

        * Loop: 
        N/A



================================================================
== Utilization Estimates
================================================================
* Summary: 
+-----------------+---------+-------+--------+-------+
|       Name      | BRAM_18K| DSP48E|   FF   |  LUT  |
+-----------------+---------+-------+--------+-------+
|Expression       |        -|      -|       0|    153|
|FIFO             |        -|      -|       -|      -|
|Instance         |        -|     62|    4907|   8131|
|Memory           |        -|      -|       -|      -|
|Multiplexer      |        -|      -|       -|    511|
|Register         |        -|      -|     519|      -|
+-----------------+---------+-------+--------+-------+
|Total            |        0|     62|    5426|   8795|
+-----------------+---------+-------+--------+-------+
|Available        |      280|    220|  106400|  53200|
+-----------------+---------+-------+--------+-------+
|Utilization (%)  |        0|     28|       5|     16|
+-----------------+---------+-------+--------+-------+

+ Detail: 
    * Instance: 
    +----------------------------------------------------+-------------------------------------------------+---------+-------+------+------+
    |                      Instance                      |                      Module                     | BRAM_18K| DSP48E|  FF  |  LUT |
    +----------------------------------------------------+-------------------------------------------------+---------+-------+------+------+
    |black_scholes2_dadddsub_64ns_64ns_64_5_full_dsp_U1  |black_scholes2_dadddsub_64ns_64ns_64_5_full_dsp  |        0|      3|   445|  1149|
    |black_scholes2_dcmp_64ns_64ns_1_3_U5                |black_scholes2_dcmp_64ns_64ns_1_3                |        0|      0|   130|   469|
    |black_scholes2_dexp_64ns_64ns_64_18_full_dsp_U7     |black_scholes2_dexp_64ns_64ns_64_18_full_dsp     |        0|     26|  1549|  2599|
    |black_scholes2_dmul_64ns_64ns_64_6_max_dsp_U2       |black_scholes2_dmul_64ns_64ns_64_6_max_dsp       |        0|     11|   317|   578|
    |black_scholes2_dmul_64ns_64ns_64_6_max_dsp_U3       |black_scholes2_dmul_64ns_64ns_64_6_max_dsp       |        0|     11|   317|   578|
    |black_scholes2_dmul_64ns_64ns_64_6_max_dsp_U4       |black_scholes2_dmul_64ns_64ns_64_6_max_dsp       |        0|     11|   317|   578|
    |black_scholes2_dsqrt_64ns_64ns_64_31_U6             |black_scholes2_dsqrt_64ns_64ns_64_31             |        0|      0|  1832|  2180|
    +----------------------------------------------------+-------------------------------------------------+---------+-------+------+------+
    |Total                                               |                                                 |        0|     62|  4907|  8131|
    +----------------------------------------------------+-------------------------------------------------+---------+-------+------+------+

    * Memory: 
    N/A

    * FIFO: 
    N/A

    * Expression: 
    +---------------------+----------+-------+---+----+------------+------------+
    |    Variable Name    | Operation| DSP48E| FF| LUT| Bitwidth P0| Bitwidth P1|
    +---------------------+----------+-------+---+----+------------+------------+
    |tmp_13_fu_139_p3     |  Select  |      0|  0|  64|           1|           1|
    |tmp_9_neg_fu_129_p2  |    xor   |      0|  0|  89|          64|          65|
    +---------------------+----------+-------+---+----+------------+------------+
    |Total                |          |      0|  0| 153|          65|          66|
    +---------------------+----------+-------+---+----+------------+------------+

    * Multiplexer: 
    +------------------+-----+-----------+-----+-----------+
    |       Name       | LUT | Input Size| Bits| Total Bits|
    +------------------+-----+-----------+-----+-----------+
    |ap_NS_fsm         |  189|         87|    7|        609|
    |grp_fu_101_p1     |   64|          3|   64|        192|
    |grp_fu_67_opcode  |    2|          3|    2|          6|
    |grp_fu_67_p0      |   64|          3|   64|        192|
    |grp_fu_67_p1      |   64|          4|   64|        256|
    |grp_fu_73_p0      |   64|          6|   64|        384|
    |grp_fu_73_p1      |   64|          6|   64|        384|
    +------------------+-----+-----------+-----+-----------+
    |Total             |  511|        112|  329|       2023|
    +------------------+-----+-----------+-----+-----------+

    * Register: 
    +-------------------+----+----+-----+-----------+
    |        Name       | FF | LUT| Bits| Const Bits|
    +-------------------+----+----+-----+-----------+
    |ap_CS_fsm          |   7|   0|    7|          0|
    |reg_106            |  64|   0|   64|          0|
    |reg_114            |  64|   0|   64|          0|
    |reg_121            |  64|   0|   64|          0|
    |tmp_13_reg_206     |  64|   0|   64|          0|
    |tmp_4_reg_160      |  64|   0|   64|          0|
    |tmp_6_reg_186      |  64|   0|   64|          0|
    |tmp_9_neg_reg_171  |  64|   0|   64|          0|
    |tmp_s_reg_191      |  64|   0|   64|          0|
    +-------------------+----+----+-----+-----------+
    |Total              | 519|   0|  519|          0|
    +-------------------+----+----+-----+-----------+



================================================================
== Interface
================================================================
* Summary: 
+------------------------+-----+-----+------------+------------------------+--------------+
|        RTL Ports       | Dir | Bits|  Protocol  |      Source Object     |    C Type    |
+------------------------+-----+-----+------------+------------------------+--------------+
|ap_clk                  |  in |    1| ap_ctrl_hs |     black_scholes2     | return value |
|ap_rst                  |  in |    1| ap_ctrl_hs |     black_scholes2     | return value |
|ap_start                |  in |    1| ap_ctrl_hs |     black_scholes2     | return value |
|ap_done                 | out |    1| ap_ctrl_hs |     black_scholes2     | return value |
|ap_idle                 | out |    1| ap_ctrl_hs |     black_scholes2     | return value |
|ap_ready                | out |    1| ap_ctrl_hs |     black_scholes2     | return value |
|ap_return               | out |   64| ap_ctrl_hs |     black_scholes2     | return value |
|S                       |  in |   64|   ap_none  |            S           |    scalar    |
|E                       |  in |   64|   ap_none  |            E           |    scalar    |
|r                       |  in |   64|   ap_none  |            r           |    scalar    |
|sigma                   |  in |   64|   ap_none  |          sigma         |    scalar    |
|T                       |  in |   64|   ap_none  |            T           |    scalar    |
|gaussian_random_number  |  in |   64|   ap_none  | gaussian_random_number |    scalar    |
+------------------------+-----+-----+------------+------------------------+--------------+

