

================================================================
== Vivado HLS Report for 'black_scholes'
================================================================
* Date:           Sat Nov 22 14:31:28 2014

* Version:        2014.2 (Build 932637 on Wed Jun 11 12:38:34 PM 2014)
* Project:        hls.prj
* Solution:       solution1
* Product family: zynq zynq_fpv6 
* Target device:  xc7z020clg484-1


================================================================
== Performance Estimates
================================================================
+ Timing (ns): 
    * Summary: 
    +---------+-------+----------+------------+
    |  Clock  | Target| Estimated| Uncertainty|
    +---------+-------+----------+------------+
    |default  |  10.00|      8.62|        1.25|
    +---------+-------+----------+------------+

+ Latency (clock cycles): 
    * Summary: 
    +-----+-----+-----+-----+---------+
    |  Latency  |  Interval | Pipeline|
    | min | max | min | max |   Type  |
    +-----+-----+-----+-----+---------+
    |    ?|    ?|    ?|    ?|   none  |
    +-----+-----+-----+-----+---------+

    + Detail: 
        * Instance: 
        +-----------------------------------------------+-------------------------------------+-----+-----+-----+-----+---------+
        |                                               |                                     |  Latency  |  Interval | Pipeline|
        |                    Instance                   |                Module               | min | max | min | max |   Type  |
        +-----------------------------------------------+-------------------------------------+-----+-----+-----+-----+---------+
        |grp_black_scholes_black_scholes_iterate_fu_89  |black_scholes_black_scholes_iterate  |    ?|    ?|    ?|    ?|   none  |
        +-----------------------------------------------+-------------------------------------+-----+-----+-----+-----+---------+

        * Loop: 
        N/A



================================================================
== Utilization Estimates
================================================================
* Summary: 
+-----------------+---------+-------+--------+-------+
|       Name      | BRAM_18K| DSP48E|   FF   |  LUT  |
+-----------------+---------+-------+--------+-------+
|Expression       |        -|      -|       -|      -|
|FIFO             |        -|      -|       -|      -|
|Instance         |        4|    152|   21648|  33939|
|Memory           |        -|      -|       -|      -|
|Multiplexer      |        -|      -|       -|    161|
|Register         |        -|      -|     392|      -|
+-----------------+---------+-------+--------+-------+
|Total            |        4|    152|   22040|  34100|
+-----------------+---------+-------+--------+-------+
|Available        |      280|    220|  106400|  53200|
+-----------------+---------+-------+--------+-------+
|Utilization (%)  |        1|     69|      20|     64|
+-----------------+---------+-------+--------+-------+

+ Detail: 
    * Instance: 
    +------------------------------------------------+--------------------------------------------+---------+-------+-------+-------+
    |                    Instance                    |                   Module                   | BRAM_18K| DSP48E|   FF  |  LUT  |
    +------------------------------------------------+--------------------------------------------+---------+-------+-------+-------+
    |grp_black_scholes_black_scholes_iterate_fu_89   |black_scholes_black_scholes_iterate         |        4|    135|  14986|  24580|
    |black_scholes_dadd_64ns_64ns_64_5_full_dsp_U29  |black_scholes_dadd_64ns_64ns_64_5_full_dsp  |        0|      3|    445|   1149|
    |black_scholes_ddiv_64ns_64ns_64_31_U31          |black_scholes_ddiv_64ns_64ns_64_31          |        0|      0|   3211|   3658|
    |black_scholes_dmul_64ns_64ns_64_6_max_dsp_U30   |black_scholes_dmul_64ns_64ns_64_6_max_dsp   |        0|     11|    317|    578|
    |black_scholes_dsqrt_64ns_64ns_64_31_U33         |black_scholes_dsqrt_64ns_64ns_64_31         |        0|      0|   1832|   2180|
    |black_scholes_dsub_64ns_64ns_64_5_full_dsp_U28  |black_scholes_dsub_64ns_64ns_64_5_full_dsp  |        0|      3|    445|   1149|
    |black_scholes_sitodp_32ns_64_6_U32              |black_scholes_sitodp_32ns_64_6              |        0|      0|    412|    645|
    +------------------------------------------------+--------------------------------------------+---------+-------+-------+-------+
    |Total                                           |                                            |        4|    152|  21648|  33939|
    +------------------------------------------------+--------------------------------------------+---------+-------+-------+-------+

    * Memory: 
    N/A

    * FIFO: 
    N/A

    * Expression: 
    N/A

    * Multiplexer: 
    +-----------+-----+-----------+-----+-----------+
    |    Name   | LUT | Input Size| Bits| Total Bits|
    +-----------+-----+-----------+-----+-----------+
    |ap_NS_fsm  |  161|         74|    7|        518|
    +-----------+-----+-----------+-----+-----------+
    |Total      |  161|         74|    7|        518|
    +-----------+-----+-----------+-----+-----------+

    * Register: 
    +---------------------------------------------------------------------+----+----+-----+-----------+
    |                                 Name                                | FF | LUT| Bits| Const Bits|
    +---------------------------------------------------------------------+----+----+-----+-----------+
    |ap_CS_fsm                                                            |   7|   0|    7|          0|
    |args_mean_reg_178                                                    |  64|   0|   64|          0|
    |args_stdv_reg_184                                                    |  64|   0|   64|          0|
    |conf_width_reg_199                                                   |  64|   0|   64|          0|
    |grp_black_scholes_black_scholes_iterate_fu_89_ap_start_ap_start_reg  |   1|   0|    1|          0|
    |tmp_80_reg_148                                                       |  64|   0|   64|          0|
    |tmp_81_reg_194                                                       |  64|   0|   64|          0|
    |tmp_s_reg_189                                                        |  64|   0|   64|          0|
    +---------------------------------------------------------------------+----+----+-----+-----------+
    |Total                                                                | 392|   0|  392|          0|
    +---------------------------------------------------------------------+----+----+-----+-----------+



================================================================
== Interface
================================================================
* Summary: 
+---------------------+-----+-----+------------+---------------+--------------+
|      RTL Ports      | Dir | Bits|  Protocol  | Source Object |    C Type    |
+---------------------+-----+-----+------------+---------------+--------------+
|ap_clk               |  in |    1| ap_ctrl_hs | black_scholes | return value |
|ap_rst               |  in |    1| ap_ctrl_hs | black_scholes | return value |
|ap_start             |  in |    1| ap_ctrl_hs | black_scholes | return value |
|ap_done              | out |    1| ap_ctrl_hs | black_scholes | return value |
|ap_idle              | out |    1| ap_ctrl_hs | black_scholes | return value |
|ap_ready             | out |    1| ap_ctrl_hs | black_scholes | return value |
|interval_min         | out |   64|   ap_vld   |  interval_min |    pointer   |
|interval_min_ap_vld  | out |    1|   ap_vld   |  interval_min |    pointer   |
|interval_max         | out |   64|   ap_vld   |  interval_max |    pointer   |
|interval_max_ap_vld  | out |    1|   ap_vld   |  interval_max |    pointer   |
|S                    |  in |   64|   ap_none  |       S       |    scalar    |
|E                    |  in |   64|   ap_none  |       E       |    scalar    |
|r                    |  in |   64|   ap_none  |       r       |    scalar    |
|sigma                |  in |   64|   ap_none  |     sigma     |    scalar    |
|T                    |  in |   64|   ap_none  |       T       |    scalar    |
|M                    |  in |   32|   ap_none  |       M       |    scalar    |
+---------------------+-----+-----+------------+---------------+--------------+

