

================================================================
== Vivado HLS Report for 'black_scholes2'
================================================================
* Date:           Sat Nov 29 02:32:39 2014

* Version:        2014.2 (Build 932637 on Wed Jun 11 12:38:34 PM 2014)
* Project:        hls.prj
* Solution:       solution1
* Product family: zynq zynq_fpv6 
* Target device:  xc7z020clg484-1


================================================================
== Performance Estimates
================================================================
+ Timing (ns): 
    * Summary: 
    +---------+-------+----------+------------+
    |  Clock  | Target| Estimated| Uncertainty|
    +---------+-------+----------+------------+
    |default  |  10.00|      8.62|        1.25|
    +---------+-------+----------+------------+

+ Latency (clock cycles): 
    * Summary: 
    +-----+-----+-----+-----+----------+
    |  Latency  |  Interval | Pipeline |
    | min | max | min | max |   Type   |
    +-----+-----+-----+-----+----------+
    |   43|   43|   32|   32| dataflow |
    +-----+-----+-----+-----+----------+

    + Detail: 
        * Instance: 
        +------------------------------------------------------------------+-------------------------------------------------------+-----+-----+-----+-----+---------+
        |                                                                  |                                                       |  Latency  |  Interval | Pipeline|
        |                             Instance                             |                         Module                        | min | max | min | max |   Type  |
        +------------------------------------------------------------------+-------------------------------------------------------+-----+-----+-----+-----+---------+
        |grp_black_scholes2_mult2_11_fu_235                                |black_scholes2_mult2_11                                |    5|    5|    5|    5|   none  |
        |grp_black_scholes2_div_1_fu_279                                   |black_scholes2_div_1                                   |    5|    5|    5|    5|   none  |
        |grp_black_scholes2_black_scholes2_Block_crit_edge14_proc_fu_214   |black_scholes2_black_scholes2_Block_crit_edge14_proc   |    4|    4|    4|    4|   none  |
        |grp_black_scholes2_mult2_12_fu_245                                |black_scholes2_mult2_12                                |    5|    5|    5|    5|   none  |
        |grp_black_scholes2_mult2_11_1_fu_271                              |black_scholes2_mult2_11_1                              |    6|    6|    6|    6|   none  |
        |grp_black_scholes2_sqrt1_fu_199                                   |black_scholes2_sqrt1                                   |   31|   31|   31|   31|   none  |
        |grp_black_scholes2_mult2_11_2_fu_254                              |black_scholes2_mult2_11_2                              |    5|    5|    5|    5|   none  |
        |grp_black_scholes2_black_scholes2_Block_crit_edge111_proc_fu_222  |black_scholes2_black_scholes2_Block_crit_edge111_proc  |    4|    4|    4|    4|   none  |
        |grp_black_scholes2_expo11_fu_193                                  |black_scholes2_expo11                                  |   17|   17|   17|   17|   none  |
        |grp_black_scholes2_mult2_11_3_fu_262                              |black_scholes2_mult2_11_3                              |    5|    5|    5|    5|   none  |
        |grp_black_scholes2_black_scholes2_Block_crit_edge115_proc_fu_229  |black_scholes2_black_scholes2_Block_crit_edge115_proc  |    6|    6|    6|    6|   none  |
        |grp_black_scholes2_expo12_fu_187                                  |black_scholes2_expo12                                  |   17|   17|   17|   17|   none  |
        |grp_black_scholes2_black_scholes2_Block_crit_edge117_proc_fu_206  |black_scholes2_black_scholes2_Block_crit_edge117_proc  |   13|   13|   13|   13|   none  |
        |tmp_black_scholes2_black_scholes2_Block_crit_edge_proc_fu_285     |black_scholes2_black_scholes2_Block_crit_edge_proc     |    0|    0|    0|    0|   none  |
        +------------------------------------------------------------------+-------------------------------------------------------+-----+-----+-----+-----+---------+

        * Loop: 
        N/A



================================================================
== Utilization Estimates
================================================================
* Summary: 
+-----------------+---------+-------+--------+-------+
|       Name      | BRAM_18K| DSP48E|   FF   |  LUT  |
+-----------------+---------+-------+--------+-------+
|Expression       |        -|      -|       0|      6|
|FIFO             |        0|      -|      65|    988|
|Instance         |        -|    149|    9888|  16742|
|Memory           |        -|      -|       -|      -|
|Multiplexer      |        -|      -|       -|      -|
|Register         |        -|      -|      23|      -|
+-----------------+---------+-------+--------+-------+
|Total            |        0|    149|    9976|  17736|
+-----------------+---------+-------+--------+-------+
|Available        |      280|    220|  106400|  53200|
+-----------------+---------+-------+--------+-------+
|Utilization (%)  |        0|     67|       9|     33|
+-----------------+---------+-------+--------+-------+

+ Detail: 
    * Instance: 
    +----------------------------------------------------------+-------------------------------------------------------+---------+-------+------+------+
    |                         Instance                         |                         Module                        | BRAM_18K| DSP48E|  FF  |  LUT |
    +----------------------------------------------------------+-------------------------------------------------------+---------+-------+------+------+
    |T_channel31_channel_U                                     |FIFO_black_scholes2_T_channel31_channel                |        0|      0|     0|     0|
    |T_channel_channel_U                                       |FIFO_black_scholes2_T_channel_channel                  |        0|      0|     0|     0|
    |r_channel_channel_U                                       |FIFO_black_scholes2_r_channel_channel                  |        0|      0|     0|     0|
    |sigma_channel_channel_U                                   |FIFO_black_scholes2_sigma_channel_channel              |        0|      0|     0|     0|
    |black_scholes2_black_scholes2_Block_crit_edge111_proc_U0  |black_scholes2_black_scholes2_Block_crit_edge111_proc  |        0|      3|   449|  1153|
    |black_scholes2_black_scholes2_Block_crit_edge115_proc_U0  |black_scholes2_black_scholes2_Block_crit_edge115_proc  |        0|     11|   449|   674|
    |black_scholes2_black_scholes2_Block_crit_edge117_proc_U0  |black_scholes2_black_scholes2_Block_crit_edge117_proc  |        0|     14|  1025|  2273|
    |black_scholes2_black_scholes2_Block_crit_edge14_proc_U0   |black_scholes2_black_scholes2_Block_crit_edge14_proc   |        0|      3|   513|  1217|
    |black_scholes2_black_scholes2_Block_crit_edge_proc_U0     |black_scholes2_black_scholes2_Block_crit_edge_proc     |        0|      0|    66|    65|
    |black_scholes2_div_1_U0                                   |black_scholes2_div_1                                   |        0|     11|   321|   582|
    |black_scholes2_expo11_U0                                  |black_scholes2_expo11                                  |        0|     26|  1619|  2689|
    |black_scholes2_expo12_U0                                  |black_scholes2_expo12                                  |        0|     26|  1619|  2689|
    |black_scholes2_mult2_11_U0                                |black_scholes2_mult2_11                                |        0|     11|   385|   646|
    |black_scholes2_mult2_11_1_U0                              |black_scholes2_mult2_11_1                              |        0|     11|   449|   649|
    |black_scholes2_mult2_11_2_U0                              |black_scholes2_mult2_11_2                              |        0|     11|   321|   582|
    |black_scholes2_mult2_11_3_U0                              |black_scholes2_mult2_11_3                              |        0|     11|   385|   646|
    |black_scholes2_mult2_12_U0                                |black_scholes2_mult2_12                                |        0|     11|   385|   646|
    |black_scholes2_sqrt1_U0                                   |black_scholes2_sqrt1                                   |        0|      0|  1902|  2231|
    +----------------------------------------------------------+-------------------------------------------------------+---------+-------+------+------+
    |Total                                                     |                                                       |        0|    149|  9888| 16742|
    +----------------------------------------------------------+-------------------------------------------------------+---------+-------+------+------+

    * Memory: 
    N/A

    * FIFO: 
    +-------------------------+---------+---+----+------+-----+---------+
    |           Name          | BRAM_18K| FF| LUT| Depth| Bits| Size:D*B|
    +-------------------------+---------+---+----+------+-----+---------+
    |T_channel31_channel_U    |        0|  5|  76|     0|   64|        0|
    |T_channel_channel_U      |        0|  5|  76|     0|   64|        0|
    |call_ret_U               |        0|  0|   0|     2|   64|      128|
    |p_channel35_U            |        0|  5|  76|     2|   64|      128|
    |p_channel36_U            |        0|  5|  76|     2|   64|      128|
    |p_channel37_U            |        0|  5|  76|     2|   64|      128|
    |p_channel38_U            |        0|  5|  76|     2|   64|      128|
    |p_channel39_U            |        0|  5|  76|     2|   64|      128|
    |p_channel40_U            |        0|  5|  76|     2|   64|      128|
    |p_channel41_U            |        0|  5|  76|     2|   64|      128|
    |p_channel42_U            |        0|  5|  76|     2|   64|      128|
    |r_channel_channel_U      |        0|  5|  76|     0|   64|        0|
    |sigma_channel_channel_U  |        0|  5|  76|     0|   64|        0|
    |tmp3_loc_channel_U       |        0|  0|   0|     2|   64|      128|
    |tmp4_1_loc_channel_U     |        0|  0|   0|     2|   64|      128|
    |tmp_1_channel_U          |        0|  5|  76|     2|   64|      128|
    |tmp_2_loc_channel_U      |        0|  0|   0|     2|   64|      128|
    +-------------------------+---------+---+----+------+-----+---------+
    |Total                    |        0| 65| 988|    26| 1088|     1664|
    +-------------------------+---------+---+----+------+-----+---------+

    * Expression: 
    +-------------------------------------------------------------------+----------+-------+---+----+------------+------------+
    |                           Variable Name                           | Operation| DSP48E| FF| LUT| Bitwidth P0| Bitwidth P1|
    +-------------------------------------------------------------------+----------+-------+---+----+------------+------------+
    |black_scholes2_black_scholes2_Block_crit_edge111_proc_U0_ap_start  |    and   |      0|  0|   1|           1|           1|
    |black_scholes2_black_scholes2_Block_crit_edge117_proc_U0_ap_start  |    and   |      0|  0|   1|           1|           1|
    |black_scholes2_black_scholes2_Block_crit_edge14_proc_U0_ap_start   |    and   |      0|  0|   1|           1|           1|
    |black_scholes2_mult2_11_2_U0_ap_start                              |    and   |      0|  0|   1|           1|           1|
    |black_scholes2_mult2_11_3_U0_ap_start                              |    and   |      0|  0|   1|           1|           1|
    |black_scholes2_mult2_12_U0_ap_start                                |    and   |      0|  0|   1|           1|           1|
    +-------------------------------------------------------------------+----------+-------+---+----+------------+------------+
    |Total                                                              |          |      0|  0|   6|           6|           6|
    +-------------------------------------------------------------------+----------+-------+---+----+------------+------------+

    * Multiplexer: 
    N/A

    * Register: 
    +--------------------------------------------------------------------------------+---+----+-----+-----------+
    |                                      Name                                      | FF| LUT| Bits| Const Bits|
    +--------------------------------------------------------------------------------+---+----+-----+-----------+
    |ap_CS                                                                           |  1|   0|    1|          0|
    |ap_reg_procdone_black_scholes2_black_scholes2_Block_crit_edge111_proc_U0        |  1|   0|    1|          0|
    |ap_reg_procdone_black_scholes2_black_scholes2_Block_crit_edge115_proc_U0        |  1|   0|    1|          0|
    |ap_reg_procdone_black_scholes2_black_scholes2_Block_crit_edge117_proc_U0        |  1|   0|    1|          0|
    |ap_reg_procdone_black_scholes2_black_scholes2_Block_crit_edge14_proc_U0         |  1|   0|    1|          0|
    |ap_reg_procdone_black_scholes2_black_scholes2_Block_crit_edge_proc_U0           |  1|   0|    1|          0|
    |ap_reg_procdone_black_scholes2_div_1_U0                                         |  1|   0|    1|          0|
    |ap_reg_procdone_black_scholes2_expo11_U0                                        |  1|   0|    1|          0|
    |ap_reg_procdone_black_scholes2_expo12_U0                                        |  1|   0|    1|          0|
    |ap_reg_procdone_black_scholes2_mult2_11_1_U0                                    |  1|   0|    1|          0|
    |ap_reg_procdone_black_scholes2_mult2_11_2_U0                                    |  1|   0|    1|          0|
    |ap_reg_procdone_black_scholes2_mult2_11_3_U0                                    |  1|   0|    1|          0|
    |ap_reg_procdone_black_scholes2_mult2_11_U0                                      |  1|   0|    1|          0|
    |ap_reg_procdone_black_scholes2_mult2_12_U0                                      |  1|   0|    1|          0|
    |ap_reg_procdone_black_scholes2_sqrt1_U0                                         |  1|   0|    1|          0|
    |ap_reg_ready_black_scholes2_black_scholes2_Block_crit_edge117_proc_U0_ap_ready  |  1|   0|    1|          0|
    |ap_reg_ready_black_scholes2_black_scholes2_Block_crit_edge14_proc_U0_ap_ready   |  1|   0|    1|          0|
    |ap_reg_ready_black_scholes2_mult2_11_1_U0_ap_ready                              |  1|   0|    1|          0|
    |ap_reg_ready_black_scholes2_mult2_11_3_U0_ap_ready                              |  1|   0|    1|          0|
    |ap_reg_ready_black_scholes2_mult2_11_U0_ap_ready                                |  1|   0|    1|          0|
    |ap_reg_ready_black_scholes2_mult2_12_U0_ap_ready                                |  1|   0|    1|          0|
    |black_scholes2_black_scholes2_Block_crit_edge115_proc_U0_ap_start               |  1|   0|    1|          0|
    |black_scholes2_sqrt1_U0_ap_start                                                |  1|   0|    1|          0|
    +--------------------------------------------------------------------------------+---+----+-----+-----------+
    |Total                                                                           | 23|   0|   23|          0|
    +--------------------------------------------------------------------------------+---+----+-----+-----------+



================================================================
== Interface
================================================================
* Summary: 
+------------------------+-----+-----+------------+------------------------+--------------+
|        RTL Ports       | Dir | Bits|  Protocol  |      Source Object     |    C Type    |
+------------------------+-----+-----+------------+------------------------+--------------+
|S                       |  in |   64|   ap_none  |            S           |    scalar    |
|E                       |  in |   64|   ap_none  |            E           |    scalar    |
|r                       |  in |   64|   ap_none  |            r           |    scalar    |
|sigma                   |  in |   64|   ap_none  |          sigma         |    scalar    |
|T                       |  in |   64|   ap_none  |            T           |    scalar    |
|gaussian_random_number  |  in |   64|   ap_none  | gaussian_random_number |    scalar    |
|ap_clk                  |  in |    1| ap_ctrl_hs |     black_scholes2     | return value |
|ap_rst                  |  in |    1| ap_ctrl_hs |     black_scholes2     | return value |
|ap_return               | out |   64| ap_ctrl_hs |     black_scholes2     | return value |
|ap_done                 | out |    1| ap_ctrl_hs |     black_scholes2     | return value |
|ap_start                |  in |    1| ap_ctrl_hs |     black_scholes2     | return value |
|ap_idle                 | out |    1| ap_ctrl_hs |     black_scholes2     | return value |
|ap_ready                | out |    1| ap_ctrl_hs |     black_scholes2     | return value |
+------------------------+-----+-----+------------+------------------------+--------------+

