

================================================================
== Vivado HLS Report for 'BlackScholes'
================================================================
* Date:           Mon Dec 15 17:26:14 2014

* Version:        2014.2 (Build 932637 on Wed Jun 11 12:38:34 PM 2014)
* Project:        hls.prj
* Solution:       solution1
* Product family: zynq zynq_fpv6 
* Target device:  xc7z020clg484-1


================================================================
== Performance Estimates
================================================================
+ Timing (ns): 
    * Summary: 
    +---------+-------+----------+------------+
    |  Clock  | Target| Estimated| Uncertainty|
    +---------+-------+----------+------------+
    |default  |  10.00|      8.62|        1.25|
    +---------+-------+----------+------------+

+ Latency (clock cycles): 
    * Summary: 
    +-----+-----+-----+-----+----------+
    |  Latency  |  Interval | Pipeline |
    | min | max | min | max |   Type   |
    +-----+-----+-----+-----+----------+
    |  210|  210|    4|    4| function |
    +-----+-----+-----+-----+----------+

    + Detail: 
        * Instance: 
        +------------------------+-------------+-----+-----+-----+-----+----------+
        |                        |             |  Latency  |  Interval | Pipeline |
        |        Instance        |    Module   | min | max | min | max |   Type   |
        +------------------------+-------------+-----+-----+-----+-----+----------+
        |grp_rand_uint32_fu_143  |rand_uint32  |    2|    2|    1|    1| function |
        +------------------------+-------------+-----+-----+-----+-----+----------+

        * Loop: 
        N/A



================================================================
== Utilization Estimates
================================================================
* Summary: 
+-----------------+---------+-------+--------+-------+
|       Name      | BRAM_18K| DSP48E|   FF   |  LUT  |
+-----------------+---------+-------+--------+-------+
|Expression       |        -|      -|       0|   1376|
|FIFO             |        -|      -|       -|      -|
|Instance         |       12|     74|   11413|  19376|
|Memory           |        -|      -|       -|      -|
|Multiplexer      |        -|      -|       -|   1160|
|Register         |        -|      -|    3788|   1027|
+-----------------+---------+-------+--------+-------+
|Total            |       12|     74|   15201|  22939|
+-----------------+---------+-------+--------+-------+
|Available        |      280|    220|  106400|  53200|
+-----------------+---------+-------+--------+-------+
|Utilization (%)  |        4|     33|      14|     43|
+-----------------+---------+-------+--------+-------+

+ Detail: 
    * Instance: 
    +-------------------------------------------------------+----------------------------------------------------+---------+-------+------+------+
    |                        Instance                       |                       Module                       | BRAM_18K| DSP48E|  FF  |  LUT |
    +-------------------------------------------------------+----------------------------------------------------+---------+-------+------+------+
    |BlackScholesWrapper_dadddsub_64ns_64ns_64_5_no_dsp_U2  |BlackScholesWrapper_dadddsub_64ns_64ns_64_5_no_dsp  |        0|      0|   459|  1121|
    |BlackScholesWrapper_dadddsub_64ns_64ns_64_5_no_dsp_U3  |BlackScholesWrapper_dadddsub_64ns_64ns_64_5_no_dsp  |        0|      0|   459|  1121|
    |BlackScholesWrapper_dadddsub_64ns_64ns_64_5_no_dsp_U4  |BlackScholesWrapper_dadddsub_64ns_64ns_64_5_no_dsp  |        0|      0|   459|  1121|
    |BlackScholesWrapper_dcmp_64ns_64ns_1_3_U12             |BlackScholesWrapper_dcmp_64ns_64ns_1_3              |        0|      0|   130|   469|
    |BlackScholesWrapper_ddiv_64ns_64ns_64_31_U11           |BlackScholesWrapper_ddiv_64ns_64ns_64_31            |        0|      0|  3211|  3658|
    |BlackScholesWrapper_dexp_64ns_64ns_64_15_med_dsp_U17   |BlackScholesWrapper_dexp_64ns_64ns_64_15_med_dsp    |        0|     15|  1229|  2833|
    |BlackScholesWrapper_dmul_64ns_64ns_64_6_med_dsp_U6     |BlackScholesWrapper_dmul_64ns_64ns_64_6_med_dsp     |        0|      9|   341|   653|
    |BlackScholesWrapper_dmul_64ns_64ns_64_6_med_dsp_U7     |BlackScholesWrapper_dmul_64ns_64ns_64_6_med_dsp     |        0|      9|   341|   653|
    |BlackScholesWrapper_dmul_64ns_64ns_64_6_med_dsp_U8     |BlackScholesWrapper_dmul_64ns_64ns_64_6_med_dsp     |        0|      9|   341|   653|
    |BlackScholesWrapper_dmul_64ns_64ns_64_6_med_dsp_U9     |BlackScholesWrapper_dmul_64ns_64ns_64_6_med_dsp     |        0|      9|   341|   653|
    |BlackScholesWrapper_dmul_64ns_64ns_64_6_med_dsp_U10    |BlackScholesWrapper_dmul_64ns_64ns_64_6_med_dsp     |        0|      9|   341|   653|
    |BlackScholesWrapper_drecip_64ns_64ns_64_11_U16         |BlackScholesWrapper_drecip_64ns_64ns_64_11          |        0|     14|   440|   439|
    |BlackScholesWrapper_dsqrt_64ns_64ns_64_31_U15          |BlackScholesWrapper_dsqrt_64ns_64ns_64_31           |        0|      0|  1832|  2180|
    |BlackScholesWrapper_dsub_64ns_64ns_64_5_no_dsp_U5      |BlackScholesWrapper_dsub_64ns_64ns_64_5_no_dsp      |        0|      0|   459|  1121|
    |BlackScholesWrapper_sitodp_64ns_64_6_U14               |BlackScholesWrapper_sitodp_64ns_64_6                |        0|      0|   412|   645|
    |BlackScholesWrapper_uitodp_64ns_64_6_U13               |BlackScholesWrapper_uitodp_64ns_64_6                |        0|      0|   412|   645|
    |grp_rand_uint32_fu_143                                 |rand_uint32                                         |       12|      0|   206|   758|
    +-------------------------------------------------------+----------------------------------------------------+---------+-------+------+------+
    |Total                                                  |                                                    |       12|     74| 11413| 19376|
    +-------------------------------------------------------+----------------------------------------------------+---------+-------+------+------+

    * Memory: 
    N/A

    * FIFO: 
    N/A

    * Expression: 
    +-----------------------+----------+-------+---+-----+------------+------------+
    |     Variable Name     | Operation| DSP48E| FF| LUT | Bitwidth P0| Bitwidth P1|
    +-----------------------+----------+-------+---+-----+------------+------------+
    |sh_assign_fu_310_p2    |     +    |      0|  0|   12|          12|          11|
    |p_Val2_i_i_fu_388_p2   |     -    |      0|  0|   64|           1|          64|
    |tmp_i_i_101_fu_324_p2  |     -    |      0|  0|   11|          10|          11|
    |call_fu_425_p3         |  Select  |      0|  0|   64|           1|           1|
    |grp_fu_220_p0          |  Select  |      0|  0|   64|           1|          64|
    |p_0_v_fu_439_p3        |  Select  |      0|  0|   64|           1|          64|
    |p_Val2_3_fu_371_p3     |  Select  |      0|  0|  168|           1|         168|
    |put_fu_432_p3          |  Select  |      0|  0|   64|           1|           1|
    |sh_assign_1_fu_334_p3  |  Select  |      0|  0|   12|           1|          12|
    |sig_fu_420_p3          |  Select  |      0|  0|   64|           1|          64|
    |ap_sig_bdd_1441        |    and   |      0|  0|    1|           1|           1|
    |tmp_11_fu_267_p2       |   icmp   |      0|  0|    8|           8|           7|
    |tmp_69_i_i_fu_350_p2   |   lshr   |      0|  0|  157|          53|          53|
    |tmp_71_i_i_fu_365_p2   |    shl   |      0|  0|  534|         168|         168|
    |tmp_51_neg_fu_257_p2   |    xor   |      0|  0|   89|          64|          65|
    +-----------------------+----------+-------+---+-----+------------+------------+
    |Total                  |          |      0|  0| 1376|         324|         754|
    +-----------------------+----------+-------+---+-----+------------+------------+

    * Multiplexer: 
    +-------------------+----+-----------+-----+-----------+
    |        Name       | LUT| Input Size| Bits| Total Bits|
    +-------------------+----+-----------+-----+-----------+
    |ap_NS_fsm          |   2|          5|    2|         10|
    |grp_fu_159_opcode  |   2|          3|    2|          6|
    |grp_fu_159_p0      |  64|          5|   64|        320|
    |grp_fu_159_p1      |  64|          5|   64|        320|
    |grp_fu_163_opcode  |   2|          3|    2|          6|
    |grp_fu_163_p0      |  64|          6|   64|        384|
    |grp_fu_163_p1      |  64|          6|   64|        384|
    |grp_fu_170_opcode  |   2|          3|    2|          6|
    |grp_fu_170_p0      |  64|          4|   64|        256|
    |grp_fu_170_p1      |  64|          4|   64|        256|
    |grp_fu_181_p0      |  64|          5|   64|        320|
    |grp_fu_181_p1      |  64|          5|   64|        320|
    |grp_fu_187_p0      |  64|          5|   64|        320|
    |grp_fu_187_p1      |  64|          5|   64|        320|
    |grp_fu_194_p0      |  64|          5|   64|        320|
    |grp_fu_194_p1      |  64|          5|   64|        320|
    |grp_fu_198_p0      |  64|          5|   64|        320|
    |grp_fu_198_p1      |  64|          5|   64|        320|
    |grp_fu_202_p0      |  64|          4|   64|        256|
    |grp_fu_202_p1      |  64|          4|   64|        256|
    |grp_fu_212_p0      |  64|          4|   64|        256|
    |grp_fu_233_p1      |  64|          4|   64|        256|
    +-------------------+----+-----------+-----+-----------+
    |Total              |1160|        100| 1160|       5532|
    +-------------------+----+-----------+-----+-----------+

    * Register: 
    +---------------------------------+----+-----+-----+-----------+
    |               Name              | FF | LUT | Bits| Const Bits|
    +---------------------------------+----+-----+-----+-----------+
    |K_reg_605                        |  64|    0|   64|          0|
    |S_read_reg_484                   |  64|    0|   64|          0|
    |T_read_reg_456                   |  64|    0|   64|          0|
    |X_assign_reg_567                 |  64|    0|   64|          0|
    |X_read_reg_478                   |  64|    0|   64|          0|
    |ap_CS_fsm                        |   2|    0|    2|          0|
    |ap_reg_ppiten_pp0_it0_preg       |   1|    0|    1|          0|
    |ap_reg_ppiten_pp0_it1            |   1|    0|    1|          0|
    |ap_reg_ppiten_pp0_it10           |   1|    0|    1|          0|
    |ap_reg_ppiten_pp0_it11           |   1|    0|    1|          0|
    |ap_reg_ppiten_pp0_it12           |   1|    0|    1|          0|
    |ap_reg_ppiten_pp0_it13           |   1|    0|    1|          0|
    |ap_reg_ppiten_pp0_it14           |   1|    0|    1|          0|
    |ap_reg_ppiten_pp0_it15           |   1|    0|    1|          0|
    |ap_reg_ppiten_pp0_it16           |   1|    0|    1|          0|
    |ap_reg_ppiten_pp0_it17           |   1|    0|    1|          0|
    |ap_reg_ppiten_pp0_it18           |   1|    0|    1|          0|
    |ap_reg_ppiten_pp0_it19           |   1|    0|    1|          0|
    |ap_reg_ppiten_pp0_it2            |   1|    0|    1|          0|
    |ap_reg_ppiten_pp0_it20           |   1|    0|    1|          0|
    |ap_reg_ppiten_pp0_it21           |   1|    0|    1|          0|
    |ap_reg_ppiten_pp0_it22           |   1|    0|    1|          0|
    |ap_reg_ppiten_pp0_it23           |   1|    0|    1|          0|
    |ap_reg_ppiten_pp0_it24           |   1|    0|    1|          0|
    |ap_reg_ppiten_pp0_it25           |   1|    0|    1|          0|
    |ap_reg_ppiten_pp0_it26           |   1|    0|    1|          0|
    |ap_reg_ppiten_pp0_it27           |   1|    0|    1|          0|
    |ap_reg_ppiten_pp0_it28           |   1|    0|    1|          0|
    |ap_reg_ppiten_pp0_it29           |   1|    0|    1|          0|
    |ap_reg_ppiten_pp0_it3            |   1|    0|    1|          0|
    |ap_reg_ppiten_pp0_it30           |   1|    0|    1|          0|
    |ap_reg_ppiten_pp0_it31           |   1|    0|    1|          0|
    |ap_reg_ppiten_pp0_it32           |   1|    0|    1|          0|
    |ap_reg_ppiten_pp0_it33           |   1|    0|    1|          0|
    |ap_reg_ppiten_pp0_it34           |   1|    0|    1|          0|
    |ap_reg_ppiten_pp0_it35           |   1|    0|    1|          0|
    |ap_reg_ppiten_pp0_it36           |   1|    0|    1|          0|
    |ap_reg_ppiten_pp0_it37           |   1|    0|    1|          0|
    |ap_reg_ppiten_pp0_it38           |   1|    0|    1|          0|
    |ap_reg_ppiten_pp0_it39           |   1|    0|    1|          0|
    |ap_reg_ppiten_pp0_it4            |   1|    0|    1|          0|
    |ap_reg_ppiten_pp0_it40           |   1|    0|    1|          0|
    |ap_reg_ppiten_pp0_it41           |   1|    0|    1|          0|
    |ap_reg_ppiten_pp0_it42           |   1|    0|    1|          0|
    |ap_reg_ppiten_pp0_it43           |   1|    0|    1|          0|
    |ap_reg_ppiten_pp0_it44           |   1|    0|    1|          0|
    |ap_reg_ppiten_pp0_it45           |   1|    0|    1|          0|
    |ap_reg_ppiten_pp0_it46           |   1|    0|    1|          0|
    |ap_reg_ppiten_pp0_it47           |   1|    0|    1|          0|
    |ap_reg_ppiten_pp0_it48           |   1|    0|    1|          0|
    |ap_reg_ppiten_pp0_it49           |   1|    0|    1|          0|
    |ap_reg_ppiten_pp0_it5            |   1|    0|    1|          0|
    |ap_reg_ppiten_pp0_it50           |   1|    0|    1|          0|
    |ap_reg_ppiten_pp0_it51           |   1|    0|    1|          0|
    |ap_reg_ppiten_pp0_it52           |   1|    0|    1|          0|
    |ap_reg_ppiten_pp0_it6            |   1|    0|    1|          0|
    |ap_reg_ppiten_pp0_it7            |   1|    0|    1|          0|
    |ap_reg_ppiten_pp0_it8            |   1|    0|    1|          0|
    |ap_reg_ppiten_pp0_it9            |   1|    0|    1|          0|
    |ap_reg_ppstg_w_reg_667_pp0_it34  |  64|    0|   64|          0|
    |ap_reg_ptbuf_CallPutFlag         |   8|    0|    8|          0|
    |ap_reg_ptbuf_S                   |  64|    0|   64|          0|
    |ap_reg_ptbuf_T                   |  64|    0|   64|          0|
    |ap_reg_ptbuf_X                   |  64|    0|   64|          0|
    |ap_reg_ptbuf_b                   |  64|    0|   64|          0|
    |b_read_reg_473                   |  64|    0|   64|          0|
    |call_reg_743                     |  64|    0|   64|          0|
    |isNeg_reg_526                    |   1|    0|    1|          0|
    |p_0_v_reg_748                    |  64|    0|   64|          0|
    |p_Result_1_reg_521               |  52|    0|   53|          1|
    |p_Result_s_reg_516               |   1|    0|    1|          0|
    |p_Val2_4_reg_541                 |  64|    0|   64|          0|
    |p_Val2_i_i_reg_546               |  64|    0|   64|          0|
    |r_read_reg_445                   |  64|    0|   64|          0|
    |rand_number_1_reg_510            |  64|    0|   64|          0|
    |rand_number_2_reg_561            |  64|    0|   64|          0|
    |rand_number_reg_500              |  64|    0|   64|          0|
    |reg_238                          |  64|    0|   64|          0|
    |reg_243                          |  64|    0|   64|          0|
    |reg_248                          |  64|    0|   64|          0|
    |sh_assign_1_cast_reg_531         |  32|    0|   32|          0|
    |sig_reg_678                      |  64|    0|   64|          0|
    |tmp_11_reg_490                   |   1|    0|    1|          0|
    |tmp_12_reg_690                   |  64|    0|   64|          0|
    |tmp_13_reg_700                   |  64|    0|   64|          0|
    |tmp_16_reg_685                   |  64|    0|   64|          0|
    |tmp_17_reg_695                   |  64|    0|   64|          0|
    |tmp_18_reg_706                   |  64|    0|   64|          0|
    |tmp_20_i_reg_595                 |  64|    0|   64|          0|
    |tmp_20_reg_711                   |  64|    0|   64|          0|
    |tmp_21_i_reg_590                 |  64|    0|   64|          0|
    |tmp_21_reg_731                   |  64|    0|   64|          0|
    |tmp_22_i_reg_600                 |  64|    0|   64|          0|
    |tmp_23_i_reg_612                 |  64|    0|   64|          0|
    |tmp_24_i_reg_622                 |  64|    0|   64|          0|
    |tmp_24_reg_495                   |  64|    0|   64|          0|
    |tmp_25_i_reg_617                 |  64|    0|   64|          0|
    |tmp_25_reg_505                   |  64|    0|   64|          0|
    |tmp_26_i_reg_627                 |  64|    0|   64|          0|
    |tmp_27_i_reg_632                 |  64|    0|   64|          0|
    |tmp_28_i_reg_637                 |  64|    0|   64|          0|
    |tmp_29_i_reg_642                 |  64|    0|   64|          0|
    |tmp_29_reg_716                   |  64|    0|   64|          0|
    |tmp_30_i_reg_647                 |  64|    0|   64|          0|
    |tmp_30_reg_737                   |  64|    0|   64|          0|
    |tmp_31_i_reg_652                 |  64|    0|   64|          0|
    |tmp_32_i_reg_657                 |  64|    0|   64|          0|
    |tmp_33_i_reg_662                 |  64|    0|   64|          0|
    |tmp_34_i_reg_580                 |   1|    0|    1|          0|
    |tmp_35_i_reg_673                 |  64|    0|   64|          0|
    |tmp_51_neg_reg_451               |  64|    0|   64|          0|
    |tmp_69_i_i_reg_536               |  53|    0|   53|          0|
    |tmp_i_reg_585                    |  64|    0|   64|          0|
    |tmp_reg_468                      |  64|    0|   64|          0|
    |tmp_s_reg_556                    |  64|    0|   64|          0|
    |vc_reg_721                       |  64|    0|   64|          0|
    |vp_reg_726                       |  64|    0|   64|          0|
    |w_reg_667                        |  64|    0|   64|          0|
    |K_reg_605                        |   0|   64|   64|          0|
    |S_read_reg_484                   |   0|  128|   64|          0|
    |T_read_reg_456                   |   0|  128|   64|          0|
    |X_read_reg_478                   |   0|  128|   64|          0|
    |b_read_reg_473                   |   0|   64|   64|          0|
    |r_read_reg_445                   |   0|  128|   64|          0|
    |rand_number_1_reg_510            |   0|   64|   64|          0|
    |rand_number_2_reg_561            |   0|   64|   64|          0|
    |tmp_11_reg_490                   |   0|    2|    1|          0|
    |tmp_18_reg_706                   |   0|   64|   64|          0|
    |tmp_24_i_reg_622                 |   0|   64|   64|          0|
    |tmp_25_reg_505                   |   0|  128|   64|          0|
    |tmp_34_i_reg_580                 |   0|    1|    1|          0|
    +---------------------------------+----+-----+-----+-----------+
    |Total                            |3788| 1027| 4495|          1|
    +---------------------------------+----+-----+-----+-----------+



================================================================
== Interface
================================================================
* Summary: 
+-------------+-----+-----+------------+--------------+--------------+
|  RTL Ports  | Dir | Bits|  Protocol  | Source Object|    C Type    |
+-------------+-----+-----+------------+--------------+--------------+
|ap_clk       |  in |    1| ap_ctrl_hs | BlackScholes | return value |
|ap_rst       |  in |    1| ap_ctrl_hs | BlackScholes | return value |
|ap_start     |  in |    1| ap_ctrl_hs | BlackScholes | return value |
|ap_done      | out |    1| ap_ctrl_hs | BlackScholes | return value |
|ap_idle      | out |    1| ap_ctrl_hs | BlackScholes | return value |
|ap_ready     | out |    1| ap_ctrl_hs | BlackScholes | return value |
|ap_ce        |  in |    1| ap_ctrl_hs | BlackScholes | return value |
|ap_return    | out |   64| ap_ctrl_hs | BlackScholes | return value |
|CallPutFlag  |  in |    8|   ap_none  |  CallPutFlag |    scalar    |
|S            |  in |   64|   ap_none  |       S      |    scalar    |
|X            |  in |   64|   ap_none  |       X      |    scalar    |
|T            |  in |   64|   ap_none  |       T      |    scalar    |
|r            |  in |   64|   ap_none  |       r      |    scalar    |
|b            |  in |   64|   ap_none  |       b      |    scalar    |
+-------------+-----+-----+------------+--------------+--------------+

