

================================================================
== Vivado HLS Report for 'black_scholes2_loop'
================================================================
* Date:           Sat Nov 29 15:11:44 2014

* Version:        2014.2 (Build 932637 on Wed Jun 11 12:38:34 PM 2014)
* Project:        hls.prj
* Solution:       solution1
* Product family: zynq zynq_fpv6 
* Target device:  xc7z020clg484-1


================================================================
== Performance Estimates
================================================================
+ Timing (ns): 
    * Summary: 
    +---------+-------+----------+------------+
    |  Clock  | Target| Estimated| Uncertainty|
    +---------+-------+----------+------------+
    |default  |  10.00|      8.62|        1.25|
    +---------+-------+----------+------------+

+ Latency (clock cycles): 
    * Summary: 
    +-----+-----+-----+-----+---------+
    |  Latency  |  Interval | Pipeline|
    | min | max | min | max |   Type  |
    +-----+-----+-----+-----+---------+
    |    ?|    ?|    ?|    ?|   none  |
    +-----+-----+-----+-----+---------+

    + Detail: 
        * Instance: 
        N/A

        * Loop: 
        +----------+-----+-----+----------+-----------+-----------+------+----------+
        |          |  Latency  | Iteration|  Initiation Interval  | Trip |          |
        | Loop Name| min | max |  Latency |  achieved |   target  | Count| Pipelined|
        +----------+-----+-----+----------+-----------+-----------+------+----------+
        |- Loop 1  |    ?|    ?|        91|          -|          -|     ?|    no    |
        +----------+-----+-----+----------+-----------+-----------+------+----------+



================================================================
== Utilization Estimates
================================================================
* Summary: 
+-----------------+---------+-------+--------+-------+
|       Name      | BRAM_18K| DSP48E|   FF   |  LUT  |
+-----------------+---------+-------+--------+-------+
|Expression       |        -|      -|       0|    225|
|FIFO             |        -|      -|       -|      -|
|Instance         |        -|     51|    4590|   7553|
|Memory           |        -|      -|       -|      -|
|Multiplexer      |        -|      -|       -|    670|
|Register         |        -|      -|     775|      -|
+-----------------+---------+-------+--------+-------+
|Total            |        0|     51|    5365|   8448|
+-----------------+---------+-------+--------+-------+
|Available        |      280|    220|  106400|  53200|
+-----------------+---------+-------+--------+-------+
|Utilization (%)  |        0|     23|       5|     15|
+-----------------+---------+-------+--------+-------+

+ Detail: 
    * Instance: 
    +---------------------------------------------------------+------------------------------------------------------+---------+-------+------+------+
    |                         Instance                        |                        Module                        | BRAM_18K| DSP48E|  FF  |  LUT |
    +---------------------------------------------------------+------------------------------------------------------+---------+-------+------+------+
    |black_scholes2_loop_dadddsub_64ns_64ns_64_5_full_dsp_U1  |black_scholes2_loop_dadddsub_64ns_64ns_64_5_full_dsp  |        0|      3|   445|  1149|
    |black_scholes2_loop_dcmp_64ns_64ns_1_3_U4                |black_scholes2_loop_dcmp_64ns_64ns_1_3                |        0|      0|   130|   469|
    |black_scholes2_loop_dexp_64ns_64ns_64_18_full_dsp_U6     |black_scholes2_loop_dexp_64ns_64ns_64_18_full_dsp     |        0|     26|  1549|  2599|
    |black_scholes2_loop_dmul_64ns_64ns_64_6_max_dsp_U2       |black_scholes2_loop_dmul_64ns_64ns_64_6_max_dsp       |        0|     11|   317|   578|
    |black_scholes2_loop_dmul_64ns_64ns_64_6_max_dsp_U3       |black_scholes2_loop_dmul_64ns_64ns_64_6_max_dsp       |        0|     11|   317|   578|
    |black_scholes2_loop_dsqrt_64ns_64ns_64_31_U5             |black_scholes2_loop_dsqrt_64ns_64ns_64_31             |        0|      0|  1832|  2180|
    +---------------------------------------------------------+------------------------------------------------------+---------+-------+------+------+
    |Total                                                    |                                                      |        0|     51|  4590|  7553|
    +---------------------------------------------------------+------------------------------------------------------+---------+-------+------+------+

    * Memory: 
    N/A

    * FIFO: 
    N/A

    * Expression: 
    +-----------------------+----------+-------+---+----+------------+------------+
    |     Variable Name     | Operation| DSP48E| FF| LUT| Bitwidth P0| Bitwidth P1|
    +-----------------------+----------+-------+---+----+------------+------------+
    |i_1_fu_206_p2          |     +    |      0|  0|  32|          32|           1|
    |tmp_13_i_fu_217_p3     |  Select  |      0|  0|  64|           1|           1|
    |tmp_fu_201_p2          |   icmp   |      0|  0|  40|          32|          32|
    |tmp_5_neg_i_fu_191_p2  |    xor   |      0|  0|  89|          64|          65|
    +-----------------------+----------+-------+---+----+------------+------------+
    |Total                  |          |      0|  0| 225|         129|          99|
    +-----------------------+----------+-------+---+----+------------+------------+

    * Multiplexer: 
    +-------------------+-----+-----------+-----+-----------+
    |        Name       | LUT | Input Size| Bits| Total Bits|
    +-------------------+-----+-----------+-----+-----------+
    |ap_NS_fsm          |  252|        115|    7|        805|
    |grp_fu_127_opcode  |    2|          3|    2|          6|
    |grp_fu_127_p0      |   64|          5|   64|        320|
    |grp_fu_127_p1      |   64|          4|   64|        256|
    |grp_fu_133_p0      |   64|          7|   64|        448|
    |grp_fu_133_p1      |   64|          7|   64|        448|
    |grp_fu_156_p1      |   64|          3|   64|        192|
    |i_reg_102          |   32|          2|   32|         64|
    |sum_reg_114        |   64|          2|   64|        128|
    +-------------------+-----+-----------+-----+-----------+
    |Total              |  670|        148|  425|       2667|
    +-------------------+-----+-----------+-----+-----------+

    * Register: 
    +--------------------------+----+----+-----+-----------+
    |           Name           | FF | LUT| Bits| Const Bits|
    +--------------------------+----+----+-----+-----------+
    |ap_CS_fsm                 |   7|   0|    7|          0|
    |i_1_reg_277               |  32|   0|   32|          0|
    |i_reg_102                 |  32|   0|   32|          0|
    |rand_number_load_reg_297  |  64|   0|   64|          0|
    |reg_161                   |  64|   0|   64|          0|
    |reg_168                   |  64|   0|   64|          0|
    |reg_175                   |  64|   0|   64|          0|
    |reg_183                   |  64|   0|   64|          0|
    |sum_reg_114               |  64|   0|   64|          0|
    |tmp_13_i_reg_302          |  64|   0|   64|          0|
    |tmp_5_neg_i_reg_237       |  64|   0|   64|          0|
    |tmp_9_i_reg_269           |  64|   0|   64|          0|
    |tmp_i_reg_282             |  64|   0|   64|          0|
    |tmp_s_reg_287             |  64|   0|   64|          0|
    +--------------------------+----+----+-----+-----------+
    |Total                     | 775|   0|  775|          0|
    +--------------------------+----+----+-----+-----------+



================================================================
== Interface
================================================================
* Summary: 
+----------------------+-----+-----+------------+---------------------+--------------+
|       RTL Ports      | Dir | Bits|  Protocol  |    Source Object    |    C Type    |
+----------------------+-----+-----+------------+---------------------+--------------+
|ap_clk                |  in |    1| ap_ctrl_hs | black_scholes2_loop | return value |
|ap_rst                |  in |    1| ap_ctrl_hs | black_scholes2_loop | return value |
|ap_start              |  in |    1| ap_ctrl_hs | black_scholes2_loop | return value |
|ap_done               | out |    1| ap_ctrl_hs | black_scholes2_loop | return value |
|ap_idle               | out |    1| ap_ctrl_hs | black_scholes2_loop | return value |
|ap_ready              | out |    1| ap_ctrl_hs | black_scholes2_loop | return value |
|ap_return             | out |   64| ap_ctrl_hs | black_scholes2_loop | return value |
|S                     |  in |   64|   ap_none  |          S          |    scalar    |
|E                     |  in |   64|   ap_none  |          E          |    scalar    |
|r                     |  in |   64|   ap_none  |          r          |    scalar    |
|sigma                 |  in |   64|   ap_none  |        sigma        |    scalar    |
|T                     |  in |   64|   ap_none  |          T          |    scalar    |
|rand_number_address0  | out |   14|  ap_memory |     rand_number     |     array    |
|rand_number_ce0       | out |    1|  ap_memory |     rand_number     |     array    |
|rand_number_q0        |  in |   64|  ap_memory |     rand_number     |     array    |
|store_address0        | out |   14|  ap_memory |        store        |     array    |
|store_ce0             | out |    1|  ap_memory |        store        |     array    |
|store_we0             | out |    1|  ap_memory |        store        |     array    |
|store_d0              | out |   64|  ap_memory |        store        |     array    |
|M                     |  in |   32|   ap_none  |          M          |    scalar    |
+----------------------+-----+-----+------------+---------------------+--------------+

