

================================================================
== Vivado HLS Report for 'black_scholes2_loop'
================================================================
* Date:           Sat Nov 29 15:11:44 2014

* Version:        2014.2 (Build 932637 on Wed Jun 11 12:38:34 PM 2014)
* Project:        hls.prj
* Solution:       solution1
* Product family: zynq zynq_fpv6 
* Target device:  xc7z020clg484-1


================================================================
== Performance Estimates
================================================================
+ Timing (ns): 
    * Summary: 
    +---------+-------+----------+------------+
    |  Clock  | Target| Estimated| Uncertainty|
    +---------+-------+----------+------------+
    |default  |  10.00|      8.62|        1.25|
    +---------+-------+----------+------------+

+ Latency (clock cycles): 
    * Summary: 
    +-----+-----+-----+-----+---------+
    |  Latency  |  Interval | Pipeline|
    | min | max | min | max |   Type  |
    +-----+-----+-----+-----+---------+
    |    ?|    ?|    ?|    ?|   none  |
    +-----+-----+-----+-----+---------+

    + Detail: 
        * Instance: 
        N/A

        * Loop: 
        +----------+-----+-----+----------+-----------+-----------+------+----------+
        |          |  Latency  | Iteration|  Initiation Interval  | Trip |          |
        | Loop Name| min | max |  Latency |  achieved |   target  | Count| Pipelined|
        +----------+-----+-----+----------+-----------+-----------+------+----------+
        |- Loop 1  |    ?|    ?|        91|          -|          -|     ?|    no    |
        +----------+-----+-----+----------+-----------+-----------+------+----------+



================================================================
== Utilization Estimates
================================================================
* Summary: 
+-----------------+---------+-------+--------+-------+
|       Name      | BRAM_18K| DSP48E|   FF   |  LUT  |
+-----------------+---------+-------+--------+-------+
|Expression       |        -|      -|       0|    225|
|FIFO             |        -|      -|       -|      -|
|Instance         |        -|     51|    4590|   7553|
|Memory           |        -|      -|       -|      -|
|Multiplexer      |        -|      -|       -|    670|
|Register         |        -|      -|     775|      -|
+-----------------+---------+-------+--------+-------+
|Total            |        0|     51|    5365|   8448|
+-----------------+---------+-------+--------+-------+
|Available        |      280|    220|  106400|  53200|
+-----------------+---------+-------+--------+-------+
|Utilization (%)  |        0|     23|       5|     15|
+-----------------+---------+-------+--------+-------+

+ Detail: 
    * Instance: 
    +---------------------------------------------------------+------------------------------------------------------+---------+-------+------+------+
    |                         Instance                        |                        Module                        | BRAM_18K| DSP48E|  FF  |  LUT |
    +---------------------------------------------------------+------------------------------------------------------+---------+-------+------+------+
    |black_scholes2_loop_dadddsub_64ns_64ns_64_5_full_dsp_U1  |black_scholes2_loop_dadddsub_64ns_64ns_64_5_full_dsp  |        0|      3|   445|  1149|
    |black_scholes2_loop_dcmp_64ns_64ns_1_3_U4                |black_scholes2_loop_dcmp_64ns_64ns_1_3                |        0|      0|   130|   469|
    |black_scholes2_loop_dexp_64ns_64ns_64_18_full_dsp_U6     |black_scholes2_loop_dexp_64ns_64ns_64_18_full_dsp     |        0|     26|  1549|  2599|
    |black_scholes2_loop_dmul_64ns_64ns_64_6_max_dsp_U2       |black_scholes2_loop_dmul_64ns_64ns_64_6_max_dsp       |        0|     11|   317|   578|
    |black_scholes2_loop_dmul_64ns_64ns_64_6_max_dsp_U3       |black_scholes2_loop_dmul_64ns_64ns_64_6_max_dsp       |        0|     11|   317|   578|
    |black_scholes2_loop_dsqrt_64ns_64ns_64_31_U5             |black_scholes2_loop_dsqrt_64ns_64ns_64_31             |        0|      0|  1832|  2180|
    +---------------------------------------------------------+------------------------------------------------------+---------+-------+------+------+
    |Total                                                    |                                                      |        0|     51|  4590|  7553|
    +---------------------------------------------------------+------------------------------------------------------+---------+-------+------+------+

    * Memory: 
    N/A

    * FIFO: 
    N/A

    * Expression: 
    +-----------------------+----------+-------+---+----+------------+------------+
    |     Variable Name     | Operation| DSP48E| FF| LUT| Bitwidth P0| Bitwidth P1|
    +-----------------------+----------+-------+---+----+------------+------------+
    |i_1_fu_206_p2          |     +    |      0|  0|  32|          32|           1|
    |tmp_13_i_fu_217_p3     |  Select  |      0|  0|  64|           1|           1|
    |tmp_fu_201_p2          |   icmp   |      0|  0|  40|          32|          32|
    |tmp_5_neg_i_fu_191_p2  |    xor   |      0|  0|  89|          64|          65|
    +-----------------------+----------+-------+---+----+------------+------------+
    |Total                  |          |      0|  0| 225|         129|          99|
    +-----------------------+----------+-------+---+----+------------+------------+

    * Multiplexer: 
    +-------------------+-----+-----------+-----+-----------+
    |        Name       | LUT | Input Size| Bits| Total Bits|
    +-------------------+-----+-----------+-----+-----------+
    |ap_NS_fsm          |  252|        115|    7|        805|
    |grp_fu_127_opcode  |    2|          3|    2|          6|
    |grp_fu_127_p0      |   64|          5|   64|        320|
    |grp_fu_127_p1      |   64|          4|   64|        256|
    |grp_fu_133_p0      |   64|          7|   64|        448|
    |grp_fu_133_p1      |   64|          7|   64|        448|
    |grp_fu_156_p1      |   64|          3|   64|        192|
    |i_reg_102          |   32|          2|   32|         64|
    |sum_reg_114        |   64|          2|   64|        128|
    +-------------------+-----+-----------+-----+-----------+
    |Total              |  670|        148|  425|       2667|
    +-------------------+-----+-----------+-----+-----------+

    * Register: 
    +--------------------------+----+----+-----+-----------+
    |           Name           | FF | LUT| Bits| Const Bits|
    +--------------------------+----+----+-----+-----------+
    |ap_CS_fsm                 |   7|   0|    7|          0|
    |i_1_reg_277               |  32|   0|   32|          0|
    |i_reg_102                 |  32|   0|   32|          0|
    |rand_number_load_reg_297  |  64|   0|   64|          0|
    |reg_161                   |  64|   0|   64|          0|
    |reg_168                   |  64|   0|   64|          0|
    |reg_175                   |  64|   0|   64|          0|
    |reg_183                   |  64|   0|   64|          0|
    |sum_reg_114               |  64|   0|   64|          0|
    |tmp_13_i_reg_302          |  64|   0|   64|          0|
    |tmp_5_neg_i_reg_237       |  64|   0|   64|          0|
    |tmp_9_i_reg_269           |  64|   0|   64|          0|
    |tmp_i_reg_282             |  64|   0|   64|          0|
    |tmp_s_reg_287             |  64|   0|   64|          0|
    +--------------------------+----+----+-----+-----------+
    |Total                     | 775|   0|  775|          0|
    +--------------------------+----+----+-----+-----------+



================================================================
== Interface
================================================================
* Summary: 
+----------------------+-----+-----+------------+---------------------+--------------+
|       RTL Ports      | Dir | Bits|  Protocol  |    Source Object    |    C Type    |
+----------------------+-----+-----+------------+---------------------+--------------+
|ap_clk                |  in |    1| ap_ctrl_hs | black_scholes2_loop | return value |
|ap_rst                |  in |    1| ap_ctrl_hs | black_scholes2_loop | return value |
|ap_start              |  in |    1| ap_ctrl_hs | black_scholes2_loop | return value |
|ap_done               | out |    1| ap_ctrl_hs | black_scholes2_loop | return value |
|ap_idle               | out |    1| ap_ctrl_hs | black_scholes2_loop | return value |
|ap_ready              | out |    1| ap_ctrl_hs | black_scholes2_loop | return value |
|ap_return             | out |   64| ap_ctrl_hs | black_scholes2_loop | return value |
|S                     |  in |   64|   ap_none  |          S          |    scalar    |
|E                     |  in |   64|   ap_none  |          E          |    scalar    |
|r                     |  in |   64|   ap_none  |          r          |    scalar    |
|sigma                 |  in |   64|   ap_none  |        sigma        |    scalar    |
|T                     |  in |   64|   ap_none  |          T          |    scalar    |
|rand_number_address0  | out |   14|  ap_memory |     rand_number     |     array    |
|rand_number_ce0       | out |    1|  ap_memory |     rand_number     |     array    |
|rand_number_q0        |  in |   64|  ap_memory |     rand_number     |     array    |
|store_address0        | out |   14|  ap_memory |        store        |     array    |
|store_ce0             | out |    1|  ap_memory |        store        |     array    |
|store_we0             | out |    1|  ap_memory |        store        |     array    |
|store_d0              | out |   64|  ap_memory |        store        |     array    |
|M                     |  in |   32|   ap_none  |          M          |    scalar    |
+----------------------+-----+-----+------------+---------------------+--------------+

============================================================
+ Verbose Summary: Synthesis Manager
============================================================
InlineROM: 1
ExposeGlobal: 0
============================================================
+ Verbose Summary: CDFG Model
============================================================
IsTopModel: 1
ResetActiveHigh: 1
IsCombinational: 2
IsDatapathOnly: 2
HasWiredReturn: 1
HasMFsm: 0
HasVarLatency: 1
IsPipeline: 0
IsRtlPipelined: 0
IsInstanceOverlapped: 0
IsDontTouch: 0
HasImplIP: 0
IsGatedGlobalClock: 0


============================================================
+ Verbose Summary: Schedule
============================================================
* Number of FSM states: 114
* Pipeline: 0
* Dataflow Pipeline: 0

* FSM state transitions: 
1 --> 
	2  / true
2 --> 
	3  / true
3 --> 
	4  / true
4 --> 
	5  / true
5 --> 
	6  / true
6 --> 
	7  / true
7 --> 
	8  / true
8 --> 
	9  / true
9 --> 
	10  / true
10 --> 
	11  / true
11 --> 
	12  / true
12 --> 
	13  / true
13 --> 
	14  / true
14 --> 
	15  / true
15 --> 
	16  / true
16 --> 
	17  / true
17 --> 
	18  / true
18 --> 
	19  / true
19 --> 
	20  / true
20 --> 
	21  / true
21 --> 
	22  / true
22 --> 
	23  / true
23 --> 
	24  / true
24 --> 
	25  / (tmp)
25 --> 
	26  / true
26 --> 
	27  / true
27 --> 
	28  / true
28 --> 
	29  / true
29 --> 
	30  / true
30 --> 
	31  / true
31 --> 
	32  / true
32 --> 
	33  / true
33 --> 
	34  / true
34 --> 
	35  / true
35 --> 
	36  / true
36 --> 
	37  / true
37 --> 
	38  / true
38 --> 
	39  / true
39 --> 
	40  / true
40 --> 
	41  / true
41 --> 
	42  / true
42 --> 
	43  / true
43 --> 
	44  / true
44 --> 
	45  / true
45 --> 
	46  / true
46 --> 
	47  / true
47 --> 
	48  / true
48 --> 
	49  / true
49 --> 
	50  / true
50 --> 
	51  / true
51 --> 
	52  / true
52 --> 
	53  / true
53 --> 
	54  / true
54 --> 
	55  / true
55 --> 
	56  / true
56 --> 
	57  / true
57 --> 
	58  / true
58 --> 
	59  / true
59 --> 
	60  / true
60 --> 
	61  / true
61 --> 
	62  / true
62 --> 
	63  / true
63 --> 
	64  / true
64 --> 
	65  / true
65 --> 
	66  / true
66 --> 
	67  / true
67 --> 
	68  / true
68 --> 
	69  / true
69 --> 
	70  / true
70 --> 
	71  / true
71 --> 
	72  / true
72 --> 
	73  / true
73 --> 
	74  / true
74 --> 
	75  / true
75 --> 
	76  / true
76 --> 
	77  / true
77 --> 
	78  / true
78 --> 
	79  / true
79 --> 
	80  / true
80 --> 
	81  / true
81 --> 
	82  / true
82 --> 
	83  / true
83 --> 
	84  / true
84 --> 
	85  / true
85 --> 
	86  / true
86 --> 
	87  / true
87 --> 
	88  / true
88 --> 
	89  / true
89 --> 
	90  / true
90 --> 
	91  / true
91 --> 
	92  / true
92 --> 
	93  / true
93 --> 
	94  / true
94 --> 
	95  / true
95 --> 
	96  / true
96 --> 
	97  / true
97 --> 
	98  / true
98 --> 
	99  / true
99 --> 
	100  / true
100 --> 
	101  / true
101 --> 
	102  / true
102 --> 
	103  / true
103 --> 
	104  / true
104 --> 
	105  / true
105 --> 
	106  / true
106 --> 
	107  / true
107 --> 
	108  / true
108 --> 
	109  / true
109 --> 
	110  / true
110 --> 
	111  / true
111 --> 
	112  / true
112 --> 
	113  / true
113 --> 
	114  / true
114 --> 
	24  / true
* FSM state operations: 

 <State 1>: 7.79ns
ST_1: sigma_read [1/1] 0.00ns
:12  %sigma_read = call double @_ssdm_op_Read.ap_auto.double(double %sigma) nounwind

ST_1: tmp_6_i [6/6] 7.79ns
:20  %tmp_6_i = fmul double %sigma_read, %sigma_read


 <State 2>: 7.79ns
ST_2: tmp_6_i [5/6] 7.79ns
:20  %tmp_6_i = fmul double %sigma_read, %sigma_read


 <State 3>: 7.79ns
ST_3: tmp_6_i [4/6] 7.79ns
:20  %tmp_6_i = fmul double %sigma_read, %sigma_read


 <State 4>: 7.79ns
ST_4: tmp_6_i [3/6] 7.79ns
:20  %tmp_6_i = fmul double %sigma_read, %sigma_read


 <State 5>: 7.79ns
ST_5: tmp_6_i [2/6] 7.79ns
:20  %tmp_6_i = fmul double %sigma_read, %sigma_read


 <State 6>: 7.79ns
ST_6: tmp_6_i [1/6] 7.79ns
:20  %tmp_6_i = fmul double %sigma_read, %sigma_read


 <State 7>: 7.79ns
ST_7: tmp_7_i [6/6] 7.79ns
:21  %tmp_7_i = fmul double %tmp_6_i, 5.000000e-01


 <State 8>: 7.79ns
ST_8: tmp_7_i [5/6] 7.79ns
:21  %tmp_7_i = fmul double %tmp_6_i, 5.000000e-01


 <State 9>: 7.79ns
ST_9: tmp_7_i [4/6] 7.79ns
:21  %tmp_7_i = fmul double %tmp_6_i, 5.000000e-01


 <State 10>: 7.79ns
ST_10: tmp_7_i [3/6] 7.79ns
:21  %tmp_7_i = fmul double %tmp_6_i, 5.000000e-01


 <State 11>: 7.79ns
ST_11: tmp_7_i [2/6] 7.79ns
:21  %tmp_7_i = fmul double %tmp_6_i, 5.000000e-01


 <State 12>: 7.79ns
ST_12: tmp_7_i [1/6] 7.79ns
:21  %tmp_7_i = fmul double %tmp_6_i, 5.000000e-01


 <State 13>: 8.23ns
ST_13: r_read [1/1] 0.00ns
:13  %r_read = call double @_ssdm_op_Read.ap_auto.double(double %r) nounwind

ST_13: tmp_8_i [5/5] 8.23ns
:22  %tmp_8_i = fsub double %r_read, %tmp_7_i


 <State 14>: 8.23ns
ST_14: tmp_8_i [4/5] 8.23ns
:22  %tmp_8_i = fsub double %r_read, %tmp_7_i


 <State 15>: 8.23ns
ST_15: tmp_8_i [3/5] 8.23ns
:22  %tmp_8_i = fsub double %r_read, %tmp_7_i


 <State 16>: 8.23ns
ST_16: tmp_8_i [2/5] 8.23ns
:22  %tmp_8_i = fsub double %r_read, %tmp_7_i


 <State 17>: 8.23ns
ST_17: tmp_5_to_int_i [1/1] 0.00ns
:16  %tmp_5_to_int_i = bitcast double %r_read to i64

ST_17: tmp_5_neg_i [1/1] 1.37ns
:17  %tmp_5_neg_i = xor i64 %tmp_5_to_int_i, -9223372036854775808

ST_17: tmp_8_i [1/5] 8.23ns
:22  %tmp_8_i = fsub double %r_read, %tmp_7_i


 <State 18>: 7.79ns
ST_18: T_read [1/1] 0.00ns
:11  %T_read = call double @_ssdm_op_Read.ap_auto.double(double %T) nounwind

ST_18: tmp_5_i [1/1] 0.00ns
:18  %tmp_5_i = bitcast i64 %tmp_5_neg_i to double

ST_18: tmp6 [6/6] 7.79ns
:19  %tmp6 = fmul double %tmp_5_i, %T_read

ST_18: tmp_9_i [6/6] 7.79ns
:23  %tmp_9_i = fmul double %tmp_8_i, %T_read


 <State 19>: 7.79ns
ST_19: tmp6 [5/6] 7.79ns
:19  %tmp6 = fmul double %tmp_5_i, %T_read

ST_19: tmp_9_i [5/6] 7.79ns
:23  %tmp_9_i = fmul double %tmp_8_i, %T_read


 <State 20>: 7.79ns
ST_20: tmp6 [4/6] 7.79ns
:19  %tmp6 = fmul double %tmp_5_i, %T_read

ST_20: tmp_9_i [4/6] 7.79ns
:23  %tmp_9_i = fmul double %tmp_8_i, %T_read


 <State 21>: 7.79ns
ST_21: tmp6 [3/6] 7.79ns
:19  %tmp6 = fmul double %tmp_5_i, %T_read

ST_21: tmp_9_i [3/6] 7.79ns
:23  %tmp_9_i = fmul double %tmp_8_i, %T_read


 <State 22>: 7.79ns
ST_22: tmp6 [2/6] 7.79ns
:19  %tmp6 = fmul double %tmp_5_i, %T_read

ST_22: tmp_9_i [2/6] 7.79ns
:23  %tmp_9_i = fmul double %tmp_8_i, %T_read


 <State 23>: 7.79ns
ST_23: stg_148 [1/1] 0.00ns
:0  call void (...)* @_ssdm_op_SpecBitsMap(double %S) nounwind, !map !0

ST_23: stg_149 [1/1] 0.00ns
:1  call void (...)* @_ssdm_op_SpecBitsMap(double %E) nounwind, !map !6

ST_23: stg_150 [1/1] 0.00ns
:2  call void (...)* @_ssdm_op_SpecBitsMap(double %r) nounwind, !map !10

ST_23: stg_151 [1/1] 0.00ns
:3  call void (...)* @_ssdm_op_SpecBitsMap(double %sigma) nounwind, !map !14

ST_23: stg_152 [1/1] 0.00ns
:4  call void (...)* @_ssdm_op_SpecBitsMap(double %T) nounwind, !map !18

ST_23: stg_153 [1/1] 0.00ns
:5  call void (...)* @_ssdm_op_SpecBitsMap([10000 x double]* %rand_number) nounwind, !map !22

ST_23: stg_154 [1/1] 0.00ns
:6  call void (...)* @_ssdm_op_SpecBitsMap([10000 x double]* %store) nounwind, !map !28

ST_23: stg_155 [1/1] 0.00ns
:7  call void (...)* @_ssdm_op_SpecBitsMap(i32 %M) nounwind, !map !32

ST_23: stg_156 [1/1] 0.00ns
:8  call void (...)* @_ssdm_op_SpecBitsMap(double 0.000000e+00) nounwind, !map !36

ST_23: stg_157 [1/1] 0.00ns
:9  call void (...)* @_ssdm_op_SpecTopModule([20 x i8]* @str) nounwind

ST_23: M_read [1/1] 0.00ns
:10  %M_read = call i32 @_ssdm_op_Read.ap_auto.i32(i32 %M) nounwind

ST_23: E_read [1/1] 0.00ns
:14  %E_read = call double @_ssdm_op_Read.ap_auto.double(double %E) nounwind

ST_23: S_read [1/1] 0.00ns
:15  %S_read = call double @_ssdm_op_Read.ap_auto.double(double %S) nounwind

ST_23: tmp6 [1/6] 7.79ns
:19  %tmp6 = fmul double %tmp_5_i, %T_read

ST_23: tmp_9_i [1/6] 7.79ns
:23  %tmp_9_i = fmul double %tmp_8_i, %T_read

ST_23: stg_163 [1/1] 1.57ns
:24  br label %1


 <State 24>: 8.62ns
ST_24: i [1/1] 0.00ns
:0  %i = phi i32 [ 0, %0 ], [ %i_1, %2 ]

ST_24: sum [1/1] 0.00ns
:1  %sum = phi double [ 0.000000e+00, %0 ], [ %sum_1, %2 ]

ST_24: tmp [1/1] 2.52ns
:2  %tmp = icmp slt i32 %i, %M_read

ST_24: i_1 [1/1] 2.44ns
:3  %i_1 = add nsw i32 %i, 1

ST_24: stg_168 [1/1] 0.00ns
:4  br i1 %tmp, label %2, label %3

ST_24: tmp_i [31/31] 8.62ns
:4  %tmp_i = call double @llvm.sqrt.f64(double %T_read) nounwind

ST_24: stg_170 [1/1] 0.00ns
:0  ret double %sum


 <State 25>: 8.62ns
ST_25: tmp_i [30/31] 8.62ns
:4  %tmp_i = call double @llvm.sqrt.f64(double %T_read) nounwind


 <State 26>: 8.62ns
ST_26: tmp_i [29/31] 8.62ns
:4  %tmp_i = call double @llvm.sqrt.f64(double %T_read) nounwind


 <State 27>: 8.62ns
ST_27: tmp_i [28/31] 8.62ns
:4  %tmp_i = call double @llvm.sqrt.f64(double %T_read) nounwind


 <State 28>: 8.62ns
ST_28: tmp_i [27/31] 8.62ns
:4  %tmp_i = call double @llvm.sqrt.f64(double %T_read) nounwind


 <State 29>: 8.62ns
ST_29: tmp_i [26/31] 8.62ns
:4  %tmp_i = call double @llvm.sqrt.f64(double %T_read) nounwind


 <State 30>: 8.62ns
ST_30: tmp_i [25/31] 8.62ns
:4  %tmp_i = call double @llvm.sqrt.f64(double %T_read) nounwind


 <State 31>: 8.62ns
ST_31: tmp_i [24/31] 8.62ns
:4  %tmp_i = call double @llvm.sqrt.f64(double %T_read) nounwind


 <State 32>: 8.62ns
ST_32: tmp_i [23/31] 8.62ns
:4  %tmp_i = call double @llvm.sqrt.f64(double %T_read) nounwind


 <State 33>: 8.62ns
ST_33: tmp_i [22/31] 8.62ns
:4  %tmp_i = call double @llvm.sqrt.f64(double %T_read) nounwind


 <State 34>: 8.62ns
ST_34: tmp_i [21/31] 8.62ns
:4  %tmp_i = call double @llvm.sqrt.f64(double %T_read) nounwind


 <State 35>: 8.62ns
ST_35: tmp_i [20/31] 8.62ns
:4  %tmp_i = call double @llvm.sqrt.f64(double %T_read) nounwind


 <State 36>: 8.62ns
ST_36: tmp_i [19/31] 8.62ns
:4  %tmp_i = call double @llvm.sqrt.f64(double %T_read) nounwind


 <State 37>: 8.62ns
ST_37: tmp_i [18/31] 8.62ns
:4  %tmp_i = call double @llvm.sqrt.f64(double %T_read) nounwind


 <State 38>: 8.62ns
ST_38: tmp_i [17/31] 8.62ns
:4  %tmp_i = call double @llvm.sqrt.f64(double %T_read) nounwind


 <State 39>: 8.62ns
ST_39: tmp_i [16/31] 8.62ns
:4  %tmp_i = call double @llvm.sqrt.f64(double %T_read) nounwind


 <State 40>: 8.62ns
ST_40: tmp_i [15/31] 8.62ns
:4  %tmp_i = call double @llvm.sqrt.f64(double %T_read) nounwind


 <State 41>: 8.62ns
ST_41: tmp_i [14/31] 8.62ns
:4  %tmp_i = call double @llvm.sqrt.f64(double %T_read) nounwind


 <State 42>: 8.62ns
ST_42: tmp_i [13/31] 8.62ns
:4  %tmp_i = call double @llvm.sqrt.f64(double %T_read) nounwind


 <State 43>: 8.62ns
ST_43: tmp_i [12/31] 8.62ns
:4  %tmp_i = call double @llvm.sqrt.f64(double %T_read) nounwind


 <State 44>: 8.62ns
ST_44: tmp_i [11/31] 8.62ns
:4  %tmp_i = call double @llvm.sqrt.f64(double %T_read) nounwind


 <State 45>: 8.62ns
ST_45: tmp_i [10/31] 8.62ns
:4  %tmp_i = call double @llvm.sqrt.f64(double %T_read) nounwind


 <State 46>: 8.62ns
ST_46: tmp_i [9/31] 8.62ns
:4  %tmp_i = call double @llvm.sqrt.f64(double %T_read) nounwind


 <State 47>: 8.62ns
ST_47: tmp_i [8/31] 8.62ns
:4  %tmp_i = call double @llvm.sqrt.f64(double %T_read) nounwind


 <State 48>: 8.62ns
ST_48: tmp_i [7/31] 8.62ns
:4  %tmp_i = call double @llvm.sqrt.f64(double %T_read) nounwind


 <State 49>: 8.62ns
ST_49: tmp_i [6/31] 8.62ns
:4  %tmp_i = call double @llvm.sqrt.f64(double %T_read) nounwind


 <State 50>: 8.62ns
ST_50: tmp_i [5/31] 8.62ns
:4  %tmp_i = call double @llvm.sqrt.f64(double %T_read) nounwind


 <State 51>: 8.62ns
ST_51: tmp_i [4/31] 8.62ns
:4  %tmp_i = call double @llvm.sqrt.f64(double %T_read) nounwind


 <State 52>: 8.62ns
ST_52: tmp_i [3/31] 8.62ns
:4  %tmp_i = call double @llvm.sqrt.f64(double %T_read) nounwind


 <State 53>: 8.62ns
ST_53: tmp_i [2/31] 8.62ns
:4  %tmp_i = call double @llvm.sqrt.f64(double %T_read) nounwind


 <State 54>: 8.62ns
ST_54: tmp_i [1/31] 8.62ns
:4  %tmp_i = call double @llvm.sqrt.f64(double %T_read) nounwind


 <State 55>: 7.79ns
ST_55: tmp_1_i [6/6] 7.79ns
:5  %tmp_1_i = fmul double %tmp_i, %sigma_read


 <State 56>: 7.79ns
ST_56: tmp_1_i [5/6] 7.79ns
:5  %tmp_1_i = fmul double %tmp_i, %sigma_read


 <State 57>: 7.79ns
ST_57: tmp_1_i [4/6] 7.79ns
:5  %tmp_1_i = fmul double %tmp_i, %sigma_read


 <State 58>: 7.79ns
ST_58: tmp_1_i [3/6] 7.79ns
:5  %tmp_1_i = fmul double %tmp_i, %sigma_read


 <State 59>: 7.79ns
ST_59: tmp_s [1/1] 0.00ns
:0  %tmp_s = sext i32 %i to i64

ST_59: rand_number_addr [1/1] 0.00ns
:1  %rand_number_addr = getelementptr [10000 x double]* %rand_number, i64 0, i64 %tmp_s

ST_59: rand_number_load [2/2] 2.39ns
:2  %rand_number_load = load double* %rand_number_addr, align 8

ST_59: tmp_1_i [2/6] 7.79ns
:5  %tmp_1_i = fmul double %tmp_i, %sigma_read


 <State 60>: 7.79ns
ST_60: rand_number_load [1/2] 2.39ns
:2  %rand_number_load = load double* %rand_number_addr, align 8

ST_60: tmp_1_i [1/6] 7.79ns
:5  %tmp_1_i = fmul double %tmp_i, %sigma_read


 <State 61>: 7.79ns
ST_61: tmp_2_i [6/6] 7.79ns
:6  %tmp_2_i = fmul double %tmp_1_i, %rand_number_load


 <State 62>: 7.79ns
ST_62: tmp_2_i [5/6] 7.79ns
:6  %tmp_2_i = fmul double %tmp_1_i, %rand_number_load


 <State 63>: 7.79ns
ST_63: tmp_2_i [4/6] 7.79ns
:6  %tmp_2_i = fmul double %tmp_1_i, %rand_number_load


 <State 64>: 7.79ns
ST_64: tmp_2_i [3/6] 7.79ns
:6  %tmp_2_i = fmul double %tmp_1_i, %rand_number_load


 <State 65>: 7.79ns
ST_65: tmp_2_i [2/6] 7.79ns
:6  %tmp_2_i = fmul double %tmp_1_i, %rand_number_load


 <State 66>: 7.79ns
ST_66: tmp_2_i [1/6] 7.79ns
:6  %tmp_2_i = fmul double %tmp_1_i, %rand_number_load


 <State 67>: 8.23ns
ST_67: tmp_3_i [5/5] 8.23ns
:7  %tmp_3_i = fadd double %tmp_9_i, %tmp_2_i


 <State 68>: 8.23ns
ST_68: tmp_3_i [4/5] 8.23ns
:7  %tmp_3_i = fadd double %tmp_9_i, %tmp_2_i


 <State 69>: 8.23ns
ST_69: tmp_3_i [3/5] 8.23ns
:7  %tmp_3_i = fadd double %tmp_9_i, %tmp_2_i


 <State 70>: 8.23ns
ST_70: tmp_3_i [2/5] 8.23ns
:7  %tmp_3_i = fadd double %tmp_9_i, %tmp_2_i


 <State 71>: 8.23ns
ST_71: tmp_3_i [1/5] 8.23ns
:7  %tmp_3_i = fadd double %tmp_9_i, %tmp_2_i


 <State 72>: 7.32ns
ST_72: tmp_4_i [18/18] 7.32ns
:8  %tmp_4_i = call double @llvm.exp.f64(double %tmp_3_i) nounwind


 <State 73>: 7.32ns
ST_73: tmp_4_i [17/18] 7.32ns
:8  %tmp_4_i = call double @llvm.exp.f64(double %tmp_3_i) nounwind


 <State 74>: 7.32ns
ST_74: tmp_4_i [16/18] 7.32ns
:8  %tmp_4_i = call double @llvm.exp.f64(double %tmp_3_i) nounwind


 <State 75>: 7.32ns
ST_75: tmp_4_i [15/18] 7.32ns
:8  %tmp_4_i = call double @llvm.exp.f64(double %tmp_3_i) nounwind


 <State 76>: 7.32ns
ST_76: tmp_4_i [14/18] 7.32ns
:8  %tmp_4_i = call double @llvm.exp.f64(double %tmp_3_i) nounwind


 <State 77>: 7.32ns
ST_77: tmp_4_i [13/18] 7.32ns
:8  %tmp_4_i = call double @llvm.exp.f64(double %tmp_3_i) nounwind


 <State 78>: 7.32ns
ST_78: tmp_4_i [12/18] 7.32ns
:8  %tmp_4_i = call double @llvm.exp.f64(double %tmp_3_i) nounwind


 <State 79>: 7.32ns
ST_79: tmp_4_i [11/18] 7.32ns
:8  %tmp_4_i = call double @llvm.exp.f64(double %tmp_3_i) nounwind


 <State 80>: 7.32ns
ST_80: tmp_4_i [10/18] 7.32ns
:8  %tmp_4_i = call double @llvm.exp.f64(double %tmp_3_i) nounwind


 <State 81>: 7.32ns
ST_81: tmp_4_i [9/18] 7.32ns
:8  %tmp_4_i = call double @llvm.exp.f64(double %tmp_3_i) nounwind


 <State 82>: 7.32ns
ST_82: tmp_4_i [8/18] 7.32ns
:8  %tmp_4_i = call double @llvm.exp.f64(double %tmp_3_i) nounwind


 <State 83>: 7.32ns
ST_83: tmp_4_i [7/18] 7.32ns
:8  %tmp_4_i = call double @llvm.exp.f64(double %tmp_3_i) nounwind


 <State 84>: 7.32ns
ST_84: tmp_4_i [6/18] 7.32ns
:8  %tmp_4_i = call double @llvm.exp.f64(double %tmp_3_i) nounwind


 <State 85>: 7.32ns
ST_85: tmp_4_i [5/18] 7.32ns
:8  %tmp_4_i = call double @llvm.exp.f64(double %tmp_3_i) nounwind


 <State 86>: 7.32ns
ST_86: tmp_4_i [4/18] 7.32ns
:8  %tmp_4_i = call double @llvm.exp.f64(double %tmp_3_i) nounwind

ST_86: tmp_10_i [18/18] 7.32ns
:10  %tmp_10_i = call double @llvm.exp.f64(double %tmp6) nounwind


 <State 87>: 7.32ns
ST_87: tmp_4_i [3/18] 7.32ns
:8  %tmp_4_i = call double @llvm.exp.f64(double %tmp_3_i) nounwind

ST_87: tmp_10_i [17/18] 7.32ns
:10  %tmp_10_i = call double @llvm.exp.f64(double %tmp6) nounwind


 <State 88>: 7.32ns
ST_88: tmp_4_i [2/18] 7.32ns
:8  %tmp_4_i = call double @llvm.exp.f64(double %tmp_3_i) nounwind

ST_88: tmp_10_i [16/18] 7.32ns
:10  %tmp_10_i = call double @llvm.exp.f64(double %tmp6) nounwind


 <State 89>: 7.32ns
ST_89: tmp_4_i [1/18] 7.32ns
:8  %tmp_4_i = call double @llvm.exp.f64(double %tmp_3_i) nounwind

ST_89: tmp_10_i [15/18] 7.32ns
:10  %tmp_10_i = call double @llvm.exp.f64(double %tmp6) nounwind


 <State 90>: 7.79ns
ST_90: current_value [6/6] 7.79ns
:9  %current_value = fmul double %tmp_4_i, %S_read

ST_90: tmp_10_i [14/18] 7.32ns
:10  %tmp_10_i = call double @llvm.exp.f64(double %tmp6) nounwind


 <State 91>: 7.79ns
ST_91: current_value [5/6] 7.79ns
:9  %current_value = fmul double %tmp_4_i, %S_read

ST_91: tmp_10_i [13/18] 7.32ns
:10  %tmp_10_i = call double @llvm.exp.f64(double %tmp6) nounwind


 <State 92>: 7.79ns
ST_92: current_value [4/6] 7.79ns
:9  %current_value = fmul double %tmp_4_i, %S_read

ST_92: tmp_10_i [12/18] 7.32ns
:10  %tmp_10_i = call double @llvm.exp.f64(double %tmp6) nounwind


 <State 93>: 7.79ns
ST_93: current_value [3/6] 7.79ns
:9  %current_value = fmul double %tmp_4_i, %S_read

ST_93: tmp_10_i [11/18] 7.32ns
:10  %tmp_10_i = call double @llvm.exp.f64(double %tmp6) nounwind


 <State 94>: 7.79ns
ST_94: current_value [2/6] 7.79ns
:9  %current_value = fmul double %tmp_4_i, %S_read

ST_94: tmp_10_i [10/18] 7.32ns
:10  %tmp_10_i = call double @llvm.exp.f64(double %tmp6) nounwind


 <State 95>: 7.79ns
ST_95: current_value [1/6] 7.79ns
:9  %current_value = fmul double %tmp_4_i, %S_read

ST_95: tmp_10_i [9/18] 7.32ns
:10  %tmp_10_i = call double @llvm.exp.f64(double %tmp6) nounwind


 <State 96>: 8.23ns
ST_96: tmp_10_i [8/18] 7.32ns
:10  %tmp_10_i = call double @llvm.exp.f64(double %tmp6) nounwind

ST_96: tmp_11_i [5/5] 8.23ns
:11  %tmp_11_i = fsub double %current_value, %E_read


 <State 97>: 8.23ns
ST_97: tmp_10_i [7/18] 7.32ns
:10  %tmp_10_i = call double @llvm.exp.f64(double %tmp6) nounwind

ST_97: tmp_11_i [4/5] 8.23ns
:11  %tmp_11_i = fsub double %current_value, %E_read


 <State 98>: 8.23ns
ST_98: tmp_10_i [6/18] 7.32ns
:10  %tmp_10_i = call double @llvm.exp.f64(double %tmp6) nounwind

ST_98: tmp_11_i [3/5] 8.23ns
:11  %tmp_11_i = fsub double %current_value, %E_read


 <State 99>: 8.23ns
ST_99: tmp_10_i [5/18] 7.32ns
:10  %tmp_10_i = call double @llvm.exp.f64(double %tmp6) nounwind

ST_99: tmp_11_i [2/5] 8.23ns
:11  %tmp_11_i = fsub double %current_value, %E_read


 <State 100>: 8.23ns
ST_100: tmp_10_i [4/18] 7.32ns
:10  %tmp_10_i = call double @llvm.exp.f64(double %tmp6) nounwind

ST_100: tmp_11_i [1/5] 8.23ns
:11  %tmp_11_i = fsub double %current_value, %E_read


 <State 101>: 7.32ns
ST_101: tmp_10_i [3/18] 7.32ns
:10  %tmp_10_i = call double @llvm.exp.f64(double %tmp6) nounwind

ST_101: tmp_12_i [3/3] 4.55ns
:12  %tmp_12_i = fcmp olt double %tmp_11_i, 0.000000e+00


 <State 102>: 7.32ns
ST_102: tmp_10_i [2/18] 7.32ns
:10  %tmp_10_i = call double @llvm.exp.f64(double %tmp6) nounwind

ST_102: tmp_12_i [2/3] 4.55ns
:12  %tmp_12_i = fcmp olt double %tmp_11_i, 0.000000e+00


 <State 103>: 7.32ns
ST_103: tmp_10_i [1/18] 7.32ns
:10  %tmp_10_i = call double @llvm.exp.f64(double %tmp6) nounwind

ST_103: tmp_12_i [1/3] 4.55ns
:12  %tmp_12_i = fcmp olt double %tmp_11_i, 0.000000e+00

ST_103: tmp_13_i [1/1] 1.37ns
:13  %tmp_13_i = select i1 %tmp_12_i, double 0.000000e+00, double %tmp_11_i


 <State 104>: 7.79ns
ST_104: mydata [6/6] 7.79ns
:14  %mydata = fmul double %tmp_10_i, %tmp_13_i


 <State 105>: 7.79ns
ST_105: mydata [5/6] 7.79ns
:14  %mydata = fmul double %tmp_10_i, %tmp_13_i


 <State 106>: 7.79ns
ST_106: mydata [4/6] 7.79ns
:14  %mydata = fmul double %tmp_10_i, %tmp_13_i


 <State 107>: 7.79ns
ST_107: mydata [3/6] 7.79ns
:14  %mydata = fmul double %tmp_10_i, %tmp_13_i


 <State 108>: 7.79ns
ST_108: mydata [2/6] 7.79ns
:14  %mydata = fmul double %tmp_10_i, %tmp_13_i


 <State 109>: 7.79ns
ST_109: mydata [1/6] 7.79ns
:14  %mydata = fmul double %tmp_10_i, %tmp_13_i


 <State 110>: 8.23ns
ST_110: store_addr [1/1] 0.00ns
:3  %store_addr = getelementptr [10000 x double]* %store, i64 0, i64 %tmp_s

ST_110: stg_280 [1/1] 2.39ns
:15  store double %mydata, double* %store_addr, align 8

ST_110: sum_1 [5/5] 8.23ns
:16  %sum_1 = fadd double %sum, %mydata


 <State 111>: 8.23ns
ST_111: sum_1 [4/5] 8.23ns
:16  %sum_1 = fadd double %sum, %mydata


 <State 112>: 8.23ns
ST_112: sum_1 [3/5] 8.23ns
:16  %sum_1 = fadd double %sum, %mydata


 <State 113>: 8.23ns
ST_113: sum_1 [2/5] 8.23ns
:16  %sum_1 = fadd double %sum, %mydata


 <State 114>: 8.23ns
ST_114: sum_1 [1/5] 8.23ns
:16  %sum_1 = fadd double %sum, %mydata

ST_114: stg_286 [1/1] 0.00ns
:17  br label %1



============================================================
+ Verbose Summary: Binding
============================================================
STG Binding: 
---------------- STG Properties BEGIN ----------------
- Is combinational: 0
- Is one-state seq: 0
- Is datapath-only: 0
- Is clock enabled: 0
- Is pipelined: 0
- Is top level: 1
Port [ Return ] is wired: 1; IO mode=ap_ctrl_hs:ce=0
Port [ S]:  wired=1; compound=0; hidden=0; nouse=0; global=0; static=0; extern=0; dir=0; type=0; mode=0xc0969d0; pingpong=0; private_global=0; IO mode=ap_none:ce=0
Port [ E]:  wired=1; compound=0; hidden=0; nouse=0; global=0; static=0; extern=0; dir=0; type=0; mode=0xc128510; pingpong=0; private_global=0; IO mode=ap_none:ce=0
Port [ r]:  wired=1; compound=0; hidden=0; nouse=0; global=0; static=0; extern=0; dir=0; type=0; mode=0xbfe1cf0; pingpong=0; private_global=0; IO mode=ap_none:ce=0
Port [ sigma]:  wired=1; compound=0; hidden=0; nouse=0; global=0; static=0; extern=0; dir=0; type=0; mode=0xc1380a0; pingpong=0; private_global=0; IO mode=ap_none:ce=0
Port [ T]:  wired=1; compound=0; hidden=0; nouse=0; global=0; static=0; extern=0; dir=0; type=0; mode=0xc014b80; pingpong=0; private_global=0; IO mode=ap_none:ce=0
Port [ rand_number]:  wired=1; compound=1; hidden=0; nouse=0; global=0; static=0; extern=0; dir=0; type=1; mode=0xbe384b0; pingpong=0; private_global=0; MemPort=[13]; IO mode=ap_memory:ce=0
Port [ store]:  wired=1; compound=1; hidden=0; nouse=0; global=0; static=0; extern=0; dir=1; type=1; mode=0xbe82b50; pingpong=0; private_global=0; MemPort=[03]; IO mode=ap_memory:ce=0
Port [ M]:  wired=1; compound=0; hidden=0; nouse=0; global=0; static=0; extern=0; dir=0; type=0; mode=0xbe923c0; pingpong=0; private_global=0; IO mode=ap_none:ce=0
---------------- STG Properties END ------------------

---------------- Datapath Model BEGIN ----------------

<LifeTime>
<method=bitvector/>
sigma_read       (read         ) [ 0011111111111111111111111111111111111111111111111111111111111111111111111111111111111111111111111111111111111111111]
tmp_6_i          (dmul         ) [ 0000000111111000000000000000000000000000000000000000000000000000000000000000000000000000000000000000000000000000000]
tmp_7_i          (dmul         ) [ 0000000000000111110000000000000000000000000000000000000000000000000000000000000000000000000000000000000000000000000]
r_read           (read         ) [ 0000000000000011110000000000000000000000000000000000000000000000000000000000000000000000000000000000000000000000000]
tmp_5_to_int_i   (bitcast      ) [ 0000000000000000000000000000000000000000000000000000000000000000000000000000000000000000000000000000000000000000000]
tmp_5_neg_i      (xor          ) [ 0000000000000000001000000000000000000000000000000000000000000000000000000000000000000000000000000000000000000000000]
tmp_8_i          (dsub         ) [ 0000000000000000001111110000000000000000000000000000000000000000000000000000000000000000000000000000000000000000000]
T_read           (read         ) [ 0000000000000000000111111111111111111111111111111111111111111111111111111111111111111111111111111111111111111111111]
tmp_5_i          (bitcast      ) [ 0000000000000000000111110000000000000000000000000000000000000000000000000000000000000000000000000000000000000000000]
stg_148          (specbitsmap  ) [ 0000000000000000000000000000000000000000000000000000000000000000000000000000000000000000000000000000000000000000000]
stg_149          (specbitsmap  ) [ 0000000000000000000000000000000000000000000000000000000000000000000000000000000000000000000000000000000000000000000]
stg_150          (specbitsmap  ) [ 0000000000000000000000000000000000000000000000000000000000000000000000000000000000000000000000000000000000000000000]
stg_151          (specbitsmap  ) [ 0000000000000000000000000000000000000000000000000000000000000000000000000000000000000000000000000000000000000000000]
stg_152          (specbitsmap  ) [ 0000000000000000000000000000000000000000000000000000000000000000000000000000000000000000000000000000000000000000000]
stg_153          (specbitsmap  ) [ 0000000000000000000000000000000000000000000000000000000000000000000000000000000000000000000000000000000000000000000]
stg_154          (specbitsmap  ) [ 0000000000000000000000000000000000000000000000000000000000000000000000000000000000000000000000000000000000000000000]
stg_155          (specbitsmap  ) [ 0000000000000000000000000000000000000000000000000000000000000000000000000000000000000000000000000000000000000000000]
stg_156          (specbitsmap  ) [ 0000000000000000000000000000000000000000000000000000000000000000000000000000000000000000000000000000000000000000000]
stg_157          (spectopmodule) [ 0000000000000000000000000000000000000000000000000000000000000000000000000000000000000000000000000000000000000000000]
M_read           (read         ) [ 0000000000000000000000001111111111111111111111111111111111111111111111111111111111111111111111111111111111111111111]
E_read           (read         ) [ 0000000000000000000000001111111111111111111111111111111111111111111111111111111111111111111111111111111111111111111]
S_read           (read         ) [ 0000000000000000000000001111111111111111111111111111111111111111111111111111111111111111111111111111111111111111111]
tmp6             (dmul         ) [ 0000000000000000000000001111111111111111111111111111111111111111111111111111111111111111111111111111111111111111111]
tmp_9_i          (dmul         ) [ 0000000000000000000000001111111111111111111111111111111111111111111111111111111111111111111111111111111111111111111]
stg_163          (br           ) [ 0000000000000000000000011111111111111111111111111111111111111111111111111111111111111111111111111111111111111111111]
i                (phi          ) [ 0000000000000000000000001111111111111111111111111111111111110000000000000000000000000000000000000000000000000000000]
sum              (phi          ) [ 0000000000000000000000001111111111111111111111111111111111111111111111111111111111111111111111111111111111111111111]
tmp              (icmp         ) [ 0000000000000000000000001111111111111111111111111111111111111111111111111111111111111111111111111111111111111111111]
i_1              (add          ) [ 0000000000000000000000011111111111111111111111111111111111111111111111111111111111111111111111111111111111111111111]
stg_168          (br           ) [ 0000000000000000000000000000000000000000000000000000000000000000000000000000000000000000000000000000000000000000000]
stg_170          (ret          ) [ 0000000000000000000000000000000000000000000000000000000000000000000000000000000000000000000000000000000000000000000]
tmp_i            (dsqrt        ) [ 0000000000000000000000000000000000000000000000000000000111111000000000000000000000000000000000000000000000000000000]
tmp_s            (sext         ) [ 0000000000000000000000000000000000000000000000000000000000001111111111111111111111111111111111111111111111111110000]
rand_number_addr (getelementptr) [ 0000000000000000000000000000000000000000000000000000000000001000000000000000000000000000000000000000000000000000000]
rand_number_load (load         ) [ 0000000000000000000000000000000000000000000000000000000000000111111000000000000000000000000000000000000000000000000]
tmp_1_i          (dmul         ) [ 0000000000000000000000000000000000000000000000000000000000000111111000000000000000000000000000000000000000000000000]
tmp_2_i          (dmul         ) [ 0000000000000000000000000000000000000000000000000000000000000000000111110000000000000000000000000000000000000000000]
tmp_3_i          (dadd         ) [ 0000000000000000000000000000000000000000000000000000000000000000000000001111111111111111110000000000000000000000000]
tmp_4_i          (dexp         ) [ 0000000000000000000000000000000000000000000000000000000000000000000000000000000000000000001111110000000000000000000]
current_value    (dmul         ) [ 0000000000000000000000000000000000000000000000000000000000000000000000000000000000000000000000001111100000000000000]
tmp_11_i         (dsub         ) [ 0000000000000000000000000000000000000000000000000000000000000000000000000000000000000000000000000000011100000000000]
tmp_10_i         (dexp         ) [ 0000000000000000000000000000000000000000000000000000000000000000000000000000000000000000000000000000000011111100000]
tmp_12_i         (dcmp         ) [ 0000000000000000000000000000000000000000000000000000000000000000000000000000000000000000000000000000000000000000000]
tmp_13_i         (select       ) [ 0000000000000000000000000000000000000000000000000000000000000000000000000000000000000000000000000000000011111100000]
mydata           (dmul         ) [ 0000000000000000000000000000000000000000000000000000000000000000000000000000000000000000000000000000000000000011111]
store_addr       (getelementptr) [ 0000000000000000000000000000000000000000000000000000000000000000000000000000000000000000000000000000000000000000000]
stg_280          (store        ) [ 0000000000000000000000000000000000000000000000000000000000000000000000000000000000000000000000000000000000000000000]
sum_1            (dadd         ) [ 0000000000000000000000011111111111111111111111111111111111111111111111111111111111111111111111111111111111111111111]
stg_286          (br           ) [ 0000000000000000000000011111111111111111111111111111111111111111111111111111111111111111111111111111111111111111111]
</LifeTime>

<model>

<comp_list>
<comp id="0" class="1000" name="S">
<pin_list>
<pin id="1" dir="1" index="0" bw="1" slack="0"/>
</pin_list>
<bind>
<StgValue><ssdm name="S"/></StgValue>
</bind>
</comp>

<comp id="2" class="1000" name="E">
<pin_list>
<pin id="3" dir="1" index="0" bw="1" slack="0"/>
</pin_list>
<bind>
<StgValue><ssdm name="E"/></StgValue>
</bind>
</comp>

<comp id="4" class="1000" name="r">
<pin_list>
<pin id="5" dir="1" index="0" bw="1" slack="0"/>
</pin_list>
<bind>
<StgValue><ssdm name="r"/></StgValue>
</bind>
</comp>

<comp id="6" class="1000" name="sigma">
<pin_list>
<pin id="7" dir="1" index="0" bw="1" slack="0"/>
</pin_list>
<bind>
<StgValue><ssdm name="sigma"/></StgValue>
</bind>
</comp>

<comp id="8" class="1000" name="T">
<pin_list>
<pin id="9" dir="1" index="0" bw="1" slack="0"/>
</pin_list>
<bind>
<StgValue><ssdm name="T"/></StgValue>
</bind>
</comp>

<comp id="10" class="1000" name="rand_number">
<pin_list>
<pin id="11" dir="1" index="0" bw="1" slack="0"/>
</pin_list>
<bind>
<StgValue><ssdm name="rand_number"/><MemPortTyVec>1 3 </MemPortTyVec>
</StgValue>
</bind>
</comp>

<comp id="12" class="1000" name="store">
<pin_list>
<pin id="13" dir="1" index="0" bw="1" slack="0"/>
</pin_list>
<bind>
<StgValue><ssdm name="store"/><MemPortTyVec>0 3 </MemPortTyVec>
</StgValue>
</bind>
</comp>

<comp id="14" class="1000" name="M">
<pin_list>
<pin id="15" dir="1" index="0" bw="1" slack="0"/>
</pin_list>
<bind>
<StgValue><ssdm name="M"/></StgValue>
</bind>
</comp>

<comp id="16" class="1001" name="const_16">
<pin_list>
<pin id="17" dir="1" index="0" bw="1" slack="0"/>
</pin_list>
<bind>
<StgValue><ssdm name="_ssdm_op_Read.ap_auto.double"/></StgValue>
</bind>
</comp>

<comp id="18" class="1001" name="const_18">
<pin_list>
<pin id="19" dir="1" index="0" bw="1" slack="0"/>
</pin_list>
<bind>
<StgValue><ssdm name=""/></StgValue>
</bind>
</comp>

<comp id="20" class="1001" name="const_20">
<pin_list>
<pin id="21" dir="1" index="0" bw="1" slack="0"/>
</pin_list>
<bind>
<StgValue><ssdm name=""/></StgValue>
</bind>
</comp>

<comp id="22" class="1001" name="const_22">
<pin_list>
<pin id="23" dir="1" index="0" bw="1" slack="2147483647"/>
</pin_list>
<bind>
<StgValue><ssdm name="_ssdm_op_SpecBitsMap"/></StgValue>
</bind>
</comp>

<comp id="24" class="1001" name="const_24">
<pin_list>
<pin id="25" dir="1" index="0" bw="1" slack="0"/>
</pin_list>
<bind>
<StgValue><ssdm name=""/></StgValue>
</bind>
</comp>

<comp id="26" class="1001" name="const_26">
<pin_list>
<pin id="27" dir="1" index="0" bw="1" slack="2147483647"/>
</pin_list>
<bind>
<StgValue><ssdm name="_ssdm_op_SpecTopModule"/></StgValue>
</bind>
</comp>

<comp id="28" class="1001" name="const_28">
<pin_list>
<pin id="29" dir="1" index="0" bw="1" slack="2147483647"/>
</pin_list>
<bind>
<StgValue><ssdm name="str"/></StgValue>
</bind>
</comp>

<comp id="30" class="1001" name="const_30">
<pin_list>
<pin id="31" dir="1" index="0" bw="1" slack="0"/>
</pin_list>
<bind>
<StgValue><ssdm name="_ssdm_op_Read.ap_auto.i32"/></StgValue>
</bind>
</comp>

<comp id="32" class="1001" name="const_32">
<pin_list>
<pin id="33" dir="1" index="0" bw="1" slack="1"/>
</pin_list>
<bind>
<StgValue><ssdm name=""/></StgValue>
</bind>
</comp>

<comp id="34" class="1001" name="const_34">
<pin_list>
<pin id="35" dir="1" index="0" bw="1" slack="0"/>
</pin_list>
<bind>
<StgValue><ssdm name=""/></StgValue>
</bind>
</comp>

<comp id="36" class="1001" name="const_36">
<pin_list>
<pin id="37" dir="1" index="0" bw="1" slack="0"/>
</pin_list>
<bind>
<StgValue><ssdm name="llvm.sqrt.f64"/></StgValue>
</bind>
</comp>

<comp id="38" class="1001" name="const_38">
<pin_list>
<pin id="39" dir="1" index="0" bw="1" slack="0"/>
</pin_list>
<bind>
<StgValue><ssdm name=""/></StgValue>
</bind>
</comp>

<comp id="40" class="1001" name="const_40">
<pin_list>
<pin id="41" dir="1" index="0" bw="1" slack="0"/>
</pin_list>
<bind>
<StgValue><ssdm name="llvm.exp.f64"/></StgValue>
</bind>
</comp>

<comp id="42" class="1004" name="sigma_read_read_fu_42">
<pin_list>
<pin id="43" dir="0" index="0" bw="64" slack="0"/>
<pin id="44" dir="0" index="1" bw="64" slack="0"/>
<pin id="45" dir="1" index="2" bw="64" slack="0"/>
</pin_list>
<bind>
<opcode="read(1150) " fcode="read"/>
<opset="sigma_read/1 "/>
</bind>
</comp>

<comp id="48" class="1004" name="r_read_read_fu_48">
<pin_list>
<pin id="49" dir="0" index="0" bw="64" slack="0"/>
<pin id="50" dir="0" index="1" bw="64" slack="0"/>
<pin id="51" dir="1" index="2" bw="64" slack="0"/>
</pin_list>
<bind>
<opcode="read(1150) " fcode="read"/>
<opset="r_read/13 "/>
</bind>
</comp>

<comp id="54" class="1004" name="T_read_read_fu_54">
<pin_list>
<pin id="55" dir="0" index="0" bw="64" slack="0"/>
<pin id="56" dir="0" index="1" bw="64" slack="0"/>
<pin id="57" dir="1" index="2" bw="64" slack="0"/>
</pin_list>
<bind>
<opcode="read(1150) " fcode="read"/>
<opset="T_read/18 "/>
</bind>
</comp>

<comp id="60" class="1004" name="M_read_read_fu_60">
<pin_list>
<pin id="61" dir="0" index="0" bw="32" slack="0"/>
<pin id="62" dir="0" index="1" bw="32" slack="0"/>
<pin id="63" dir="1" index="2" bw="32" slack="1"/>
</pin_list>
<bind>
<opcode="read(1150) " fcode="read"/>
<opset="M_read/23 "/>
</bind>
</comp>

<comp id="66" class="1004" name="E_read_read_fu_66">
<pin_list>
<pin id="67" dir="0" index="0" bw="64" slack="0"/>
<pin id="68" dir="0" index="1" bw="64" slack="0"/>
<pin id="69" dir="1" index="2" bw="64" slack="73"/>
</pin_list>
<bind>
<opcode="read(1150) " fcode="read"/>
<opset="E_read/23 "/>
</bind>
</comp>

<comp id="72" class="1004" name="S_read_read_fu_72">
<pin_list>
<pin id="73" dir="0" index="0" bw="64" slack="0"/>
<pin id="74" dir="0" index="1" bw="64" slack="0"/>
<pin id="75" dir="1" index="2" bw="64" slack="67"/>
</pin_list>
<bind>
<opcode="read(1150) " fcode="read"/>
<opset="S_read/23 "/>
</bind>
</comp>

<comp id="78" class="1004" name="rand_number_addr_gep_fu_78">
<pin_list>
<pin id="79" dir="0" index="0" bw="64" slack="0"/>
<pin id="80" dir="0" index="1" bw="1" slack="0"/>
<pin id="81" dir="0" index="2" bw="32" slack="0"/>
<pin id="82" dir="1" index="3" bw="14" slack="0"/>
</pin_list>
<bind>
<opcode="getelementptr(29) " fcode="getelementptr"/>
<opset="rand_number_addr/59 "/>
</bind>
</comp>

<comp id="85" class="1004" name="grp_access_fu_85">
<pin_list>
<pin id="86" dir="0" index="0" bw="14" slack="0"/>
<pin id="87" dir="0" index="1" bw="64" slack="2147483647"/>
<pin id="88" dir="1" index="2" bw="64" slack="1"/>
</pin_list>
<bind>
<opcode="load(27) " fcode="load"/>
<opset="rand_number_load/59 "/>
</bind>
</comp>

<comp id="90" class="1004" name="store_addr_gep_fu_90">
<pin_list>
<pin id="91" dir="0" index="0" bw="64" slack="0"/>
<pin id="92" dir="0" index="1" bw="1" slack="0"/>
<pin id="93" dir="0" index="2" bw="32" slack="51"/>
<pin id="94" dir="1" index="3" bw="14" slack="0"/>
</pin_list>
<bind>
<opcode="getelementptr(29) " fcode="getelementptr"/>
<opset="store_addr/110 "/>
</bind>
</comp>

<comp id="97" class="1004" name="stg_280_access_fu_97">
<pin_list>
<pin id="98" dir="0" index="0" bw="14" slack="0"/>
<pin id="99" dir="0" index="1" bw="64" slack="1"/>
<pin id="100" dir="1" index="2" bw="64" slack="2147483647"/>
</pin_list>
<bind>
<opcode="store(28) " fcode="store"/>
<opset="stg_280/110 "/>
</bind>
</comp>

<comp id="102" class="1005" name="i_reg_102">
<pin_list>
<pin id="103" dir="0" index="0" bw="32" slack="1"/>
<pin id="104" dir="1" index="1" bw="32" slack="1"/>
</pin_list>
<bind>
<opset="i (phireg) "/>
</bind>
</comp>

<comp id="106" class="1004" name="i_phi_fu_106">
<pin_list>
<pin id="107" dir="0" index="0" bw="1" slack="1"/>
<pin id="108" dir="0" index="1" bw="0" slack="2147483647"/>
<pin id="109" dir="0" index="2" bw="32" slack="0"/>
<pin id="110" dir="0" index="3" bw="0" slack="2147483647"/>
<pin id="111" dir="1" index="4" bw="32" slack="0"/>
</pin_list>
<bind>
<opcode="phi(47) " fcode="phi"/>
<opset="i/24 "/>
</bind>
</comp>

<comp id="114" class="1005" name="sum_reg_114">
<pin_list>
<pin id="115" dir="0" index="0" bw="64" slack="1"/>
<pin id="116" dir="1" index="1" bw="64" slack="1"/>
</pin_list>
<bind>
<opset="sum (phireg) "/>
</bind>
</comp>

<comp id="118" class="1004" name="sum_phi_fu_118">
<pin_list>
<pin id="119" dir="0" index="0" bw="64" slack="1"/>
<pin id="120" dir="0" index="1" bw="0" slack="2147483647"/>
<pin id="121" dir="0" index="2" bw="64" slack="1"/>
<pin id="122" dir="0" index="3" bw="0" slack="2147483647"/>
<pin id="123" dir="1" index="4" bw="64" slack="86"/>
</pin_list>
<bind>
<opcode="phi(47) " fcode="phi"/>
<opset="sum/24 "/>
</bind>
</comp>

<comp id="127" class="1004" name="grp_fu_127">
<pin_list>
<pin id="128" dir="0" index="0" bw="64" slack="0"/>
<pin id="129" dir="0" index="1" bw="64" slack="1"/>
<pin id="130" dir="1" index="2" bw="64" slack="1"/>
</pin_list>
<bind>
<opcode="dadd(508) dsub(509) " fcode="dadd"/>
<opset="tmp_8_i/13 tmp_3_i/67 tmp_11_i/96 sum_1/110 "/>
</bind>
</comp>

<comp id="133" class="1004" name="grp_fu_133">
<pin_list>
<pin id="134" dir="0" index="0" bw="64" slack="0"/>
<pin id="135" dir="0" index="1" bw="64" slack="0"/>
<pin id="136" dir="1" index="2" bw="64" slack="1"/>
</pin_list>
<bind>
<opcode="dmul(510) " fcode="dmul"/>
<opset="tmp_6_i/1 tmp_7_i/7 tmp6/18 tmp_1_i/55 tmp_2_i/61 current_value/90 mydata/104 "/>
</bind>
</comp>

<comp id="141" class="1004" name="grp_fu_141">
<pin_list>
<pin id="142" dir="0" index="0" bw="64" slack="1"/>
<pin id="143" dir="0" index="1" bw="64" slack="0"/>
<pin id="144" dir="1" index="2" bw="64" slack="44"/>
</pin_list>
<bind>
<opcode="dmul(510) " fcode="dmul"/>
<opset="tmp_9_i/18 "/>
</bind>
</comp>

<comp id="146" class="1004" name="grp_fu_146">
<pin_list>
<pin id="147" dir="0" index="0" bw="64" slack="1"/>
<pin id="148" dir="0" index="1" bw="64" slack="0"/>
<pin id="149" dir="1" index="2" bw="1" slack="0"/>
</pin_list>
<bind>
<opcode="dcmp(513) " fcode="dcmp"/>
<opset="tmp_12_i/101 "/>
</bind>
</comp>

<comp id="151" class="1004" name="grp_fu_151">
<pin_list>
<pin id="152" dir="0" index="0" bw="64" slack="0"/>
<pin id="153" dir="0" index="1" bw="64" slack="6"/>
<pin id="154" dir="1" index="2" bw="64" slack="1"/>
</pin_list>
<bind>
<opcode="dsqrt(518) " fcode="dsqrt"/>
<opset="tmp_i/24 "/>
</bind>
</comp>

<comp id="156" class="1004" name="grp_fu_156">
<pin_list>
<pin id="157" dir="0" index="0" bw="64" slack="0"/>
<pin id="158" dir="0" index="1" bw="64" slack="1"/>
<pin id="159" dir="1" index="2" bw="64" slack="1"/>
</pin_list>
<bind>
<opcode="dexp(522) " fcode="dexp"/>
<opset="tmp_4_i/72 tmp_10_i/86 "/>
</bind>
</comp>

<comp id="161" class="1005" name="reg_161">
<pin_list>
<pin id="162" dir="0" index="0" bw="64" slack="1"/>
<pin id="163" dir="1" index="1" bw="64" slack="1"/>
</pin_list>
<bind>
<opset="tmp_6_i tmp_7_i tmp6 "/>
</bind>
</comp>

<comp id="168" class="1005" name="reg_168">
<pin_list>
<pin id="169" dir="0" index="0" bw="64" slack="1"/>
<pin id="170" dir="1" index="1" bw="64" slack="1"/>
</pin_list>
<bind>
<opset="tmp_8_i tmp_3_i tmp_11_i "/>
</bind>
</comp>

<comp id="175" class="1005" name="reg_175">
<pin_list>
<pin id="176" dir="0" index="0" bw="64" slack="1"/>
<pin id="177" dir="1" index="1" bw="64" slack="1"/>
</pin_list>
<bind>
<opset="tmp_1_i tmp_2_i current_value mydata "/>
</bind>
</comp>

<comp id="183" class="1005" name="reg_183">
<pin_list>
<pin id="184" dir="0" index="0" bw="64" slack="1"/>
<pin id="185" dir="1" index="1" bw="64" slack="1"/>
</pin_list>
<bind>
<opset="tmp_4_i tmp_10_i "/>
</bind>
</comp>

<comp id="188" class="1004" name="tmp_5_to_int_i_fu_188">
<pin_list>
<pin id="189" dir="0" index="0" bw="64" slack="4"/>
<pin id="190" dir="1" index="1" bw="64" slack="0"/>
</pin_list>
<bind>
<opcode="bitcast(44) " fcode="bitcast"/>
<opset="tmp_5_to_int_i/17 "/>
</bind>
</comp>

<comp id="191" class="1004" name="tmp_5_neg_i_fu_191">
<pin_list>
<pin id="192" dir="0" index="0" bw="64" slack="0"/>
<pin id="193" dir="0" index="1" bw="64" slack="0"/>
<pin id="194" dir="1" index="2" bw="64" slack="1"/>
</pin_list>
<bind>
<opcode="xor(25) " fcode="xor"/>
<opset="tmp_5_neg_i/17 "/>
</bind>
</comp>

<comp id="197" class="1004" name="tmp_5_i_fu_197">
<pin_list>
<pin id="198" dir="0" index="0" bw="64" slack="1"/>
<pin id="199" dir="1" index="1" bw="64" slack="0"/>
</pin_list>
<bind>
<opcode="bitcast(44) " fcode="bitcast"/>
<opset="tmp_5_i/18 "/>
</bind>
</comp>

<comp id="201" class="1004" name="tmp_fu_201">
<pin_list>
<pin id="202" dir="0" index="0" bw="32" slack="0"/>
<pin id="203" dir="0" index="1" bw="32" slack="1"/>
<pin id="204" dir="1" index="2" bw="1" slack="2147483647"/>
</pin_list>
<bind>
<opcode="icmp(45) " fcode="icmp"/>
<opset="tmp/24 "/>
</bind>
</comp>

<comp id="206" class="1004" name="i_1_fu_206">
<pin_list>
<pin id="207" dir="0" index="0" bw="32" slack="0"/>
<pin id="208" dir="0" index="1" bw="1" slack="0"/>
<pin id="209" dir="1" index="2" bw="32" slack="0"/>
</pin_list>
<bind>
<opcode="add(8) " fcode="add"/>
<opset="i_1/24 "/>
</bind>
</comp>

<comp id="212" class="1004" name="tmp_s_fu_212">
<pin_list>
<pin id="213" dir="0" index="0" bw="32" slack="35"/>
<pin id="214" dir="1" index="1" bw="64" slack="0"/>
</pin_list>
<bind>
<opcode="sext(35) " fcode="sext"/>
<opset="tmp_s/59 "/>
</bind>
</comp>

<comp id="217" class="1004" name="tmp_13_i_fu_217">
<pin_list>
<pin id="218" dir="0" index="0" bw="1" slack="0"/>
<pin id="219" dir="0" index="1" bw="64" slack="0"/>
<pin id="220" dir="0" index="2" bw="64" slack="3"/>
<pin id="221" dir="1" index="3" bw="64" slack="1"/>
</pin_list>
<bind>
<opcode="select(49) " fcode="select"/>
<opset="tmp_13_i/103 "/>
</bind>
</comp>

<comp id="225" class="1005" name="sigma_read_reg_225">
<pin_list>
<pin id="226" dir="0" index="0" bw="64" slack="1"/>
<pin id="227" dir="1" index="1" bw="64" slack="1"/>
</pin_list>
<bind>
<opset="sigma_read "/>
</bind>
</comp>

<comp id="231" class="1005" name="r_read_reg_231">
<pin_list>
<pin id="232" dir="0" index="0" bw="64" slack="1"/>
<pin id="233" dir="1" index="1" bw="64" slack="1"/>
</pin_list>
<bind>
<opset="r_read "/>
</bind>
</comp>

<comp id="237" class="1005" name="tmp_5_neg_i_reg_237">
<pin_list>
<pin id="238" dir="0" index="0" bw="64" slack="1"/>
<pin id="239" dir="1" index="1" bw="64" slack="1"/>
</pin_list>
<bind>
<opset="tmp_5_neg_i "/>
</bind>
</comp>

<comp id="242" class="1005" name="T_read_reg_242">
<pin_list>
<pin id="243" dir="0" index="0" bw="64" slack="1"/>
<pin id="244" dir="1" index="1" bw="64" slack="1"/>
</pin_list>
<bind>
<opset="T_read "/>
</bind>
</comp>

<comp id="249" class="1005" name="tmp_5_i_reg_249">
<pin_list>
<pin id="250" dir="0" index="0" bw="64" slack="1"/>
<pin id="251" dir="1" index="1" bw="64" slack="1"/>
</pin_list>
<bind>
<opset="tmp_5_i "/>
</bind>
</comp>

<comp id="254" class="1005" name="M_read_reg_254">
<pin_list>
<pin id="255" dir="0" index="0" bw="32" slack="1"/>
<pin id="256" dir="1" index="1" bw="32" slack="1"/>
</pin_list>
<bind>
<opset="M_read "/>
</bind>
</comp>

<comp id="259" class="1005" name="E_read_reg_259">
<pin_list>
<pin id="260" dir="0" index="0" bw="64" slack="73"/>
<pin id="261" dir="1" index="1" bw="64" slack="73"/>
</pin_list>
<bind>
<opset="E_read "/>
</bind>
</comp>

<comp id="264" class="1005" name="S_read_reg_264">
<pin_list>
<pin id="265" dir="0" index="0" bw="64" slack="67"/>
<pin id="266" dir="1" index="1" bw="64" slack="67"/>
</pin_list>
<bind>
<opset="S_read "/>
</bind>
</comp>

<comp id="269" class="1005" name="tmp_9_i_reg_269">
<pin_list>
<pin id="270" dir="0" index="0" bw="64" slack="44"/>
<pin id="271" dir="1" index="1" bw="64" slack="44"/>
</pin_list>
<bind>
<opset="tmp_9_i "/>
</bind>
</comp>

<comp id="277" class="1005" name="i_1_reg_277">
<pin_list>
<pin id="278" dir="0" index="0" bw="32" slack="0"/>
<pin id="279" dir="1" index="1" bw="32" slack="0"/>
</pin_list>
<bind>
<opset="i_1 "/>
</bind>
</comp>

<comp id="282" class="1005" name="tmp_i_reg_282">
<pin_list>
<pin id="283" dir="0" index="0" bw="64" slack="1"/>
<pin id="284" dir="1" index="1" bw="64" slack="1"/>
</pin_list>
<bind>
<opset="tmp_i "/>
</bind>
</comp>

<comp id="287" class="1005" name="tmp_s_reg_287">
<pin_list>
<pin id="288" dir="0" index="0" bw="64" slack="51"/>
<pin id="289" dir="1" index="1" bw="64" slack="51"/>
</pin_list>
<bind>
<opset="tmp_s "/>
</bind>
</comp>

<comp id="292" class="1005" name="rand_number_addr_reg_292">
<pin_list>
<pin id="293" dir="0" index="0" bw="14" slack="1"/>
<pin id="294" dir="1" index="1" bw="14" slack="1"/>
</pin_list>
<bind>
<opset="rand_number_addr "/>
</bind>
</comp>

<comp id="297" class="1005" name="rand_number_load_reg_297">
<pin_list>
<pin id="298" dir="0" index="0" bw="64" slack="1"/>
<pin id="299" dir="1" index="1" bw="64" slack="1"/>
</pin_list>
<bind>
<opset="rand_number_load "/>
</bind>
</comp>

<comp id="302" class="1005" name="tmp_13_i_reg_302">
<pin_list>
<pin id="303" dir="0" index="0" bw="64" slack="1"/>
<pin id="304" dir="1" index="1" bw="64" slack="1"/>
</pin_list>
<bind>
<opset="tmp_13_i "/>
</bind>
</comp>

<comp id="307" class="1005" name="sum_1_reg_307">
<pin_list>
<pin id="308" dir="0" index="0" bw="64" slack="1"/>
<pin id="309" dir="1" index="1" bw="64" slack="1"/>
</pin_list>
<bind>
<opset="sum_1 "/>
</bind>
</comp>

</comp_list>

<net_list>
<net id="46"><net_src comp="16" pin="0"/><net_sink comp="42" pin=0"/></net>

<net id="47"><net_src comp="6" pin="0"/><net_sink comp="42" pin=1"/></net>

<net id="52"><net_src comp="16" pin="0"/><net_sink comp="48" pin=0"/></net>

<net id="53"><net_src comp="4" pin="0"/><net_sink comp="48" pin=1"/></net>

<net id="58"><net_src comp="16" pin="0"/><net_sink comp="54" pin=0"/></net>

<net id="59"><net_src comp="8" pin="0"/><net_sink comp="54" pin=1"/></net>

<net id="64"><net_src comp="30" pin="0"/><net_sink comp="60" pin=0"/></net>

<net id="65"><net_src comp="14" pin="0"/><net_sink comp="60" pin=1"/></net>

<net id="70"><net_src comp="16" pin="0"/><net_sink comp="66" pin=0"/></net>

<net id="71"><net_src comp="2" pin="0"/><net_sink comp="66" pin=1"/></net>

<net id="76"><net_src comp="16" pin="0"/><net_sink comp="72" pin=0"/></net>

<net id="77"><net_src comp="0" pin="0"/><net_sink comp="72" pin=1"/></net>

<net id="83"><net_src comp="10" pin="0"/><net_sink comp="78" pin=0"/></net>

<net id="84"><net_src comp="38" pin="0"/><net_sink comp="78" pin=1"/></net>

<net id="89"><net_src comp="78" pin="3"/><net_sink comp="85" pin=0"/></net>

<net id="95"><net_src comp="12" pin="0"/><net_sink comp="90" pin=0"/></net>

<net id="96"><net_src comp="38" pin="0"/><net_sink comp="90" pin=1"/></net>

<net id="101"><net_src comp="90" pin="3"/><net_sink comp="97" pin=0"/></net>

<net id="105"><net_src comp="32" pin="0"/><net_sink comp="102" pin=0"/></net>

<net id="112"><net_src comp="102" pin="1"/><net_sink comp="106" pin=0"/></net>

<net id="113"><net_src comp="106" pin="4"/><net_sink comp="102" pin=0"/></net>

<net id="117"><net_src comp="24" pin="0"/><net_sink comp="114" pin=0"/></net>

<net id="124"><net_src comp="114" pin="1"/><net_sink comp="118" pin=0"/></net>

<net id="125"><net_src comp="118" pin="4"/><net_sink comp="114" pin=0"/></net>

<net id="131"><net_src comp="48" pin="2"/><net_sink comp="127" pin=0"/></net>

<net id="132"><net_src comp="114" pin="1"/><net_sink comp="127" pin=0"/></net>

<net id="137"><net_src comp="42" pin="2"/><net_sink comp="133" pin=0"/></net>

<net id="138"><net_src comp="42" pin="2"/><net_sink comp="133" pin=1"/></net>

<net id="139"><net_src comp="18" pin="0"/><net_sink comp="133" pin=1"/></net>

<net id="140"><net_src comp="54" pin="2"/><net_sink comp="133" pin=1"/></net>

<net id="145"><net_src comp="54" pin="2"/><net_sink comp="141" pin=1"/></net>

<net id="150"><net_src comp="24" pin="0"/><net_sink comp="146" pin=1"/></net>

<net id="155"><net_src comp="36" pin="0"/><net_sink comp="151" pin=0"/></net>

<net id="160"><net_src comp="40" pin="0"/><net_sink comp="156" pin=0"/></net>

<net id="164"><net_src comp="133" pin="2"/><net_sink comp="161" pin=0"/></net>

<net id="165"><net_src comp="161" pin="1"/><net_sink comp="133" pin=0"/></net>

<net id="166"><net_src comp="161" pin="1"/><net_sink comp="127" pin=1"/></net>

<net id="167"><net_src comp="161" pin="1"/><net_sink comp="156" pin=1"/></net>

<net id="171"><net_src comp="127" pin="2"/><net_sink comp="168" pin=0"/></net>

<net id="172"><net_src comp="168" pin="1"/><net_sink comp="141" pin=0"/></net>

<net id="173"><net_src comp="168" pin="1"/><net_sink comp="156" pin=1"/></net>

<net id="174"><net_src comp="168" pin="1"/><net_sink comp="146" pin=0"/></net>

<net id="178"><net_src comp="133" pin="2"/><net_sink comp="175" pin=0"/></net>

<net id="179"><net_src comp="175" pin="1"/><net_sink comp="133" pin=0"/></net>

<net id="180"><net_src comp="175" pin="1"/><net_sink comp="127" pin=1"/></net>

<net id="181"><net_src comp="175" pin="1"/><net_sink comp="127" pin=0"/></net>

<net id="182"><net_src comp="175" pin="1"/><net_sink comp="97" pin=1"/></net>

<net id="186"><net_src comp="156" pin="2"/><net_sink comp="183" pin=0"/></net>

<net id="187"><net_src comp="183" pin="1"/><net_sink comp="133" pin=0"/></net>

<net id="195"><net_src comp="188" pin="1"/><net_sink comp="191" pin=0"/></net>

<net id="196"><net_src comp="20" pin="0"/><net_sink comp="191" pin=1"/></net>

<net id="200"><net_src comp="197" pin="1"/><net_sink comp="133" pin=0"/></net>

<net id="205"><net_src comp="106" pin="4"/><net_sink comp="201" pin=0"/></net>

<net id="210"><net_src comp="106" pin="4"/><net_sink comp="206" pin=0"/></net>

<net id="211"><net_src comp="34" pin="0"/><net_sink comp="206" pin=1"/></net>

<net id="215"><net_src comp="102" pin="1"/><net_sink comp="212" pin=0"/></net>

<net id="216"><net_src comp="212" pin="1"/><net_sink comp="78" pin=2"/></net>

<net id="222"><net_src comp="146" pin="2"/><net_sink comp="217" pin=0"/></net>

<net id="223"><net_src comp="24" pin="0"/><net_sink comp="217" pin=1"/></net>

<net id="224"><net_src comp="168" pin="1"/><net_sink comp="217" pin=2"/></net>

<net id="228"><net_src comp="42" pin="2"/><net_sink comp="225" pin=0"/></net>

<net id="229"><net_src comp="225" pin="1"/><net_sink comp="133" pin=0"/></net>

<net id="230"><net_src comp="225" pin="1"/><net_sink comp="133" pin=1"/></net>

<net id="234"><net_src comp="48" pin="2"/><net_sink comp="231" pin=0"/></net>

<net id="235"><net_src comp="231" pin="1"/><net_sink comp="127" pin=0"/></net>

<net id="236"><net_src comp="231" pin="1"/><net_sink comp="188" pin=0"/></net>

<net id="240"><net_src comp="191" pin="2"/><net_sink comp="237" pin=0"/></net>

<net id="241"><net_src comp="237" pin="1"/><net_sink comp="197" pin=0"/></net>

<net id="245"><net_src comp="54" pin="2"/><net_sink comp="242" pin=0"/></net>

<net id="246"><net_src comp="242" pin="1"/><net_sink comp="133" pin=1"/></net>

<net id="247"><net_src comp="242" pin="1"/><net_sink comp="141" pin=1"/></net>

<net id="248"><net_src comp="242" pin="1"/><net_sink comp="151" pin=1"/></net>

<net id="252"><net_src comp="197" pin="1"/><net_sink comp="249" pin=0"/></net>

<net id="253"><net_src comp="249" pin="1"/><net_sink comp="133" pin=0"/></net>

<net id="257"><net_src comp="60" pin="2"/><net_sink comp="254" pin=0"/></net>

<net id="258"><net_src comp="254" pin="1"/><net_sink comp="201" pin=1"/></net>

<net id="262"><net_src comp="66" pin="2"/><net_sink comp="259" pin=0"/></net>

<net id="263"><net_src comp="259" pin="1"/><net_sink comp="127" pin=1"/></net>

<net id="267"><net_src comp="72" pin="2"/><net_sink comp="264" pin=0"/></net>

<net id="268"><net_src comp="264" pin="1"/><net_sink comp="133" pin=1"/></net>

<net id="272"><net_src comp="141" pin="2"/><net_sink comp="269" pin=0"/></net>

<net id="273"><net_src comp="269" pin="1"/><net_sink comp="127" pin=0"/></net>

<net id="280"><net_src comp="206" pin="2"/><net_sink comp="277" pin=0"/></net>

<net id="281"><net_src comp="277" pin="1"/><net_sink comp="106" pin=2"/></net>

<net id="285"><net_src comp="151" pin="2"/><net_sink comp="282" pin=0"/></net>

<net id="286"><net_src comp="282" pin="1"/><net_sink comp="133" pin=0"/></net>

<net id="290"><net_src comp="212" pin="1"/><net_sink comp="287" pin=0"/></net>

<net id="291"><net_src comp="287" pin="1"/><net_sink comp="90" pin=2"/></net>

<net id="295"><net_src comp="78" pin="3"/><net_sink comp="292" pin=0"/></net>

<net id="296"><net_src comp="292" pin="1"/><net_sink comp="85" pin=0"/></net>

<net id="300"><net_src comp="85" pin="2"/><net_sink comp="297" pin=0"/></net>

<net id="301"><net_src comp="297" pin="1"/><net_sink comp="133" pin=1"/></net>

<net id="305"><net_src comp="217" pin="3"/><net_sink comp="302" pin=0"/></net>

<net id="306"><net_src comp="302" pin="1"/><net_sink comp="133" pin=1"/></net>

<net id="310"><net_src comp="127" pin="2"/><net_sink comp="307" pin=0"/></net>

<net id="311"><net_src comp="307" pin="1"/><net_sink comp="118" pin=2"/></net>

</net_list>

</model> 
---------------- Datapath Model END ------------------

* FSMD analyzer results:
  - Output states:
  - Chain level:
	State 1
	State 2
	State 3
	State 4
	State 5
	State 6
	State 7
	State 8
	State 9
	State 10
	State 11
	State 12
	State 13
	State 14
	State 15
	State 16
	State 17
		tmp_5_neg_i : 1
	State 18
		tmp6 : 1
	State 19
	State 20
	State 21
	State 22
	State 23
	State 24
		tmp : 1
		i_1 : 1
		stg_168 : 2
		stg_170 : 1
	State 25
	State 26
	State 27
	State 28
	State 29
	State 30
	State 31
	State 32
	State 33
	State 34
	State 35
	State 36
	State 37
	State 38
	State 39
	State 40
	State 41
	State 42
	State 43
	State 44
	State 45
	State 46
	State 47
	State 48
	State 49
	State 50
	State 51
	State 52
	State 53
	State 54
	State 55
	State 56
	State 57
	State 58
	State 59
		rand_number_addr : 1
		rand_number_load : 2
	State 60
	State 61
	State 62
	State 63
	State 64
	State 65
	State 66
	State 67
	State 68
	State 69
	State 70
	State 71
	State 72
	State 73
	State 74
	State 75
	State 76
	State 77
	State 78
	State 79
	State 80
	State 81
	State 82
	State 83
	State 84
	State 85
	State 86
	State 87
	State 88
	State 89
	State 90
	State 91
	State 92
	State 93
	State 94
	State 95
	State 96
	State 97
	State 98
	State 99
	State 100
	State 101
	State 102
	State 103
		tmp_13_i : 1
	State 104
	State 105
	State 106
	State 107
	State 108
	State 109
	State 110
		stg_280 : 1
	State 111
	State 112
	State 113
	State 114


============================================================
+ Verbose Summary: Datapath Resource usage 
============================================================

* Functional unit list:
|----------|-----------------------|---------|---------|---------|
| Operation|    Functional Unit    |  DSP48E |    FF   |   LUT   |
|----------|-----------------------|---------|---------|---------|
|   dexp   |       grp_fu_156      |    26   |   1549  |   2599  |
|----------|-----------------------|---------|---------|---------|
|   dsqrt  |       grp_fu_151      |    0    |   1832  |   2180  |
|----------|-----------------------|---------|---------|---------|
|   dmul   |       grp_fu_133      |    11   |   317   |   578   |
|          |       grp_fu_141      |    11   |   317   |   578   |
|----------|-----------------------|---------|---------|---------|
|   dadd   |       grp_fu_127      |    3    |   445   |   1149  |
|----------|-----------------------|---------|---------|---------|
|   dcmp   |       grp_fu_146      |    0    |   130   |   469   |
|----------|-----------------------|---------|---------|---------|
|    xor   |   tmp_5_neg_i_fu_191  |    0    |    0    |    87   |
|----------|-----------------------|---------|---------|---------|
|  select  |    tmp_13_i_fu_217    |    0    |    0    |    64   |
|----------|-----------------------|---------|---------|---------|
|   icmp   |       tmp_fu_201      |    0    |    0    |    40   |
|----------|-----------------------|---------|---------|---------|
|    add   |       i_1_fu_206      |    0    |    0    |    32   |
|----------|-----------------------|---------|---------|---------|
|          | sigma_read_read_fu_42 |    0    |    0    |    0    |
|          |   r_read_read_fu_48   |    0    |    0    |    0    |
|   read   |   T_read_read_fu_54   |    0    |    0    |    0    |
|          |   M_read_read_fu_60   |    0    |    0    |    0    |
|          |   E_read_read_fu_66   |    0    |    0    |    0    |
|          |   S_read_read_fu_72   |    0    |    0    |    0    |
|----------|-----------------------|---------|---------|---------|
|   sext   |      tmp_s_fu_212     |    0    |    0    |    0    |
|----------|-----------------------|---------|---------|---------|
|   Total  |                       |    51   |   4590  |   7776  |
|----------|-----------------------|---------|---------|---------|

Memories:
N/A

* Register list:
+------------------------+--------+
|                        |   FF   |
+------------------------+--------+
|     E_read_reg_259     |   64   |
|     M_read_reg_254     |   32   |
|     S_read_reg_264     |   64   |
|     T_read_reg_242     |   64   |
|       i_1_reg_277      |   32   |
|        i_reg_102       |   32   |
|     r_read_reg_231     |   64   |
|rand_number_addr_reg_292|   14   |
|rand_number_load_reg_297|   64   |
|         reg_161        |   64   |
|         reg_168        |   64   |
|         reg_175        |   64   |
|         reg_183        |   64   |
|   sigma_read_reg_225   |   64   |
|      sum_1_reg_307     |   64   |
|       sum_reg_114      |   64   |
|    tmp_13_i_reg_302    |   64   |
|     tmp_5_i_reg_249    |   64   |
|   tmp_5_neg_i_reg_237  |   64   |
|     tmp_9_i_reg_269    |   64   |
|      tmp_i_reg_282     |   64   |
|      tmp_s_reg_287     |   64   |
+------------------------+--------+
|          Total         |  1262  |
+------------------------+--------+

* Multiplexer (MUX) list: 
|------------------|------|------|------|--------||---------||---------|
|       Comp       |  Pin | Size |  BW  | S x BW ||  Delay  ||   LUT   |
|------------------|------|------|------|--------||---------||---------|
| grp_access_fu_85 |  p0  |   2  |  14  |   28   ||    14   |
|     i_reg_102    |  p0  |   2  |  32  |   64   ||    32   |
|    sum_reg_114   |  p0  |   2  |  64  |   128  ||    64   |
|    grp_fu_127    |  p0  |   5  |  64  |   320  ||    64   |
|    grp_fu_127    |  p1  |   3  |  64  |   192  ||    64   |
|    grp_fu_133    |  p0  |   8  |  64  |   512  ||   128   |
|    grp_fu_133    |  p1  |   8  |  64  |   512  ||   128   |
|    grp_fu_141    |  p1  |   2  |  64  |   128  ||    64   |
|    grp_fu_156    |  p1  |   2  |  64  |   128  ||    64   |
|------------------|------|------|------|--------||---------||---------|
|       Total      |      |      |      |  2012  ||   15.5  ||   622   |
|------------------|------|------|------|--------||---------||---------|



* Summary:
+-----------+--------+--------+--------+--------+
|           | DSP48E |  Delay |   FF   |   LUT  |
+-----------+--------+--------+--------+--------+
|  Function |   51   |    -   |  4590  |  7776  |
|   Memory  |    -   |    -   |    -   |    -   |
|Multiplexer|    -   |   15   |    -   |   622  |
|  Register |    -   |    -   |  1262  |    -   |
+-----------+--------+--------+--------+--------+
|   Total   |   51   |   15   |  5852  |  8398  |
+-----------+--------+--------+--------+--------+
