

================================================================
== Vivado HLS Report for 'black_scholes2'
================================================================
* Date:           Sat Nov 29 02:32:38 2014

* Version:        2014.2 (Build 932637 on Wed Jun 11 12:38:34 PM 2014)
* Project:        hls.prj
* Solution:       solution1
* Product family: zynq zynq_fpv6 
* Target device:  xc7z020clg484-1


================================================================
== Performance Estimates
================================================================
+ Timing (ns): 
    * Summary: 
    +---------+-------+----------+------------+
    |  Clock  | Target| Estimated| Uncertainty|
    +---------+-------+----------+------------+
    |default  |  10.00|      8.62|        1.25|
    +---------+-------+----------+------------+

+ Latency (clock cycles): 
    * Summary: 
    +-----+-----+-----+-----+----------+
    |  Latency  |  Interval | Pipeline |
    | min | max | min | max |   Type   |
    +-----+-----+-----+-----+----------+
    |   43|   43|   32|   32| dataflow |
    +-----+-----+-----+-----+----------+

    + Detail: 
        * Instance: 
        N/A

        * Loop: 
        N/A



================================================================
== Utilization Estimates
================================================================
* Summary: 
+-----------------+---------+-------+--------+-------+
|       Name      | BRAM_18K| DSP48E|   FF   |  LUT  |
+-----------------+---------+-------+--------+-------+
|Expression       |        -|      -|       -|      -|
|FIFO             |        -|      -|       -|      -|
|Instance         |        -|      -|       -|      -|
|Memory           |        -|      -|       -|      -|
|Multiplexer      |        -|      -|       -|      -|
|Register         |        -|      -|       -|      -|
+-----------------+---------+-------+--------+-------+
|Total            |        0|      0|       0|      0|
+-----------------+---------+-------+--------+-------+
|Available        |      280|    220|  106400|  53200|
+-----------------+---------+-------+--------+-------+
|Utilization (%)  |        0|      0|       0|      0|
+-----------------+---------+-------+--------+-------+

+ Detail: 
    * Instance: 
    N/A

    * Memory: 
    N/A

    * FIFO: 
    N/A

    * Expression: 
    N/A

    * Multiplexer: 
    N/A

    * Register: 
    N/A



================================================================
== Interface
================================================================
* Summary: 
N/A

============================================================
+ Verbose Summary: Synthesis Manager
============================================================
InlineROM: 1
ExposeGlobal: 0
============================================================
+ Verbose Summary: CDFG Model
============================================================
IsTopModel: 1
ResetActiveHigh: 1
IsCombinational: 2
IsDatapathOnly: 0
HasWiredReturn: 1
HasMFsm: 0
HasVarLatency: 1
IsPipeline: 0
IsRtlPipelined: 0
IsInstanceOverlapped: 0
IsDontTouch: 0
HasImplIP: 0
IsGatedGlobalClock: 0


============================================================
+ Verbose Summary: Schedule
============================================================
* Number of FSM states: 19
* Pipeline: 0
* Dataflow Pipeline: 1
  DF-Pipeline-0: Size = 19, States = { 1 2 3 4 5 6 7 8 9 10 11 12 13 14 15 16 17 18 19 }

* FSM state transitions: 
1 --> 
	2  / true
2 --> 
	3  / true
3 --> 
	4  / true
4 --> 
	5  / true
5 --> 
	6  / true
6 --> 
	7  / true
7 --> 
	8  / true
8 --> 
	9  / true
9 --> 
	10  / true
10 --> 
	11  / true
11 --> 
	12  / true
12 --> 
	13  / true
13 --> 
	14  / true
14 --> 
	15  / true
15 --> 
	16  / true
16 --> 
	17  / true
17 --> 
	18  / true
18 --> 
	19  / true
19 --> 
* FSM state operations: 

 <State 1>: 2.03ns
ST_1: sigma_read [1/1] 0.00ns
._crit_edge:2  %sigma_read = call double @_ssdm_op_Read.ap_auto.double(double %sigma) nounwind

ST_1: p_channel42 [1/1] 0.00ns
._crit_edge:6  %p_channel42 = alloca double, align 8

ST_1: p_channel41 [1/1] 0.00ns
._crit_edge:7  %p_channel41 = alloca double, align 8

ST_1: p_channel40 [1/1] 0.00ns
._crit_edge:8  %p_channel40 = alloca double, align 8

ST_1: p_channel39 [1/1] 0.00ns
._crit_edge:9  %p_channel39 = alloca double, align 8

ST_1: T_channel31_channel [1/1] 0.00ns
._crit_edge:10  %T_channel31_channel = alloca double, align 8

ST_1: p_channel38 [1/1] 0.00ns
._crit_edge:11  %p_channel38 = alloca double, align 8

ST_1: p_channel37 [1/1] 0.00ns
._crit_edge:12  %p_channel37 = alloca double, align 8

ST_1: T_channel_channel [1/1] 0.00ns
._crit_edge:13  %T_channel_channel = alloca double, align 8

ST_1: p_channel36 [1/1] 0.00ns
._crit_edge:14  %p_channel36 = alloca double, align 8

ST_1: r_channel_channel [1/1] 0.00ns
._crit_edge:15  %r_channel_channel = alloca double, align 8

ST_1: tmp_1_channel [1/1] 0.00ns
._crit_edge:16  %tmp_1_channel = alloca double, align 8

ST_1: sigma_channel_channel [1/1] 0.00ns
._crit_edge:17  %sigma_channel_channel = alloca double, align 8

ST_1: p_channel35 [1/1] 0.00ns
._crit_edge:18  %p_channel35 = alloca double, align 8

ST_1: p_channel32 [1/1] 0.00ns
._crit_edge:19  %p_channel32 = alloca double, align 8

ST_1: p_channel [1/1] 0.00ns
._crit_edge:20  %p_channel = alloca double, align 8

ST_1: stg_36 [2/2] 2.03ns
._crit_edge:30  call fastcc void @black_scholes2_mult2_11(double* %p_channel35, double %sigma_read, double %sigma_read, double* %sigma_channel_channel) nounwind


 <State 2>: 7.79ns
ST_2: stg_37 [1/2] 7.79ns
._crit_edge:30  call fastcc void @black_scholes2_mult2_11(double* %p_channel35, double %sigma_read, double %sigma_read, double* %sigma_channel_channel) nounwind


 <State 3>: 0.00ns
ST_3: gaussian_random_number_read [1/1] 0.00ns
._crit_edge:0  %gaussian_random_number_read = call double @_ssdm_op_Read.ap_auto.double(double %gaussian_random_number) nounwind

ST_3: stg_39 [2/2] 0.00ns
._crit_edge:31  call fastcc void @black_scholes2_div_1(double* %tmp_1_channel, double* %p_channel35) nounwind

ST_3: stg_40 [2/2] 0.00ns
._crit_edge:36  call fastcc void @black_scholes2_mult2_11.1(double* %p_channel37, double* %sigma_channel_channel, double %gaussian_random_number_read) nounwind


 <State 4>: 7.79ns
ST_4: stg_41 [1/2] 7.79ns
._crit_edge:31  call fastcc void @black_scholes2_div_1(double* %tmp_1_channel, double* %p_channel35) nounwind

ST_4: stg_42 [1/2] 7.79ns
._crit_edge:36  call fastcc void @black_scholes2_mult2_11.1(double* %p_channel37, double* %sigma_channel_channel, double %gaussian_random_number_read) nounwind


 <State 5>: 2.03ns
ST_5: r_read [1/1] 0.00ns
._crit_edge:3  %r_read = call double @_ssdm_op_Read.ap_auto.double(double %r) nounwind

ST_5: tmp_2_loc_channel [2/2] 2.03ns
._crit_edge:32  %tmp_2_loc_channel = call fastcc double @black_scholes2_black_scholes2_Block_._crit_edge14_proc(double %r_read, double* %tmp_1_channel, double* %r_channel_channel) nounwind


 <State 6>: 8.23ns
ST_6: tmp_2_loc_channel [1/2] 8.23ns
._crit_edge:32  %tmp_2_loc_channel = call fastcc double @black_scholes2_black_scholes2_Block_._crit_edge14_proc(double %r_read, double* %tmp_1_channel, double* %r_channel_channel) nounwind


 <State 7>: 2.03ns
ST_7: T_read [1/1] 0.00ns
._crit_edge:1  %T_read = call double @_ssdm_op_Read.ap_auto.double(double %T) nounwind

ST_7: stg_47 [2/2] 2.03ns
._crit_edge:33  call fastcc void @black_scholes2_mult2_12(double* %p_channel36, double %tmp_2_loc_channel, double %T_read, double* %T_channel_channel) nounwind


 <State 8>: 7.79ns
ST_8: stg_48 [1/2] 7.79ns
._crit_edge:33  call fastcc void @black_scholes2_mult2_12(double* %p_channel36, double %tmp_2_loc_channel, double %T_read, double* %T_channel_channel) nounwind


 <State 9>: 0.00ns
ST_9: stg_49 [2/2] 0.00ns
._crit_edge:39  call fastcc void @black_scholes2_sqrt1(double* %p_channel38, double* %T_channel_channel, double* %T_channel31_channel) nounwind


 <State 10>: 8.62ns
ST_10: stg_50 [1/2] 8.62ns
._crit_edge:39  call fastcc void @black_scholes2_sqrt1(double* %p_channel38, double* %T_channel_channel, double* %T_channel31_channel) nounwind


 <State 11>: 2.03ns
ST_11: stg_51 [2/2] 2.03ns
._crit_edge:40  call fastcc void @black_scholes2_mult2_11.2(double* %p_channel39, double* %p_channel37, double* %p_channel38, double* %p_channel) nounwind

ST_11: call_ret [2/2] 0.00ns
._crit_edge:48  %call_ret = call fastcc double @black_scholes2_black_scholes2_Block_._crit_edge115_proc(double* %r_channel_channel, double* %T_channel31_channel) nounwind


 <State 12>: 7.79ns
ST_12: stg_53 [1/2] 7.79ns
._crit_edge:40  call fastcc void @black_scholes2_mult2_11.2(double* %p_channel39, double* %p_channel37, double* %p_channel38, double* %p_channel) nounwind

ST_12: call_ret [1/2] 7.79ns
._crit_edge:48  %call_ret = call fastcc double @black_scholes2_black_scholes2_Block_._crit_edge115_proc(double* %r_channel_channel, double* %T_channel31_channel) nounwind


 <State 13>: 0.00ns
ST_13: tmp3_loc_channel [2/2] 0.00ns
._crit_edge:41  %tmp3_loc_channel = call fastcc double @black_scholes2_black_scholes2_Block_._crit_edge111_proc(double* %p_channel36, double* %p_channel39) nounwind

ST_13: stg_56 [2/2] 0.00ns
._crit_edge:49  call fastcc void @black_scholes2_expo12(double* %p_channel42, double %call_ret) nounwind


 <State 14>: 8.23ns
ST_14: tmp3_loc_channel [1/2] 8.23ns
._crit_edge:41  %tmp3_loc_channel = call fastcc double @black_scholes2_black_scholes2_Block_._crit_edge111_proc(double* %p_channel36, double* %p_channel39) nounwind

ST_14: stg_58 [2/2] 0.00ns
._crit_edge:42  call fastcc void @black_scholes2_expo11(double* %p_channel40, double %tmp3_loc_channel) nounwind

ST_14: stg_59 [1/2] 7.32ns
._crit_edge:49  call fastcc void @black_scholes2_expo12(double* %p_channel42, double %call_ret) nounwind


 <State 15>: 7.32ns
ST_15: stg_60 [1/2] 7.32ns
._crit_edge:42  call fastcc void @black_scholes2_expo11(double* %p_channel40, double %tmp3_loc_channel) nounwind


 <State 16>: 2.03ns
ST_16: S_read [1/1] 0.00ns
._crit_edge:5  %S_read = call double @_ssdm_op_Read.ap_auto.double(double %S) nounwind

ST_16: stg_62 [2/2] 2.03ns
._crit_edge:43  call fastcc void @black_scholes2_mult2_11.3(double* %p_channel41, double* %p_channel40, double %S_read, double* %p_channel32) nounwind


 <State 17>: 7.79ns
ST_17: stg_63 [1/2] 7.79ns
._crit_edge:43  call fastcc void @black_scholes2_mult2_11.3(double* %p_channel41, double* %p_channel40, double %S_read, double* %p_channel32) nounwind


 <State 18>: 0.00ns
ST_18: E_read [1/1] 0.00ns
._crit_edge:4  %E_read = call double @_ssdm_op_Read.ap_auto.double(double %E) nounwind

ST_18: tmp4_1_loc_channel [2/2] 0.00ns
._crit_edge:50  %tmp4_1_loc_channel = call fastcc double @black_scholes2_black_scholes2_Block_._crit_edge117_proc(double* %p_channel41, double %E_read, double* %p_channel42) nounwind


 <State 19>: 7.79ns
ST_19: stg_66 [1/1] 0.00ns
._crit_edge:21  call void (...)* @_ssdm_op_SpecDataflowPipeline(i32 -1, [1 x i8]* @p_str1) nounwind

ST_19: stg_67 [1/1] 0.00ns
._crit_edge:22  call void (...)* @_ssdm_op_SpecBitsMap(double %S) nounwind, !map !12

ST_19: stg_68 [1/1] 0.00ns
._crit_edge:23  call void (...)* @_ssdm_op_SpecBitsMap(double %E) nounwind, !map !18

ST_19: stg_69 [1/1] 0.00ns
._crit_edge:24  call void (...)* @_ssdm_op_SpecBitsMap(double %r) nounwind, !map !22

ST_19: stg_70 [1/1] 0.00ns
._crit_edge:25  call void (...)* @_ssdm_op_SpecBitsMap(double %sigma) nounwind, !map !26

ST_19: stg_71 [1/1] 0.00ns
._crit_edge:26  call void (...)* @_ssdm_op_SpecBitsMap(double %T) nounwind, !map !30

ST_19: stg_72 [1/1] 0.00ns
._crit_edge:27  call void (...)* @_ssdm_op_SpecBitsMap(double %gaussian_random_number) nounwind, !map !34

ST_19: stg_73 [1/1] 0.00ns
._crit_edge:28  call void (...)* @_ssdm_op_SpecBitsMap(double 0.000000e+00) nounwind, !map !38

ST_19: stg_74 [1/1] 0.00ns
._crit_edge:29  call void (...)* @_ssdm_op_SpecTopModule([15 x i8]* @str) nounwind

ST_19: empty [1/1] 0.00ns
._crit_edge:34  %empty = call i32 (...)* @_ssdm_op_SpecChannel([22 x i8]* @str231, i32 1, [1 x i8]* @str232, [1 x i8]* @str232, i32 0, i32 0, double* %sigma_channel_channel, double* %sigma_channel_channel) nounwind

ST_19: empty_3 [1/1] 0.00ns
._crit_edge:35  %empty_3 = call i32 (...)* @_ssdm_op_SpecInterface(double* %sigma_channel_channel, [8 x i8]* @str233, i32 0, i32 0, i32 0, i32 0, [8 x i8]* @str233, [8 x i8]* @str233, [8 x i8]* @str233) nounwind

ST_19: empty_4 [1/1] 0.00ns
._crit_edge:37  %empty_4 = call i32 (...)* @_ssdm_op_SpecChannel([18 x i8]* @str237, i32 1, [1 x i8]* @str238, [1 x i8]* @str238, i32 0, i32 0, double* %T_channel_channel, double* %T_channel_channel) nounwind

ST_19: empty_5 [1/1] 0.00ns
._crit_edge:38  %empty_5 = call i32 (...)* @_ssdm_op_SpecInterface(double* %T_channel_channel, [8 x i8]* @str239, i32 0, i32 0, i32 0, i32 0, [8 x i8]* @str239, [8 x i8]* @str239, [8 x i8]* @str239) nounwind

ST_19: empty_6 [1/1] 0.00ns
._crit_edge:44  %empty_6 = call i32 (...)* @_ssdm_op_SpecChannel([18 x i8]* @str234, i32 1, [1 x i8]* @str235, [1 x i8]* @str235, i32 0, i32 0, double* %r_channel_channel, double* %r_channel_channel) nounwind

ST_19: empty_7 [1/1] 0.00ns
._crit_edge:45  %empty_7 = call i32 (...)* @_ssdm_op_SpecInterface(double* %r_channel_channel, [8 x i8]* @str236, i32 0, i32 0, i32 0, i32 0, [8 x i8]* @str236, [8 x i8]* @str236, [8 x i8]* @str236) nounwind

ST_19: empty_8 [1/1] 0.00ns
._crit_edge:46  %empty_8 = call i32 (...)* @_ssdm_op_SpecChannel([20 x i8]* @str240, i32 1, [1 x i8]* @str241, [1 x i8]* @str241, i32 0, i32 0, double* %T_channel31_channel, double* %T_channel31_channel) nounwind

ST_19: empty_9 [1/1] 0.00ns
._crit_edge:47  %empty_9 = call i32 (...)* @_ssdm_op_SpecInterface(double* %T_channel31_channel, [8 x i8]* @str242, i32 0, i32 0, i32 0, i32 0, [8 x i8]* @str242, [8 x i8]* @str242, [8 x i8]* @str242) nounwind

ST_19: tmp4_1_loc_channel [1/2] 7.79ns
._crit_edge:50  %tmp4_1_loc_channel = call fastcc double @black_scholes2_black_scholes2_Block_._crit_edge117_proc(double* %p_channel41, double %E_read, double* %p_channel42) nounwind

ST_19: tmp [1/1] 0.00ns
._crit_edge:51  %tmp = call fastcc double @black_scholes2_black_scholes2_Block_._crit_edge_proc(double %tmp4_1_loc_channel) nounwind

ST_19: stg_85 [1/1] 0.00ns
._crit_edge:52  ret double %tmp



============================================================
+ Verbose Summary: Binding
============================================================
STG Binding: 
---------------- STG Properties BEGIN ----------------
- Is combinational: 0
- Is one-state seq: 0
- Is datapath-only: 0
- Is clock enabled: 0
- Is pipelined: 0
- Is top level: 1
Port [ Return ] is wired: 1; IO mode=ap_ctrl_hs:ce=0
Port [ S]:  wired=1; compound=0; hidden=0; nouse=0; global=0; static=0; extern=0; dir=0; type=0; mode=0x10bcbbe0; pingpong=0; private_global=0; IO mode=ap_none:ce=0
Port [ E]:  wired=1; compound=0; hidden=0; nouse=0; global=0; static=0; extern=0; dir=0; type=0; mode=0x10bcf1b0; pingpong=0; private_global=0; IO mode=ap_none:ce=0
Port [ r]:  wired=1; compound=0; hidden=0; nouse=0; global=0; static=0; extern=0; dir=0; type=0; mode=0x10bd1110; pingpong=0; private_global=0; IO mode=ap_none:ce=0
Port [ sigma]:  wired=1; compound=0; hidden=0; nouse=0; global=0; static=0; extern=0; dir=0; type=0; mode=0x10bd2f20; pingpong=0; private_global=0; IO mode=ap_none:ce=0
Port [ T]:  wired=1; compound=0; hidden=0; nouse=0; global=0; static=0; extern=0; dir=0; type=0; mode=0x10bd3670; pingpong=0; private_global=0; IO mode=ap_none:ce=0
Port [ gaussian_random_number]:  wired=1; compound=0; hidden=0; nouse=0; global=0; static=0; extern=0; dir=0; type=0; mode=0x10bd3c40; pingpong=0; private_global=0; IO mode=ap_none:ce=0
---------------- STG Properties END ------------------

---------------- Datapath Model BEGIN ----------------

<LifeTime>
<method=bitvector/>
sigma_read                  (read                ) [ 00100000000000000000]
p_channel42                 (alloca              ) [ 00111111111111111111]
p_channel41                 (alloca              ) [ 00111111111111111111]
p_channel40                 (alloca              ) [ 00111111111111111100]
p_channel39                 (alloca              ) [ 00111111111111100000]
T_channel31_channel         (alloca              ) [ 00111111111111111111]
p_channel38                 (alloca              ) [ 00111111111110000000]
p_channel37                 (alloca              ) [ 00111111111110000000]
T_channel_channel           (alloca              ) [ 00111111111111111111]
p_channel36                 (alloca              ) [ 00111111111111100000]
r_channel_channel           (alloca              ) [ 00111111111111111111]
tmp_1_channel               (alloca              ) [ 00111110000000000000]
sigma_channel_channel       (alloca              ) [ 01111111111111111111]
p_channel35                 (alloca              ) [ 01111000000000000000]
p_channel32                 (alloca              ) [ 00111111111111111100]
p_channel                   (alloca              ) [ 00111111111110000000]
stg_37                      (call                ) [ 00000000000000000000]
gaussian_random_number_read (read                ) [ 00001000000000000000]
stg_41                      (call                ) [ 00000000000000000000]
stg_42                      (call                ) [ 00000000000000000000]
r_read                      (read                ) [ 00000010000000000000]
tmp_2_loc_channel           (call                ) [ 00000001100000000000]
T_read                      (read                ) [ 00000000100000000000]
stg_48                      (call                ) [ 00000000000000000000]
stg_50                      (call                ) [ 00000000000000000000]
stg_53                      (call                ) [ 00000000000000000000]
call_ret                    (call                ) [ 00000000000001100000]
tmp3_loc_channel            (call                ) [ 00000000000000010000]
stg_59                      (call                ) [ 00000000000000000000]
stg_60                      (call                ) [ 00000000000000000000]
S_read                      (read                ) [ 00000000000000000100]
stg_63                      (call                ) [ 00000000000000000000]
E_read                      (read                ) [ 00000000000000000001]
stg_66                      (specdataflowpipeline) [ 00000000000000000000]
stg_67                      (specbitsmap         ) [ 00000000000000000000]
stg_68                      (specbitsmap         ) [ 00000000000000000000]
stg_69                      (specbitsmap         ) [ 00000000000000000000]
stg_70                      (specbitsmap         ) [ 00000000000000000000]
stg_71                      (specbitsmap         ) [ 00000000000000000000]
stg_72                      (specbitsmap         ) [ 00000000000000000000]
stg_73                      (specbitsmap         ) [ 00000000000000000000]
stg_74                      (spectopmodule       ) [ 00000000000000000000]
empty                       (specchannel         ) [ 00000000000000000000]
empty_3                     (specinterface       ) [ 00000000000000000000]
empty_4                     (specchannel         ) [ 00000000000000000000]
empty_5                     (specinterface       ) [ 00000000000000000000]
empty_6                     (specchannel         ) [ 00000000000000000000]
empty_7                     (specinterface       ) [ 00000000000000000000]
empty_8                     (specchannel         ) [ 00000000000000000000]
empty_9                     (specinterface       ) [ 00000000000000000000]
tmp4_1_loc_channel          (call                ) [ 00000000000000000000]
tmp                         (call                ) [ 00000000000000000000]
stg_85                      (ret                 ) [ 00000000000000000000]
</LifeTime>

<model>

<comp_list>
<comp id="0" class="1000" name="S">
<pin_list>
<pin id="1" dir="1" index="0" bw="1" slack="0"/>
</pin_list>
<bind>
<StgValue><ssdm name="S"/></StgValue>
</bind>
</comp>

<comp id="2" class="1000" name="E">
<pin_list>
<pin id="3" dir="1" index="0" bw="1" slack="0"/>
</pin_list>
<bind>
<StgValue><ssdm name="E"/></StgValue>
</bind>
</comp>

<comp id="4" class="1000" name="r">
<pin_list>
<pin id="5" dir="1" index="0" bw="1" slack="0"/>
</pin_list>
<bind>
<StgValue><ssdm name="r"/></StgValue>
</bind>
</comp>

<comp id="6" class="1000" name="sigma">
<pin_list>
<pin id="7" dir="1" index="0" bw="1" slack="0"/>
</pin_list>
<bind>
<StgValue><ssdm name="sigma"/></StgValue>
</bind>
</comp>

<comp id="8" class="1000" name="T">
<pin_list>
<pin id="9" dir="1" index="0" bw="1" slack="0"/>
</pin_list>
<bind>
<StgValue><ssdm name="T"/></StgValue>
</bind>
</comp>

<comp id="10" class="1000" name="gaussian_random_number">
<pin_list>
<pin id="11" dir="1" index="0" bw="1" slack="0"/>
</pin_list>
<bind>
<StgValue><ssdm name="gaussian_random_number"/></StgValue>
</bind>
</comp>

<comp id="12" class="1001" name="const_12">
<pin_list>
<pin id="13" dir="1" index="0" bw="1" slack="0"/>
</pin_list>
<bind>
<StgValue><ssdm name="_ssdm_op_Read.ap_auto.double"/></StgValue>
</bind>
</comp>

<comp id="14" class="1001" name="const_14">
<pin_list>
<pin id="15" dir="1" index="0" bw="1" slack="0"/>
</pin_list>
<bind>
<StgValue><ssdm name=""/></StgValue>
</bind>
</comp>

<comp id="16" class="1001" name="const_16">
<pin_list>
<pin id="17" dir="1" index="0" bw="1" slack="0"/>
</pin_list>
<bind>
<StgValue><ssdm name="black_scholes2_mult2_11"/></StgValue>
</bind>
</comp>

<comp id="18" class="1001" name="const_18">
<pin_list>
<pin id="19" dir="1" index="0" bw="1" slack="0"/>
</pin_list>
<bind>
<StgValue><ssdm name="black_scholes2_div_1"/></StgValue>
</bind>
</comp>

<comp id="20" class="1001" name="const_20">
<pin_list>
<pin id="21" dir="1" index="0" bw="1" slack="0"/>
</pin_list>
<bind>
<StgValue><ssdm name="black_scholes2_mult2_11.1"/></StgValue>
</bind>
</comp>

<comp id="22" class="1001" name="const_22">
<pin_list>
<pin id="23" dir="1" index="0" bw="1" slack="0"/>
</pin_list>
<bind>
<StgValue><ssdm name="black_scholes2_black_scholes2_Block_._crit_edge14_proc"/></StgValue>
</bind>
</comp>

<comp id="24" class="1001" name="const_24">
<pin_list>
<pin id="25" dir="1" index="0" bw="1" slack="0"/>
</pin_list>
<bind>
<StgValue><ssdm name="black_scholes2_mult2_12"/></StgValue>
</bind>
</comp>

<comp id="26" class="1001" name="const_26">
<pin_list>
<pin id="27" dir="1" index="0" bw="1" slack="0"/>
</pin_list>
<bind>
<StgValue><ssdm name="black_scholes2_sqrt1"/></StgValue>
</bind>
</comp>

<comp id="28" class="1001" name="const_28">
<pin_list>
<pin id="29" dir="1" index="0" bw="1" slack="0"/>
</pin_list>
<bind>
<StgValue><ssdm name="black_scholes2_mult2_11.2"/></StgValue>
</bind>
</comp>

<comp id="30" class="1001" name="const_30">
<pin_list>
<pin id="31" dir="1" index="0" bw="1" slack="0"/>
</pin_list>
<bind>
<StgValue><ssdm name="black_scholes2_black_scholes2_Block_._crit_edge115_proc"/></StgValue>
</bind>
</comp>

<comp id="32" class="1001" name="const_32">
<pin_list>
<pin id="33" dir="1" index="0" bw="1" slack="0"/>
</pin_list>
<bind>
<StgValue><ssdm name="black_scholes2_black_scholes2_Block_._crit_edge111_proc"/></StgValue>
</bind>
</comp>

<comp id="34" class="1001" name="const_34">
<pin_list>
<pin id="35" dir="1" index="0" bw="1" slack="0"/>
</pin_list>
<bind>
<StgValue><ssdm name="black_scholes2_expo12"/></StgValue>
</bind>
</comp>

<comp id="36" class="1001" name="const_36">
<pin_list>
<pin id="37" dir="1" index="0" bw="1" slack="0"/>
</pin_list>
<bind>
<StgValue><ssdm name="black_scholes2_expo11"/></StgValue>
</bind>
</comp>

<comp id="38" class="1001" name="const_38">
<pin_list>
<pin id="39" dir="1" index="0" bw="1" slack="0"/>
</pin_list>
<bind>
<StgValue><ssdm name="black_scholes2_mult2_11.3"/></StgValue>
</bind>
</comp>

<comp id="40" class="1001" name="const_40">
<pin_list>
<pin id="41" dir="1" index="0" bw="1" slack="0"/>
</pin_list>
<bind>
<StgValue><ssdm name="black_scholes2_black_scholes2_Block_._crit_edge117_proc"/></StgValue>
</bind>
</comp>

<comp id="42" class="1001" name="const_42">
<pin_list>
<pin id="43" dir="1" index="0" bw="1" slack="2147483647"/>
</pin_list>
<bind>
<StgValue><ssdm name="_ssdm_op_SpecDataflowPipeline"/></StgValue>
</bind>
</comp>

<comp id="44" class="1001" name="const_44">
<pin_list>
<pin id="45" dir="1" index="0" bw="1" slack="2147483647"/>
</pin_list>
<bind>
<StgValue><ssdm name=""/></StgValue>
</bind>
</comp>

<comp id="46" class="1001" name="const_46">
<pin_list>
<pin id="47" dir="1" index="0" bw="1" slack="2147483647"/>
</pin_list>
<bind>
<StgValue><ssdm name="p_str1"/></StgValue>
</bind>
</comp>

<comp id="48" class="1001" name="const_48">
<pin_list>
<pin id="49" dir="1" index="0" bw="1" slack="2147483647"/>
</pin_list>
<bind>
<StgValue><ssdm name="_ssdm_op_SpecBitsMap"/></StgValue>
</bind>
</comp>

<comp id="50" class="1001" name="const_50">
<pin_list>
<pin id="51" dir="1" index="0" bw="1" slack="2147483647"/>
</pin_list>
<bind>
<StgValue><ssdm name=""/></StgValue>
</bind>
</comp>

<comp id="52" class="1001" name="const_52">
<pin_list>
<pin id="53" dir="1" index="0" bw="1" slack="2147483647"/>
</pin_list>
<bind>
<StgValue><ssdm name="_ssdm_op_SpecTopModule"/></StgValue>
</bind>
</comp>

<comp id="54" class="1001" name="const_54">
<pin_list>
<pin id="55" dir="1" index="0" bw="1" slack="2147483647"/>
</pin_list>
<bind>
<StgValue><ssdm name="str"/></StgValue>
</bind>
</comp>

<comp id="56" class="1001" name="const_56">
<pin_list>
<pin id="57" dir="1" index="0" bw="1" slack="2147483647"/>
</pin_list>
<bind>
<StgValue><ssdm name="_ssdm_op_SpecChannel"/></StgValue>
</bind>
</comp>

<comp id="58" class="1001" name="const_58">
<pin_list>
<pin id="59" dir="1" index="0" bw="1" slack="2147483647"/>
</pin_list>
<bind>
<StgValue><ssdm name="str231"/></StgValue>
</bind>
</comp>

<comp id="60" class="1001" name="const_60">
<pin_list>
<pin id="61" dir="1" index="0" bw="1" slack="2147483647"/>
</pin_list>
<bind>
<StgValue><ssdm name=""/></StgValue>
</bind>
</comp>

<comp id="62" class="1001" name="const_62">
<pin_list>
<pin id="63" dir="1" index="0" bw="1" slack="2147483647"/>
</pin_list>
<bind>
<StgValue><ssdm name="str232"/></StgValue>
</bind>
</comp>

<comp id="64" class="1001" name="const_64">
<pin_list>
<pin id="65" dir="1" index="0" bw="1" slack="2147483647"/>
</pin_list>
<bind>
<StgValue><ssdm name=""/></StgValue>
</bind>
</comp>

<comp id="66" class="1001" name="const_66">
<pin_list>
<pin id="67" dir="1" index="0" bw="1" slack="2147483647"/>
</pin_list>
<bind>
<StgValue><ssdm name="_ssdm_op_SpecInterface"/></StgValue>
</bind>
</comp>

<comp id="68" class="1001" name="const_68">
<pin_list>
<pin id="69" dir="1" index="0" bw="1" slack="2147483647"/>
</pin_list>
<bind>
<StgValue><ssdm name="str233"/></StgValue>
</bind>
</comp>

<comp id="70" class="1001" name="const_70">
<pin_list>
<pin id="71" dir="1" index="0" bw="1" slack="2147483647"/>
</pin_list>
<bind>
<StgValue><ssdm name="str237"/></StgValue>
</bind>
</comp>

<comp id="72" class="1001" name="const_72">
<pin_list>
<pin id="73" dir="1" index="0" bw="1" slack="2147483647"/>
</pin_list>
<bind>
<StgValue><ssdm name="str238"/></StgValue>
</bind>
</comp>

<comp id="74" class="1001" name="const_74">
<pin_list>
<pin id="75" dir="1" index="0" bw="1" slack="2147483647"/>
</pin_list>
<bind>
<StgValue><ssdm name="str239"/></StgValue>
</bind>
</comp>

<comp id="76" class="1001" name="const_76">
<pin_list>
<pin id="77" dir="1" index="0" bw="1" slack="2147483647"/>
</pin_list>
<bind>
<StgValue><ssdm name="str234"/></StgValue>
</bind>
</comp>

<comp id="78" class="1001" name="const_78">
<pin_list>
<pin id="79" dir="1" index="0" bw="1" slack="2147483647"/>
</pin_list>
<bind>
<StgValue><ssdm name="str235"/></StgValue>
</bind>
</comp>

<comp id="80" class="1001" name="const_80">
<pin_list>
<pin id="81" dir="1" index="0" bw="1" slack="2147483647"/>
</pin_list>
<bind>
<StgValue><ssdm name="str236"/></StgValue>
</bind>
</comp>

<comp id="82" class="1001" name="const_82">
<pin_list>
<pin id="83" dir="1" index="0" bw="1" slack="2147483647"/>
</pin_list>
<bind>
<StgValue><ssdm name="str240"/></StgValue>
</bind>
</comp>

<comp id="84" class="1001" name="const_84">
<pin_list>
<pin id="85" dir="1" index="0" bw="1" slack="2147483647"/>
</pin_list>
<bind>
<StgValue><ssdm name="str241"/></StgValue>
</bind>
</comp>

<comp id="86" class="1001" name="const_86">
<pin_list>
<pin id="87" dir="1" index="0" bw="1" slack="2147483647"/>
</pin_list>
<bind>
<StgValue><ssdm name="str242"/></StgValue>
</bind>
</comp>

<comp id="88" class="1001" name="const_88">
<pin_list>
<pin id="89" dir="1" index="0" bw="1" slack="0"/>
</pin_list>
<bind>
<StgValue><ssdm name="black_scholes2_black_scholes2_Block_._crit_edge_proc"/></StgValue>
</bind>
</comp>

<comp id="90" class="1004" name="p_channel42_fu_90">
<pin_list>
<pin id="91" dir="0" index="0" bw="1" slack="0"/>
<pin id="92" dir="1" index="1" bw="64" slack="12"/>
</pin_list>
<bind>
<opcode="alloca(26) " fcode="alloca"/>
<opset="p_channel42/1 "/>
</bind>
</comp>

<comp id="94" class="1004" name="p_channel41_fu_94">
<pin_list>
<pin id="95" dir="0" index="0" bw="1" slack="0"/>
<pin id="96" dir="1" index="1" bw="64" slack="15"/>
</pin_list>
<bind>
<opcode="alloca(26) " fcode="alloca"/>
<opset="p_channel41/1 "/>
</bind>
</comp>

<comp id="98" class="1004" name="p_channel40_fu_98">
<pin_list>
<pin id="99" dir="0" index="0" bw="1" slack="0"/>
<pin id="100" dir="1" index="1" bw="64" slack="13"/>
</pin_list>
<bind>
<opcode="alloca(26) " fcode="alloca"/>
<opset="p_channel40/1 "/>
</bind>
</comp>

<comp id="102" class="1004" name="p_channel39_fu_102">
<pin_list>
<pin id="103" dir="0" index="0" bw="1" slack="0"/>
<pin id="104" dir="1" index="1" bw="64" slack="10"/>
</pin_list>
<bind>
<opcode="alloca(26) " fcode="alloca"/>
<opset="p_channel39/1 "/>
</bind>
</comp>

<comp id="106" class="1004" name="T_channel31_channel_fu_106">
<pin_list>
<pin id="107" dir="0" index="0" bw="1" slack="0"/>
<pin id="108" dir="1" index="1" bw="64" slack="8"/>
</pin_list>
<bind>
<opcode="alloca(26) " fcode="alloca"/>
<opset="T_channel31_channel/1 "/>
</bind>
</comp>

<comp id="110" class="1004" name="p_channel38_fu_110">
<pin_list>
<pin id="111" dir="0" index="0" bw="1" slack="0"/>
<pin id="112" dir="1" index="1" bw="64" slack="8"/>
</pin_list>
<bind>
<opcode="alloca(26) " fcode="alloca"/>
<opset="p_channel38/1 "/>
</bind>
</comp>

<comp id="114" class="1004" name="p_channel37_fu_114">
<pin_list>
<pin id="115" dir="0" index="0" bw="1" slack="0"/>
<pin id="116" dir="1" index="1" bw="64" slack="2"/>
</pin_list>
<bind>
<opcode="alloca(26) " fcode="alloca"/>
<opset="p_channel37/1 "/>
</bind>
</comp>

<comp id="118" class="1004" name="T_channel_channel_fu_118">
<pin_list>
<pin id="119" dir="0" index="0" bw="1" slack="0"/>
<pin id="120" dir="1" index="1" bw="64" slack="6"/>
</pin_list>
<bind>
<opcode="alloca(26) " fcode="alloca"/>
<opset="T_channel_channel/1 "/>
</bind>
</comp>

<comp id="122" class="1004" name="p_channel36_fu_122">
<pin_list>
<pin id="123" dir="0" index="0" bw="1" slack="0"/>
<pin id="124" dir="1" index="1" bw="64" slack="6"/>
</pin_list>
<bind>
<opcode="alloca(26) " fcode="alloca"/>
<opset="p_channel36/1 "/>
</bind>
</comp>

<comp id="126" class="1004" name="r_channel_channel_fu_126">
<pin_list>
<pin id="127" dir="0" index="0" bw="1" slack="0"/>
<pin id="128" dir="1" index="1" bw="64" slack="4"/>
</pin_list>
<bind>
<opcode="alloca(26) " fcode="alloca"/>
<opset="r_channel_channel/1 "/>
</bind>
</comp>

<comp id="130" class="1004" name="tmp_1_channel_fu_130">
<pin_list>
<pin id="131" dir="0" index="0" bw="1" slack="0"/>
<pin id="132" dir="1" index="1" bw="64" slack="2"/>
</pin_list>
<bind>
<opcode="alloca(26) " fcode="alloca"/>
<opset="tmp_1_channel/1 "/>
</bind>
</comp>

<comp id="134" class="1004" name="sigma_channel_channel_fu_134">
<pin_list>
<pin id="135" dir="0" index="0" bw="1" slack="0"/>
<pin id="136" dir="1" index="1" bw="64" slack="0"/>
</pin_list>
<bind>
<opcode="alloca(26) " fcode="alloca"/>
<opset="sigma_channel_channel/1 "/>
</bind>
</comp>

<comp id="138" class="1004" name="p_channel35_fu_138">
<pin_list>
<pin id="139" dir="0" index="0" bw="1" slack="0"/>
<pin id="140" dir="1" index="1" bw="64" slack="0"/>
</pin_list>
<bind>
<opcode="alloca(26) " fcode="alloca"/>
<opset="p_channel35/1 "/>
</bind>
</comp>

<comp id="142" class="1004" name="p_channel32_fu_142">
<pin_list>
<pin id="143" dir="0" index="0" bw="1" slack="0"/>
<pin id="144" dir="1" index="1" bw="64" slack="15"/>
</pin_list>
<bind>
<opcode="alloca(26) " fcode="alloca"/>
<opset="p_channel32/1 "/>
</bind>
</comp>

<comp id="146" class="1004" name="p_channel_fu_146">
<pin_list>
<pin id="147" dir="0" index="0" bw="1" slack="0"/>
<pin id="148" dir="1" index="1" bw="64" slack="10"/>
</pin_list>
<bind>
<opcode="alloca(26) " fcode="alloca"/>
<opset="p_channel/1 "/>
</bind>
</comp>

<comp id="150" class="1004" name="sigma_read_read_fu_150">
<pin_list>
<pin id="151" dir="0" index="0" bw="64" slack="0"/>
<pin id="152" dir="0" index="1" bw="64" slack="0"/>
<pin id="153" dir="1" index="2" bw="64" slack="0"/>
</pin_list>
<bind>
<opcode="read(1150) " fcode="read"/>
<opset="sigma_read/1 "/>
</bind>
</comp>

<comp id="156" class="1004" name="gaussian_random_number_read_read_fu_156">
<pin_list>
<pin id="157" dir="0" index="0" bw="64" slack="0"/>
<pin id="158" dir="0" index="1" bw="64" slack="0"/>
<pin id="159" dir="1" index="2" bw="64" slack="0"/>
</pin_list>
<bind>
<opcode="read(1150) " fcode="read"/>
<opset="gaussian_random_number_read/3 "/>
</bind>
</comp>

<comp id="162" class="1004" name="r_read_read_fu_162">
<pin_list>
<pin id="163" dir="0" index="0" bw="64" slack="0"/>
<pin id="164" dir="0" index="1" bw="64" slack="0"/>
<pin id="165" dir="1" index="2" bw="64" slack="0"/>
</pin_list>
<bind>
<opcode="read(1150) " fcode="read"/>
<opset="r_read/5 "/>
</bind>
</comp>

<comp id="168" class="1004" name="T_read_read_fu_168">
<pin_list>
<pin id="169" dir="0" index="0" bw="64" slack="0"/>
<pin id="170" dir="0" index="1" bw="64" slack="0"/>
<pin id="171" dir="1" index="2" bw="64" slack="0"/>
</pin_list>
<bind>
<opcode="read(1150) " fcode="read"/>
<opset="T_read/7 "/>
</bind>
</comp>

<comp id="174" class="1004" name="S_read_read_fu_174">
<pin_list>
<pin id="175" dir="0" index="0" bw="64" slack="0"/>
<pin id="176" dir="0" index="1" bw="64" slack="0"/>
<pin id="177" dir="1" index="2" bw="64" slack="0"/>
</pin_list>
<bind>
<opcode="read(1150) " fcode="read"/>
<opset="S_read/16 "/>
</bind>
</comp>

<comp id="180" class="1004" name="E_read_read_fu_180">
<pin_list>
<pin id="181" dir="0" index="0" bw="64" slack="0"/>
<pin id="182" dir="0" index="1" bw="64" slack="0"/>
<pin id="183" dir="1" index="2" bw="64" slack="0"/>
</pin_list>
<bind>
<opcode="read(1150) " fcode="read"/>
<opset="E_read/18 "/>
</bind>
</comp>

<comp id="187" class="1004" name="grp_black_scholes2_expo12_fu_187">
<pin_list>
<pin id="188" dir="0" index="0" bw="0" slack="0"/>
<pin id="189" dir="0" index="1" bw="64" slack="12"/>
<pin id="190" dir="0" index="2" bw="64" slack="1"/>
<pin id="191" dir="1" index="3" bw="0" slack="2147483647"/>
</pin_list>
<bind>
<opcode="call(48) " fcode="call"/>
<opset="stg_56/13 "/>
</bind>
</comp>

<comp id="193" class="1004" name="grp_black_scholes2_expo11_fu_193">
<pin_list>
<pin id="194" dir="0" index="0" bw="0" slack="0"/>
<pin id="195" dir="0" index="1" bw="64" slack="13"/>
<pin id="196" dir="0" index="2" bw="64" slack="0"/>
<pin id="197" dir="1" index="3" bw="0" slack="2147483647"/>
</pin_list>
<bind>
<opcode="call(48) " fcode="call"/>
<opset="stg_58/14 "/>
</bind>
</comp>

<comp id="199" class="1004" name="grp_black_scholes2_sqrt1_fu_199">
<pin_list>
<pin id="200" dir="0" index="0" bw="0" slack="0"/>
<pin id="201" dir="0" index="1" bw="64" slack="8"/>
<pin id="202" dir="0" index="2" bw="64" slack="8"/>
<pin id="203" dir="0" index="3" bw="64" slack="8"/>
<pin id="204" dir="1" index="4" bw="0" slack="2147483647"/>
</pin_list>
<bind>
<opcode="call(48) " fcode="call"/>
<opset="stg_49/9 "/>
</bind>
</comp>

<comp id="206" class="1004" name="grp_black_scholes2_black_scholes2_Block_crit_edge117_proc_fu_206">
<pin_list>
<pin id="207" dir="0" index="0" bw="64" slack="0"/>
<pin id="208" dir="0" index="1" bw="64" slack="17"/>
<pin id="209" dir="0" index="2" bw="64" slack="0"/>
<pin id="210" dir="0" index="3" bw="64" slack="17"/>
<pin id="211" dir="1" index="4" bw="64" slack="0"/>
</pin_list>
<bind>
<opcode="call(48) " fcode="call"/>
<opset="tmp4_1_loc_channel/18 "/>
</bind>
</comp>

<comp id="214" class="1004" name="grp_black_scholes2_black_scholes2_Block_crit_edge14_proc_fu_214">
<pin_list>
<pin id="215" dir="0" index="0" bw="64" slack="0"/>
<pin id="216" dir="0" index="1" bw="64" slack="0"/>
<pin id="217" dir="0" index="2" bw="64" slack="4"/>
<pin id="218" dir="0" index="3" bw="64" slack="4"/>
<pin id="219" dir="1" index="4" bw="64" slack="1"/>
</pin_list>
<bind>
<opcode="call(48) " fcode="call"/>
<opset="tmp_2_loc_channel/5 "/>
</bind>
</comp>

<comp id="222" class="1004" name="grp_black_scholes2_black_scholes2_Block_crit_edge111_proc_fu_222">
<pin_list>
<pin id="223" dir="0" index="0" bw="64" slack="0"/>
<pin id="224" dir="0" index="1" bw="64" slack="12"/>
<pin id="225" dir="0" index="2" bw="64" slack="12"/>
<pin id="226" dir="1" index="3" bw="64" slack="0"/>
</pin_list>
<bind>
<opcode="call(48) " fcode="call"/>
<opset="tmp3_loc_channel/13 "/>
</bind>
</comp>

<comp id="229" class="1004" name="grp_black_scholes2_black_scholes2_Block_crit_edge115_proc_fu_229">
<pin_list>
<pin id="230" dir="0" index="0" bw="64" slack="0"/>
<pin id="231" dir="0" index="1" bw="64" slack="10"/>
<pin id="232" dir="0" index="2" bw="64" slack="10"/>
<pin id="233" dir="1" index="3" bw="64" slack="1"/>
</pin_list>
<bind>
<opcode="call(48) " fcode="call"/>
<opset="call_ret/11 "/>
</bind>
</comp>

<comp id="235" class="1004" name="grp_black_scholes2_mult2_11_fu_235">
<pin_list>
<pin id="236" dir="0" index="0" bw="0" slack="0"/>
<pin id="237" dir="0" index="1" bw="64" slack="0"/>
<pin id="238" dir="0" index="2" bw="64" slack="0"/>
<pin id="239" dir="0" index="3" bw="64" slack="0"/>
<pin id="240" dir="0" index="4" bw="64" slack="0"/>
<pin id="241" dir="1" index="5" bw="0" slack="2147483647"/>
</pin_list>
<bind>
<opcode="call(48) " fcode="call"/>
<opset="stg_36/1 "/>
</bind>
</comp>

<comp id="245" class="1004" name="grp_black_scholes2_mult2_12_fu_245">
<pin_list>
<pin id="246" dir="0" index="0" bw="0" slack="0"/>
<pin id="247" dir="0" index="1" bw="64" slack="6"/>
<pin id="248" dir="0" index="2" bw="64" slack="1"/>
<pin id="249" dir="0" index="3" bw="64" slack="0"/>
<pin id="250" dir="0" index="4" bw="64" slack="6"/>
<pin id="251" dir="1" index="5" bw="0" slack="2147483647"/>
</pin_list>
<bind>
<opcode="call(48) " fcode="call"/>
<opset="stg_47/7 "/>
</bind>
</comp>

<comp id="254" class="1004" name="grp_black_scholes2_mult2_11_2_fu_254">
<pin_list>
<pin id="255" dir="0" index="0" bw="0" slack="0"/>
<pin id="256" dir="0" index="1" bw="64" slack="10"/>
<pin id="257" dir="0" index="2" bw="64" slack="10"/>
<pin id="258" dir="0" index="3" bw="64" slack="10"/>
<pin id="259" dir="0" index="4" bw="64" slack="10"/>
<pin id="260" dir="1" index="5" bw="0" slack="2147483647"/>
</pin_list>
<bind>
<opcode="call(48) " fcode="call"/>
<opset="stg_51/11 "/>
</bind>
</comp>

<comp id="262" class="1004" name="grp_black_scholes2_mult2_11_3_fu_262">
<pin_list>
<pin id="263" dir="0" index="0" bw="0" slack="0"/>
<pin id="264" dir="0" index="1" bw="64" slack="15"/>
<pin id="265" dir="0" index="2" bw="64" slack="15"/>
<pin id="266" dir="0" index="3" bw="64" slack="0"/>
<pin id="267" dir="0" index="4" bw="64" slack="15"/>
<pin id="268" dir="1" index="5" bw="0" slack="2147483647"/>
</pin_list>
<bind>
<opcode="call(48) " fcode="call"/>
<opset="stg_62/16 "/>
</bind>
</comp>

<comp id="271" class="1004" name="grp_black_scholes2_mult2_11_1_fu_271">
<pin_list>
<pin id="272" dir="0" index="0" bw="0" slack="0"/>
<pin id="273" dir="0" index="1" bw="64" slack="2"/>
<pin id="274" dir="0" index="2" bw="64" slack="2"/>
<pin id="275" dir="0" index="3" bw="64" slack="0"/>
<pin id="276" dir="1" index="4" bw="0" slack="2147483647"/>
</pin_list>
<bind>
<opcode="call(48) " fcode="call"/>
<opset="stg_40/3 "/>
</bind>
</comp>

<comp id="279" class="1004" name="grp_black_scholes2_div_1_fu_279">
<pin_list>
<pin id="280" dir="0" index="0" bw="0" slack="0"/>
<pin id="281" dir="0" index="1" bw="64" slack="2"/>
<pin id="282" dir="0" index="2" bw="64" slack="2"/>
<pin id="283" dir="1" index="3" bw="0" slack="2147483647"/>
</pin_list>
<bind>
<opcode="call(48) " fcode="call"/>
<opset="stg_39/3 "/>
</bind>
</comp>

<comp id="285" class="1004" name="tmp_black_scholes2_black_scholes2_Block_crit_edge_proc_fu_285">
<pin_list>
<pin id="286" dir="0" index="0" bw="64" slack="0"/>
<pin id="287" dir="0" index="1" bw="64" slack="0"/>
<pin id="288" dir="1" index="2" bw="64" slack="2147483647"/>
</pin_list>
<bind>
<opcode="call(48) " fcode="call"/>
<opset="tmp/19 "/>
</bind>
</comp>

<comp id="291" class="1005" name="sigma_read_reg_291">
<pin_list>
<pin id="292" dir="0" index="0" bw="64" slack="1"/>
<pin id="293" dir="1" index="1" bw="64" slack="1"/>
</pin_list>
<bind>
<opset="sigma_read "/>
</bind>
</comp>

<comp id="297" class="1005" name="p_channel42_reg_297">
<pin_list>
<pin id="298" dir="0" index="0" bw="64" slack="12"/>
<pin id="299" dir="1" index="1" bw="64" slack="12"/>
</pin_list>
<bind>
<opset="p_channel42 "/>
</bind>
</comp>

<comp id="303" class="1005" name="p_channel41_reg_303">
<pin_list>
<pin id="304" dir="0" index="0" bw="64" slack="15"/>
<pin id="305" dir="1" index="1" bw="64" slack="15"/>
</pin_list>
<bind>
<opset="p_channel41 "/>
</bind>
</comp>

<comp id="309" class="1005" name="p_channel40_reg_309">
<pin_list>
<pin id="310" dir="0" index="0" bw="64" slack="13"/>
<pin id="311" dir="1" index="1" bw="64" slack="13"/>
</pin_list>
<bind>
<opset="p_channel40 "/>
</bind>
</comp>

<comp id="315" class="1005" name="p_channel39_reg_315">
<pin_list>
<pin id="316" dir="0" index="0" bw="64" slack="10"/>
<pin id="317" dir="1" index="1" bw="64" slack="10"/>
</pin_list>
<bind>
<opset="p_channel39 "/>
</bind>
</comp>

<comp id="321" class="1005" name="T_channel31_channel_reg_321">
<pin_list>
<pin id="322" dir="0" index="0" bw="64" slack="8"/>
<pin id="323" dir="1" index="1" bw="64" slack="8"/>
</pin_list>
<bind>
<opset="T_channel31_channel "/>
</bind>
</comp>

<comp id="327" class="1005" name="p_channel38_reg_327">
<pin_list>
<pin id="328" dir="0" index="0" bw="64" slack="8"/>
<pin id="329" dir="1" index="1" bw="64" slack="8"/>
</pin_list>
<bind>
<opset="p_channel38 "/>
</bind>
</comp>

<comp id="333" class="1005" name="p_channel37_reg_333">
<pin_list>
<pin id="334" dir="0" index="0" bw="64" slack="2"/>
<pin id="335" dir="1" index="1" bw="64" slack="2"/>
</pin_list>
<bind>
<opset="p_channel37 "/>
</bind>
</comp>

<comp id="339" class="1005" name="T_channel_channel_reg_339">
<pin_list>
<pin id="340" dir="0" index="0" bw="64" slack="6"/>
<pin id="341" dir="1" index="1" bw="64" slack="6"/>
</pin_list>
<bind>
<opset="T_channel_channel "/>
</bind>
</comp>

<comp id="345" class="1005" name="p_channel36_reg_345">
<pin_list>
<pin id="346" dir="0" index="0" bw="64" slack="6"/>
<pin id="347" dir="1" index="1" bw="64" slack="6"/>
</pin_list>
<bind>
<opset="p_channel36 "/>
</bind>
</comp>

<comp id="351" class="1005" name="r_channel_channel_reg_351">
<pin_list>
<pin id="352" dir="0" index="0" bw="64" slack="4"/>
<pin id="353" dir="1" index="1" bw="64" slack="4"/>
</pin_list>
<bind>
<opset="r_channel_channel "/>
</bind>
</comp>

<comp id="357" class="1005" name="tmp_1_channel_reg_357">
<pin_list>
<pin id="358" dir="0" index="0" bw="64" slack="2"/>
<pin id="359" dir="1" index="1" bw="64" slack="2"/>
</pin_list>
<bind>
<opset="tmp_1_channel "/>
</bind>
</comp>

<comp id="363" class="1005" name="sigma_channel_channel_reg_363">
<pin_list>
<pin id="364" dir="0" index="0" bw="64" slack="0"/>
<pin id="365" dir="1" index="1" bw="64" slack="0"/>
</pin_list>
<bind>
<opset="sigma_channel_channel "/>
</bind>
</comp>

<comp id="369" class="1005" name="p_channel35_reg_369">
<pin_list>
<pin id="370" dir="0" index="0" bw="64" slack="0"/>
<pin id="371" dir="1" index="1" bw="64" slack="0"/>
</pin_list>
<bind>
<opset="p_channel35 "/>
</bind>
</comp>

<comp id="375" class="1005" name="p_channel32_reg_375">
<pin_list>
<pin id="376" dir="0" index="0" bw="64" slack="15"/>
<pin id="377" dir="1" index="1" bw="64" slack="15"/>
</pin_list>
<bind>
<opset="p_channel32 "/>
</bind>
</comp>

<comp id="380" class="1005" name="p_channel_reg_380">
<pin_list>
<pin id="381" dir="0" index="0" bw="64" slack="10"/>
<pin id="382" dir="1" index="1" bw="64" slack="10"/>
</pin_list>
<bind>
<opset="p_channel "/>
</bind>
</comp>

<comp id="385" class="1005" name="gaussian_random_number_read_reg_385">
<pin_list>
<pin id="386" dir="0" index="0" bw="64" slack="1"/>
<pin id="387" dir="1" index="1" bw="64" slack="1"/>
</pin_list>
<bind>
<opset="gaussian_random_number_read "/>
</bind>
</comp>

<comp id="390" class="1005" name="r_read_reg_390">
<pin_list>
<pin id="391" dir="0" index="0" bw="64" slack="1"/>
<pin id="392" dir="1" index="1" bw="64" slack="1"/>
</pin_list>
<bind>
<opset="r_read "/>
</bind>
</comp>

<comp id="395" class="1005" name="tmp_2_loc_channel_reg_395">
<pin_list>
<pin id="396" dir="0" index="0" bw="64" slack="1"/>
<pin id="397" dir="1" index="1" bw="64" slack="1"/>
</pin_list>
<bind>
<opset="tmp_2_loc_channel "/>
</bind>
</comp>

<comp id="400" class="1005" name="T_read_reg_400">
<pin_list>
<pin id="401" dir="0" index="0" bw="64" slack="1"/>
<pin id="402" dir="1" index="1" bw="64" slack="1"/>
</pin_list>
<bind>
<opset="T_read "/>
</bind>
</comp>

<comp id="405" class="1005" name="call_ret_reg_405">
<pin_list>
<pin id="406" dir="0" index="0" bw="64" slack="1"/>
<pin id="407" dir="1" index="1" bw="64" slack="1"/>
</pin_list>
<bind>
<opset="call_ret "/>
</bind>
</comp>

<comp id="410" class="1005" name="tmp3_loc_channel_reg_410">
<pin_list>
<pin id="411" dir="0" index="0" bw="64" slack="1"/>
<pin id="412" dir="1" index="1" bw="64" slack="1"/>
</pin_list>
<bind>
<opset="tmp3_loc_channel "/>
</bind>
</comp>

<comp id="415" class="1005" name="S_read_reg_415">
<pin_list>
<pin id="416" dir="0" index="0" bw="64" slack="1"/>
<pin id="417" dir="1" index="1" bw="64" slack="1"/>
</pin_list>
<bind>
<opset="S_read "/>
</bind>
</comp>

<comp id="420" class="1005" name="E_read_reg_420">
<pin_list>
<pin id="421" dir="0" index="0" bw="64" slack="1"/>
<pin id="422" dir="1" index="1" bw="64" slack="1"/>
</pin_list>
<bind>
<opset="E_read "/>
</bind>
</comp>

</comp_list>

<net_list>
<net id="93"><net_src comp="14" pin="0"/><net_sink comp="90" pin=0"/></net>

<net id="97"><net_src comp="14" pin="0"/><net_sink comp="94" pin=0"/></net>

<net id="101"><net_src comp="14" pin="0"/><net_sink comp="98" pin=0"/></net>

<net id="105"><net_src comp="14" pin="0"/><net_sink comp="102" pin=0"/></net>

<net id="109"><net_src comp="14" pin="0"/><net_sink comp="106" pin=0"/></net>

<net id="113"><net_src comp="14" pin="0"/><net_sink comp="110" pin=0"/></net>

<net id="117"><net_src comp="14" pin="0"/><net_sink comp="114" pin=0"/></net>

<net id="121"><net_src comp="14" pin="0"/><net_sink comp="118" pin=0"/></net>

<net id="125"><net_src comp="14" pin="0"/><net_sink comp="122" pin=0"/></net>

<net id="129"><net_src comp="14" pin="0"/><net_sink comp="126" pin=0"/></net>

<net id="133"><net_src comp="14" pin="0"/><net_sink comp="130" pin=0"/></net>

<net id="137"><net_src comp="14" pin="0"/><net_sink comp="134" pin=0"/></net>

<net id="141"><net_src comp="14" pin="0"/><net_sink comp="138" pin=0"/></net>

<net id="145"><net_src comp="14" pin="0"/><net_sink comp="142" pin=0"/></net>

<net id="149"><net_src comp="14" pin="0"/><net_sink comp="146" pin=0"/></net>

<net id="154"><net_src comp="12" pin="0"/><net_sink comp="150" pin=0"/></net>

<net id="155"><net_src comp="6" pin="0"/><net_sink comp="150" pin=1"/></net>

<net id="160"><net_src comp="12" pin="0"/><net_sink comp="156" pin=0"/></net>

<net id="161"><net_src comp="10" pin="0"/><net_sink comp="156" pin=1"/></net>

<net id="166"><net_src comp="12" pin="0"/><net_sink comp="162" pin=0"/></net>

<net id="167"><net_src comp="4" pin="0"/><net_sink comp="162" pin=1"/></net>

<net id="172"><net_src comp="12" pin="0"/><net_sink comp="168" pin=0"/></net>

<net id="173"><net_src comp="8" pin="0"/><net_sink comp="168" pin=1"/></net>

<net id="178"><net_src comp="12" pin="0"/><net_sink comp="174" pin=0"/></net>

<net id="179"><net_src comp="0" pin="0"/><net_sink comp="174" pin=1"/></net>

<net id="184"><net_src comp="12" pin="0"/><net_sink comp="180" pin=0"/></net>

<net id="185"><net_src comp="2" pin="0"/><net_sink comp="180" pin=1"/></net>

<net id="192"><net_src comp="34" pin="0"/><net_sink comp="187" pin=0"/></net>

<net id="198"><net_src comp="36" pin="0"/><net_sink comp="193" pin=0"/></net>

<net id="205"><net_src comp="26" pin="0"/><net_sink comp="199" pin=0"/></net>

<net id="212"><net_src comp="40" pin="0"/><net_sink comp="206" pin=0"/></net>

<net id="213"><net_src comp="180" pin="2"/><net_sink comp="206" pin=2"/></net>

<net id="220"><net_src comp="22" pin="0"/><net_sink comp="214" pin=0"/></net>

<net id="221"><net_src comp="162" pin="2"/><net_sink comp="214" pin=1"/></net>

<net id="227"><net_src comp="222" pin="3"/><net_sink comp="193" pin=2"/></net>

<net id="228"><net_src comp="32" pin="0"/><net_sink comp="222" pin=0"/></net>

<net id="234"><net_src comp="30" pin="0"/><net_sink comp="229" pin=0"/></net>

<net id="242"><net_src comp="16" pin="0"/><net_sink comp="235" pin=0"/></net>

<net id="243"><net_src comp="150" pin="2"/><net_sink comp="235" pin=2"/></net>

<net id="244"><net_src comp="150" pin="2"/><net_sink comp="235" pin=3"/></net>

<net id="252"><net_src comp="24" pin="0"/><net_sink comp="245" pin=0"/></net>

<net id="253"><net_src comp="168" pin="2"/><net_sink comp="245" pin=3"/></net>

<net id="261"><net_src comp="28" pin="0"/><net_sink comp="254" pin=0"/></net>

<net id="269"><net_src comp="38" pin="0"/><net_sink comp="262" pin=0"/></net>

<net id="270"><net_src comp="174" pin="2"/><net_sink comp="262" pin=3"/></net>

<net id="277"><net_src comp="20" pin="0"/><net_sink comp="271" pin=0"/></net>

<net id="278"><net_src comp="156" pin="2"/><net_sink comp="271" pin=3"/></net>

<net id="284"><net_src comp="18" pin="0"/><net_sink comp="279" pin=0"/></net>

<net id="289"><net_src comp="88" pin="0"/><net_sink comp="285" pin=0"/></net>

<net id="290"><net_src comp="206" pin="4"/><net_sink comp="285" pin=1"/></net>

<net id="294"><net_src comp="150" pin="2"/><net_sink comp="291" pin=0"/></net>

<net id="295"><net_src comp="291" pin="1"/><net_sink comp="235" pin=2"/></net>

<net id="296"><net_src comp="291" pin="1"/><net_sink comp="235" pin=3"/></net>

<net id="300"><net_src comp="90" pin="1"/><net_sink comp="297" pin=0"/></net>

<net id="301"><net_src comp="297" pin="1"/><net_sink comp="187" pin=1"/></net>

<net id="302"><net_src comp="297" pin="1"/><net_sink comp="206" pin=3"/></net>

<net id="306"><net_src comp="94" pin="1"/><net_sink comp="303" pin=0"/></net>

<net id="307"><net_src comp="303" pin="1"/><net_sink comp="262" pin=1"/></net>

<net id="308"><net_src comp="303" pin="1"/><net_sink comp="206" pin=1"/></net>

<net id="312"><net_src comp="98" pin="1"/><net_sink comp="309" pin=0"/></net>

<net id="313"><net_src comp="309" pin="1"/><net_sink comp="193" pin=1"/></net>

<net id="314"><net_src comp="309" pin="1"/><net_sink comp="262" pin=2"/></net>

<net id="318"><net_src comp="102" pin="1"/><net_sink comp="315" pin=0"/></net>

<net id="319"><net_src comp="315" pin="1"/><net_sink comp="254" pin=1"/></net>

<net id="320"><net_src comp="315" pin="1"/><net_sink comp="222" pin=2"/></net>

<net id="324"><net_src comp="106" pin="1"/><net_sink comp="321" pin=0"/></net>

<net id="325"><net_src comp="321" pin="1"/><net_sink comp="199" pin=3"/></net>

<net id="326"><net_src comp="321" pin="1"/><net_sink comp="229" pin=2"/></net>

<net id="330"><net_src comp="110" pin="1"/><net_sink comp="327" pin=0"/></net>

<net id="331"><net_src comp="327" pin="1"/><net_sink comp="199" pin=1"/></net>

<net id="332"><net_src comp="327" pin="1"/><net_sink comp="254" pin=3"/></net>

<net id="336"><net_src comp="114" pin="1"/><net_sink comp="333" pin=0"/></net>

<net id="337"><net_src comp="333" pin="1"/><net_sink comp="271" pin=1"/></net>

<net id="338"><net_src comp="333" pin="1"/><net_sink comp="254" pin=2"/></net>

<net id="342"><net_src comp="118" pin="1"/><net_sink comp="339" pin=0"/></net>

<net id="343"><net_src comp="339" pin="1"/><net_sink comp="245" pin=4"/></net>

<net id="344"><net_src comp="339" pin="1"/><net_sink comp="199" pin=2"/></net>

<net id="348"><net_src comp="122" pin="1"/><net_sink comp="345" pin=0"/></net>

<net id="349"><net_src comp="345" pin="1"/><net_sink comp="245" pin=1"/></net>

<net id="350"><net_src comp="345" pin="1"/><net_sink comp="222" pin=1"/></net>

<net id="354"><net_src comp="126" pin="1"/><net_sink comp="351" pin=0"/></net>

<net id="355"><net_src comp="351" pin="1"/><net_sink comp="214" pin=3"/></net>

<net id="356"><net_src comp="351" pin="1"/><net_sink comp="229" pin=1"/></net>

<net id="360"><net_src comp="130" pin="1"/><net_sink comp="357" pin=0"/></net>

<net id="361"><net_src comp="357" pin="1"/><net_sink comp="279" pin=1"/></net>

<net id="362"><net_src comp="357" pin="1"/><net_sink comp="214" pin=2"/></net>

<net id="366"><net_src comp="134" pin="1"/><net_sink comp="363" pin=0"/></net>

<net id="367"><net_src comp="363" pin="1"/><net_sink comp="235" pin=4"/></net>

<net id="368"><net_src comp="363" pin="1"/><net_sink comp="271" pin=2"/></net>

<net id="372"><net_src comp="138" pin="1"/><net_sink comp="369" pin=0"/></net>

<net id="373"><net_src comp="369" pin="1"/><net_sink comp="235" pin=1"/></net>

<net id="374"><net_src comp="369" pin="1"/><net_sink comp="279" pin=2"/></net>

<net id="378"><net_src comp="142" pin="1"/><net_sink comp="375" pin=0"/></net>

<net id="379"><net_src comp="375" pin="1"/><net_sink comp="262" pin=4"/></net>

<net id="383"><net_src comp="146" pin="1"/><net_sink comp="380" pin=0"/></net>

<net id="384"><net_src comp="380" pin="1"/><net_sink comp="254" pin=4"/></net>

<net id="388"><net_src comp="156" pin="2"/><net_sink comp="385" pin=0"/></net>

<net id="389"><net_src comp="385" pin="1"/><net_sink comp="271" pin=3"/></net>

<net id="393"><net_src comp="162" pin="2"/><net_sink comp="390" pin=0"/></net>

<net id="394"><net_src comp="390" pin="1"/><net_sink comp="214" pin=1"/></net>

<net id="398"><net_src comp="214" pin="4"/><net_sink comp="395" pin=0"/></net>

<net id="399"><net_src comp="395" pin="1"/><net_sink comp="245" pin=2"/></net>

<net id="403"><net_src comp="168" pin="2"/><net_sink comp="400" pin=0"/></net>

<net id="404"><net_src comp="400" pin="1"/><net_sink comp="245" pin=3"/></net>

<net id="408"><net_src comp="229" pin="3"/><net_sink comp="405" pin=0"/></net>

<net id="409"><net_src comp="405" pin="1"/><net_sink comp="187" pin=2"/></net>

<net id="413"><net_src comp="222" pin="3"/><net_sink comp="410" pin=0"/></net>

<net id="414"><net_src comp="410" pin="1"/><net_sink comp="193" pin=2"/></net>

<net id="418"><net_src comp="174" pin="2"/><net_sink comp="415" pin=0"/></net>

<net id="419"><net_src comp="415" pin="1"/><net_sink comp="262" pin=3"/></net>

<net id="423"><net_src comp="180" pin="2"/><net_sink comp="420" pin=0"/></net>

<net id="424"><net_src comp="420" pin="1"/><net_sink comp="206" pin=2"/></net>

</net_list>

</model> 
---------------- Datapath Model END ------------------

* FSMD analyzer results:
  - Output states:
  - Chain level:
	State 1
		stg_36 : 1
	State 2
	State 3
	State 4
	State 5
	State 6
	State 7
	State 8
	State 9
	State 10
	State 11
	State 12
	State 13
	State 14
		stg_58 : 1
	State 15
	State 16
	State 17
	State 18
	State 19
		tmp : 1
		stg_85 : 2


============================================================
+ Verbose Summary: Datapath Resource usage 
============================================================

* Functional unit list:
|----------|------------------------------------------------------------------|---------|---------|---------|---------|
| Operation|                          Functional Unit                         |  DSP48E |  Delay  |    FF   |   LUT   |
|----------|------------------------------------------------------------------|---------|---------|---------|---------|
|          |                 grp_black_scholes2_expo12_fu_187                 |    26   |  1.571  |   1613  |   2663  |
|          |                 grp_black_scholes2_expo11_fu_193                 |    26   |  1.571  |   1613  |   2663  |
|          |                  grp_black_scholes2_sqrt1_fu_199                 |    0    |    0    |   1896  |   2180  |
|          | grp_black_scholes2_black_scholes2_Block_crit_edge117_proc_fu_206 |    14   |  4.713  |   1212  |   2452  |
|          |  grp_black_scholes2_black_scholes2_Block_crit_edge14_proc_fu_214 |    3    |  3.142  |   573   |   1277  |
|          | grp_black_scholes2_black_scholes2_Block_crit_edge111_proc_fu_222 |    3    |  3.142  |   573   |   1277  |
|   call   | grp_black_scholes2_black_scholes2_Block_crit_edge115_proc_fu_229 |    11   |  1.571  |   509   |   729   |
|          |                grp_black_scholes2_mult2_11_fu_235                |    11   |  3.142  |   445   |   706   |
|          |                grp_black_scholes2_mult2_12_fu_245                |    11   |  3.142  |   445   |   706   |
|          |               grp_black_scholes2_mult2_11_2_fu_254               |    11   |  3.142  |   445   |   706   |
|          |               grp_black_scholes2_mult2_11_3_fu_262               |    11   |  3.142  |   445   |   706   |
|          |               grp_black_scholes2_mult2_11_1_fu_271               |    11   |  1.571  |   445   |   642   |
|          |                  grp_black_scholes2_div_1_fu_279                 |    11   |  1.571  |   381   |   642   |
|          |   tmp_black_scholes2_black_scholes2_Block_crit_edge_proc_fu_285  |    0    |    0    |    0    |    0    |
|----------|------------------------------------------------------------------|---------|---------|---------|---------|
|          |                      sigma_read_read_fu_150                      |    0    |    0    |    0    |    0    |
|          |              gaussian_random_number_read_read_fu_156             |    0    |    0    |    0    |    0    |
|   read   |                        r_read_read_fu_162                        |    0    |    0    |    0    |    0    |
|          |                        T_read_read_fu_168                        |    0    |    0    |    0    |    0    |
|          |                        S_read_read_fu_174                        |    0    |    0    |    0    |    0    |
|          |                        E_read_read_fu_180                        |    0    |    0    |    0    |    0    |
|----------|------------------------------------------------------------------|---------|---------|---------|---------|
|   Total  |                                                                  |   149   |  31.42  |  10595  |  17349  |
|----------|------------------------------------------------------------------|---------|---------|---------|---------|

Memories:
N/A

* Register list:
+-----------------------------------+--------+
|                                   |   FF   |
+-----------------------------------+--------+
|           E_read_reg_420          |   64   |
|           S_read_reg_415          |   64   |
|    T_channel31_channel_reg_321    |   64   |
|     T_channel_channel_reg_339     |   64   |
|           T_read_reg_400          |   64   |
|          call_ret_reg_405         |   64   |
|gaussian_random_number_read_reg_385|   64   |
|        p_channel32_reg_375        |   64   |
|        p_channel35_reg_369        |   64   |
|        p_channel36_reg_345        |   64   |
|        p_channel37_reg_333        |   64   |
|        p_channel38_reg_327        |   64   |
|        p_channel39_reg_315        |   64   |
|        p_channel40_reg_309        |   64   |
|        p_channel41_reg_303        |   64   |
|        p_channel42_reg_297        |   64   |
|         p_channel_reg_380         |   64   |
|     r_channel_channel_reg_351     |   64   |
|           r_read_reg_390          |   64   |
|   sigma_channel_channel_reg_363   |   64   |
|         sigma_read_reg_291        |   64   |
|      tmp3_loc_channel_reg_410     |   64   |
|       tmp_1_channel_reg_357       |   64   |
|     tmp_2_loc_channel_reg_395     |   64   |
+-----------------------------------+--------+
|               Total               |  1536  |
+-----------------------------------+--------+

* Multiplexer (MUX) list: 
|------------------------------------------------------------------|------|------|------|--------||---------||---------|
|                               Comp                               |  Pin | Size |  BW  | S x BW ||  Delay  ||   LUT   |
|------------------------------------------------------------------|------|------|------|--------||---------||---------|
|                 grp_black_scholes2_expo11_fu_193                 |  p2  |   2  |  64  |   128  ||    64   |
| grp_black_scholes2_black_scholes2_Block_crit_edge117_proc_fu_206 |  p2  |   2  |  64  |   128  ||    64   |
|  grp_black_scholes2_black_scholes2_Block_crit_edge14_proc_fu_214 |  p1  |   2  |  64  |   128  ||    64   |
|                grp_black_scholes2_mult2_11_fu_235                |  p2  |   2  |  64  |   128  ||    64   |
|                grp_black_scholes2_mult2_11_fu_235                |  p3  |   2  |  64  |   128  ||    64   |
|                grp_black_scholes2_mult2_12_fu_245                |  p3  |   2  |  64  |   128  ||    64   |
|               grp_black_scholes2_mult2_11_3_fu_262               |  p3  |   2  |  64  |   128  ||    64   |
|               grp_black_scholes2_mult2_11_1_fu_271               |  p3  |   2  |  64  |   128  ||    64   |
|------------------------------------------------------------------|------|------|------|--------||---------||---------|
|                               Total                              |      |      |      |  1024  ||  12.568 ||   512   |
|------------------------------------------------------------------|------|------|------|--------||---------||---------|



* Summary:
+-----------+--------+--------+--------+--------+
|           | DSP48E |  Delay |   FF   |   LUT  |
+-----------+--------+--------+--------+--------+
|  Function |   149  |   31   |  10595 |  17349 |
|   Memory  |    -   |    -   |    -   |    -   |
|Multiplexer|    -   |   12   |    -   |   512  |
|  Register |    -   |    -   |  1536  |    -   |
+-----------+--------+--------+--------+--------+
|   Total   |   149  |   43   |  12131 |  17861 |
+-----------+--------+--------+--------+--------+
